******************************************************************************
               TMS320C6x Linker PC v7.4.20                     
******************************************************************************
>> Linked Wed Mar 15 10:24:03 2017

OUTPUT FILE NAME:   <P1_Correlation_projet.out>
ENTRY POINT SYMBOL: "_c_int00"  address: 00009660


MEMORY CONFIGURATION

         name            origin    length      used     unused   attr    fill
----------------------  --------  ---------  --------  --------  ----  --------
  IVECS                 00000000   00000220  00000200  00000020  RWIX
  IRAM                  00000220   0002fde0  00009c32  000261ae  RWIX
  SDRAM                 80000000   01000000  00000000  01000000  RWIX
  FLASH                 90000000   00020000  00000000  00020000  RWIX


SECTION ALLOCATION MAP

 output                                  attributes/
section   page    origin      length       input sections
--------  ----  ----------  ----------   ----------------
.vectors   0    00000000    00000200     
                  00000000    00000200     Vectors_intr.obj (.vectors)

.bss       0    00000220    00000000     UNINITIALIZED

.stack     0    00000220    00008000     UNINITIALIZED
                  00000220    00000008     rts6700.lib : boot.obj (.stack)
                  00000228    00007ff8     --HOLE--

.text      0    00008220    00001640     
                  00008220    00000480     dsk6713bsl.lib : dsk6713.obj (.text)
                  000086a0    00000320                    : dsk6713_aic23_opencodec.obj (.text)
                  000089c0    00000240     rts6700.lib : memcpy62.obj (.text:_memcpy)
                  00008c00    000001a0     csl6713.lib : csl_mcbsp.obj (.text:_MCBSP_reset)
                  00008da0    00000160     dsk6713bsl.lib : dsk6713_aic23_registers.obj (.text)
                  00008f00    00000100     csl6713.lib : csl_mcbsp.obj (.text:_MCBSP_open)
                  00009000    00000100                 : csl_mcbsp.obj (.text:_MCBSP_start)
                  00009100    00000100     rts6700.lib : autoinit.obj (.text:__auto_init)
                  00009200    000000e0                 : strasg.obj (.text:__strasg)
                  000092e0    000000e0                 : exit.obj (.text:_exit)
                  000093c0    000000c0                 : cpy_tbl.obj (.text:_copy_in)
                  00009480    000000c0     dsk6713bsl.lib : dsk6713_aic23_setfreq.obj (.text)
                  00009540    000000a0     csl6713.lib : csl_mcbsp.obj (.text:_MCBSP_close)
                  000095e0    00000080     rts6700.lib : cpp_init.obj (.text:___TI_cpp_init)
                  00009660    00000080                 : boot.obj (.text:_c_int00)
                  000096e0    00000080     dsk6713bsl.lib : dsk6713_aic23_closecodec.obj (.text)
                  00009760    00000040     P1_correlation.obj (.text)
                  000097a0    00000040     rts6700.lib : args_main.obj (.text:__args_main)
                  000097e0    00000020     Vectors_intr.obj (.text)
                  00009800    00000020     rts6700.lib : exit.obj (.text:_abort)
                  00009820    00000020     csl6713.lib : csl_irq.obj (.text)
                  00009840    00000020     main_correlation.obj (.text)

.far       0    00009880    000002e6     UNINITIALIZED
                  00009880    00000104     main_correlation.obj (.far)
                  00009984    000000f4     csl6713.lib : csl_irq.obj (.far)
                  00009a78    00000058     C6713Helper_UdeS.obj (.far)
                  00009ad0    00000038     csl6713.lib : csl_mcbsp.obj (.far)
                  00009b08    00000028     dsk6713bsl.lib : dsk6713_aic23_registers.obj (.far)
                  00009b30    00000020                    : dsk6713_aic23_setfreq.obj (.far)
                  00009b50    0000000c     rts6700.lib : exit.obj (.far)
                  00009b5c    00000008     dsk6713bsl.lib : dsk6713_aic23_opencodec.obj (.far)
                  00009b64    00000002                    : dsk6713.obj (.far)

.cinit     0    00009b68    000002ac     
                  00009b68    0000012c     csl6713.lib : csl_irq.obj (.cinit)
                  00009c94    00000004     --HOLE-- [fill = 0]
                  00009c98    00000058     C6713Helper_UdeS.obj (.cinit)
                  00009cf0    00000054     csl6713.lib : csl_mcbsp.obj (.cinit)
                  00009d44    00000004     --HOLE-- [fill = 0]
                  00009d48    0000003c     main_correlation.obj (.cinit)
                  00009d84    00000004     --HOLE-- [fill = 0]
                  00009d88    00000030     dsk6713bsl.lib : dsk6713_aic23_registers.obj (.cinit)
                  00009db8    0000002c     rts6700.lib : exit.obj (.cinit)
                  00009de4    00000004     --HOLE-- [fill = 0]
                  00009de8    00000028     dsk6713bsl.lib : dsk6713_aic23_setfreq.obj (.cinit)
                  00009e10    00000004     --HOLE-- [fill = 0]

.const     0    00009e14    00000060     
                  00009e14    00000040     dsk6713bsl.lib : dsk6713_aic23_opencodec.obj (.const)
                  00009e54    00000020                    : dsk6713.obj (.const)


GLOBAL SYMBOLS: SORTED ALPHABETICALLY BY Name 

address    name
--------   ----
00000220   $bss
00000220   .bss
00008220   .text
00009800   C$$EXIT
00009aac   _AIC23CfgData
00009888   _AIC23_data
00009a80   _AIC_data
000096e0   _DSK6713_AIC23_closeCodec
00009b5c   _DSK6713_AIC23_codeccontrolhandle
00009b60   _DSK6713_AIC23_codecdatahandle
00008e60   _DSK6713_AIC23_config
000086a0   _DSK6713_AIC23_openCodec
00008e3c   _DSK6713_AIC23_rget
00008da0   _DSK6713_AIC23_rset
00009480   _DSK6713_AIC23_setFreq
00008634   _DSK6713_getVersion
0000826c   _DSK6713_init
00008588   _DSK6713_rget
0000859c   _DSK6713_rset
00009b64   _DSK6713_version
000085b0   _DSK6713_wait
00008608   _DSK6713_waitusec
00009540   _MCBSP_close
00008f00   _MCBSP_open
00008c00   _MCBSP_reset
00009000   _MCBSP_start
00009760   _P1_correlation
00009a70   __IRQ_dispatchTable
000099ac   __IRQ_eventTable
00009820   __IRQ_hookFetchPacket
00009a30   __IRQ_intTable
00009b00   __MCBSP_hDev0
00009b04   __MCBSP_hDev1
00008220   __STACK_END
00008000   __STACK_SIZE
00000001   __TI_args_main
000095e0   ___TI_cpp_init
00009b58   ___TI_enable_exit_profile_output
ffffffff   ___TI_pprof_out_hndl
ffffffff   ___TI_prof_data_size
ffffffff   ___TI_prof_data_start
ffffffff   ___binit__
00000220   ___bss__
ffffffff   ___c_args__
00009b68   ___cinit__
00000220   ___end__
00009860   ___etext__
ffffffff   ___pinit__
00008220   ___text__
000097a0   __args_main
00009100   __auto_init
00009b50   __cleanup_ptr
00009b54   __dtors_ptr
00000220   __stack
00009200   __strasg
00009800   _abort
00009660   _c_int00
UNDEFED    _c_int11
00009a84   _config
000093c0   _copy_in
000092e0   _exit
00009880   _fs
00009acc   _hAIC23_handle
00009884   _inputsource
00009840   _main
000089c0   _memcpy
00009980   _pTampon
00009900   _tampon
00000020   _vector1
00000140   _vector10
00000180   _vector12
000001a0   _vector13
000001c0   _vector14
000001e0   _vector15
00000040   _vector2
00000060   _vector3
00000080   _vector4
000000a0   _vector5
000000c0   _vector6
000000e0   _vector7
00000100   _vector8
00000120   _vector9
00000000   _vectors
ffffffff   binit
00009b68   cinit
00000220   end
00009860   etext
ffffffff   pinit


GLOBAL SYMBOLS: SORTED BY Symbol Address 

address    name
--------   ----
00000000   _vectors
00000001   __TI_args_main
00000020   _vector1
00000040   _vector2
00000060   _vector3
00000080   _vector4
000000a0   _vector5
000000c0   _vector6
000000e0   _vector7
00000100   _vector8
00000120   _vector9
00000140   _vector10
00000180   _vector12
000001a0   _vector13
000001c0   _vector14
000001e0   _vector15
00000220   $bss
00000220   .bss
00000220   ___bss__
00000220   ___end__
00000220   __stack
00000220   end
00008000   __STACK_SIZE
00008220   .text
00008220   __STACK_END
00008220   ___text__
0000826c   _DSK6713_init
00008588   _DSK6713_rget
0000859c   _DSK6713_rset
000085b0   _DSK6713_wait
00008608   _DSK6713_waitusec
00008634   _DSK6713_getVersion
000086a0   _DSK6713_AIC23_openCodec
000089c0   _memcpy
00008c00   _MCBSP_reset
00008da0   _DSK6713_AIC23_rset
00008e3c   _DSK6713_AIC23_rget
00008e60   _DSK6713_AIC23_config
00008f00   _MCBSP_open
00009000   _MCBSP_start
00009100   __auto_init
00009200   __strasg
000092e0   _exit
000093c0   _copy_in
00009480   _DSK6713_AIC23_setFreq
00009540   _MCBSP_close
000095e0   ___TI_cpp_init
00009660   _c_int00
000096e0   _DSK6713_AIC23_closeCodec
00009760   _P1_correlation
000097a0   __args_main
00009800   C$$EXIT
00009800   _abort
00009820   __IRQ_hookFetchPacket
00009840   _main
00009860   ___etext__
00009860   etext
00009880   _fs
00009884   _inputsource
00009888   _AIC23_data
00009900   _tampon
00009980   _pTampon
000099ac   __IRQ_eventTable
00009a30   __IRQ_intTable
00009a70   __IRQ_dispatchTable
00009a80   _AIC_data
00009a84   _config
00009aac   _AIC23CfgData
00009acc   _hAIC23_handle
00009b00   __MCBSP_hDev0
00009b04   __MCBSP_hDev1
00009b50   __cleanup_ptr
00009b54   __dtors_ptr
00009b58   ___TI_enable_exit_profile_output
00009b5c   _DSK6713_AIC23_codeccontrolhandle
00009b60   _DSK6713_AIC23_codecdatahandle
00009b64   _DSK6713_version
00009b68   ___cinit__
00009b68   cinit
ffffffff   ___TI_pprof_out_hndl
ffffffff   ___TI_prof_data_size
ffffffff   ___TI_prof_data_start
ffffffff   ___binit__
ffffffff   ___c_args__
ffffffff   ___pinit__
ffffffff   binit
ffffffff   pinit
UNDEFED    _c_int11

[88 symbols]
