******************************************************************************
               TMS320C6x Linker PC v7.4.20                     
******************************************************************************
>> Linked Thu Feb 09 10:33:52 2017

OUTPUT FILE NAME:   <Projet_S5_P1.out>
ENTRY POINT SYMBOL: "_c_int00"  address: 00021620


MEMORY CONFIGURATION

         name            origin    length      used     unused   attr    fill
----------------------  --------  ---------  --------  --------  ----  --------
  IVECS                 00000000   00000220  00000000  00000220  RWIX
  IRAM                  00000220   0002fde0  00022528  0000d8b8  RWIX
  SDRAM                 80000000   01000000  00000000  01000000  RWIX
  FLASH                 90000000   00020000  00000000  00020000  RWIX


SECTION ALLOCATION MAP

 output                                  attributes/
section   page    origin      length       input sections
--------  ----  ----------  ----------   ----------------
.bss       0    00000220    00000000     UNINITIALIZED

.far       0    00000220    00018054     UNINITIALIZED
                  00000220    00018002     main.obj (.far)
                  00018222    00000006     --HOLE--
                  00018228    00000040     rts6700.lib : sin.obj (.far)
                  00018268    0000000c                 : exit.obj (.far)

.cinit     0    00018278    00008094     
                  00018278    00008012     main.obj (.cinit)
                  0002028a    00000006     --HOLE-- [fill = 0]
                  00020290    00000048     rts6700.lib : sin.obj (.cinit)
                  000202d8    0000002c                 : exit.obj (.cinit)
                  00020304    00000004     --HOLE-- [fill = 0]
                  00020308    00000004     (.pad.cinit) [fill = 0]

.text      0    00020320    00001440     
                  00020320    000004e0     dsp67x.lib : DSPF_sp_cfftr2_dit.obj (.text)
                  00020800    00000300     rts6700.lib : divf.obj (.text:__divf)
                  00020b00    000002e0                 : sin.obj (.text:_sin)
                  00020de0    00000240                 : memcpy62.obj (.text:_memcpy)
                  00021020    00000120     main.obj (.text)
                  00021140    00000100     rts6700.lib : autoinit.obj (.text:__auto_init)
                  00021240    000000e0                 : round.obj (.text:__nround)
                  00021320    000000e0                 : exit.obj (.text:_exit)
                  00021400    000000e0                 : modf.obj (.text:_modf)
                  000214e0    000000c0                 : cpy_tbl.obj (.text:_copy_in)
                  000215a0    00000080                 : cpp_init.obj (.text:___TI_cpp_init)
                  00021620    00000080                 : boot.obj (.text:_c_int00)
                  000216a0    00000040                 : args_main.obj (.text:__args_main)
                  000216e0    00000040                 : trunc.obj (.text:__trunc)
                  00021720    00000020     Assembleur.obj (.text)
                  00021740    00000020     rts6700.lib : exit.obj (.text:_abort)

.stack     0    00021760    00001000     UNINITIALIZED
                  00021760    00000008     rts6700.lib : boot.obj (.stack)
                  00021768    00000ff8     --HOLE--


GLOBAL SYMBOLS: SORTED ALPHABETICALLY BY Name 

address    name
--------   ----
00000220   $bss
00000220   .bss
00020320   .text
00021740   C$$EXIT
00020320   _DSPF_sp_cfftr2_dit
00021720   _SubEntierNonSigne32bits
00022760   __STACK_END
00001000   __STACK_SIZE
00000001   __TI_args_main
000215a0   ___TI_cpp_init
00018270   ___TI_enable_exit_profile_output
ffffffff   ___TI_pprof_out_hndl
ffffffff   ___TI_prof_data_size
ffffffff   ___TI_prof_data_start
ffffffff   ___binit__
00000220   ___bss__
ffffffff   ___c_args__
00018278   ___cinit__
00000220   ___end__
00021760   ___etext__
ffffffff   ___pinit__
00020320   ___text__
000216a0   __args_main
00021140   __auto_init
00018268   __cleanup_ptr
00020800   __divf
0001826c   __dtors_ptr
00021240   __nround
00021760   __stack
000216e0   __trunc
00008220   _a
00021740   _abort
00018220   _c
00021620   _c_int00
000214e0   _copy_in
00021320   _exit
00021020   _main
00020de0   _memcpy
00021400   _modf
00020b00   _sin
00000220   _w
ffffffff   binit
00018278   cinit
00000220   end
00021760   etext
ffffffff   pinit


GLOBAL SYMBOLS: SORTED BY Symbol Address 

address    name
--------   ----
00000001   __TI_args_main
00000220   $bss
00000220   .bss
00000220   ___bss__
00000220   ___end__
00000220   _w
00000220   end
00001000   __STACK_SIZE
00008220   _a
00018220   _c
00018268   __cleanup_ptr
0001826c   __dtors_ptr
00018270   ___TI_enable_exit_profile_output
00018278   ___cinit__
00018278   cinit
00020320   .text
00020320   _DSPF_sp_cfftr2_dit
00020320   ___text__
00020800   __divf
00020b00   _sin
00020de0   _memcpy
00021020   _main
00021140   __auto_init
00021240   __nround
00021320   _exit
00021400   _modf
000214e0   _copy_in
000215a0   ___TI_cpp_init
00021620   _c_int00
000216a0   __args_main
000216e0   __trunc
00021720   _SubEntierNonSigne32bits
00021740   C$$EXIT
00021740   _abort
00021760   ___etext__
00021760   __stack
00021760   etext
00022760   __STACK_END
ffffffff   ___TI_pprof_out_hndl
ffffffff   ___TI_prof_data_size
ffffffff   ___TI_prof_data_start
ffffffff   ___binit__
ffffffff   ___c_args__
ffffffff   ___pinit__
ffffffff   binit
ffffffff   pinit

[46 symbols]
