******************************************************************************
               TMS320C6x Linker PC v7.4.20                     
******************************************************************************
>> Linked Mon Apr 17 14:40:27 2017

OUTPUT FILE NAME:   <Projet_S5_P1v1.out>
ENTRY POINT SYMBOL: "_c_int00"  address: 00014740


MEMORY CONFIGURATION

         name            origin    length      used     unused   attr    fill
----------------------  --------  ---------  --------  --------  ----  --------
  IVECS                 00000000   00000220  00000200  00000020  RWIX
  IRAM                  00000220   0002fde0  00018830  000175b0  RWIX
  SDRAM                 80000000   01000000  00000000  01000000  RWIX
  FLASH                 90000000   00020000  00000000  00020000  RWIX


SECTION ALLOCATION MAP

 output                                  attributes/
section   page    origin      length       input sections
--------  ----  ----------  ----------   ----------------
.vectors   0    00000000    00000200     
                  00000000    00000200     Vectors_intr.obj (.vectors)

.bss       0    00000220    00000000     UNINITIALIZED

.far       0    00000220    0000ea64     UNINITIALIZED
                  00000220    0000e79c     TraitementSignal.obj (.far)
                  0000e9bc    000000f4     csl6713.lib : csl_irq.obj (.far)
                  0000eab0    00000058     C6713Helper_UdeS.obj (.far)
                  0000eb08    00000048     SPI_driver.obj (.far)
                  0000eb50    00000038     csl6713.lib : csl_mcbsp.obj (.far)
                  0000eb88    00000028                 : csl.obj (.far)
                  0000ebb0    00000028     dsk6713bsl.lib : dsk6713_aic23_registers.obj (.far)
                  0000ebd8    00000028     main.obj (.far)
                  0000ec00    00000024     csl6713.lib : csl_gpio.obj (.far)
                  0000ec24    00000024                 : csl_timer.obj (.far)
                  0000ec48    00000020     dsk6713bsl.lib : dsk6713_aic23_setfreq.obj (.far)
                  0000ec68    0000000c     rts6700.lib : exit.obj (.far)
                  0000ec74    00000008     dsk6713bsl.lib : dsk6713_aic23_opencodec.obj (.far)
                  0000ec7c    00000004     Config.obj (.far)
                  0000ec80    00000002     dsk6713bsl.lib : dsk6713.obj (.far)
                  0000ec82    00000002                    : dsk6713_led.obj (.far)

.text      0    0000eca0    00006060     
                  0000eca0    00001700     TraitementSignal.obj (.text)
                  000103a0    000007e0     C6713Helper_UdeS.obj (.text)
                  00010b80    000007e0     SPI_driver.obj (.text)
                  00011360    000004e0     dsp67x.lib : DSPF_sp_cfftr2_dit.obj (.text)
                  00011840    00000480     dsk6713bsl.lib : dsk6713.obj (.text)
                  00011cc0    00000320                    : dsk6713_aic23_opencodec.obj (.text)
                  00011fe0    00000260     dsp67x.lib : DSPF_sp_bitrev_cplx.obj (.text)
                  00012240    00000240     rts6700.lib : memcpy62.obj (.text:_memcpy)
                  00012480    00000240     bitrev_index.obj (.text)
                  000126c0    00000220     csl6713.lib : csl.obj (.text:__CSL_init)
                  000128e0    000001e0     main.obj (.text)
                  00012ac0    000001c0     csl6713.lib : csl_irq.obj (.text:_IRQ_map)
                  00012c80    000001c0                 : csl_irq.obj (.text:_mux2Tables)
                  00012e40    000001a0                 : csl_mcbsp.obj (.text:_MCBSP_reset)
                  00012fe0    000001a0     dsk6713bsl.lib : dsk6713_led.obj (.text)
                  00013180    00000160                    : dsk6713_aic23_registers.obj (.text)
                  000132e0    00000140     csl6713.lib : csl_timer.obj (.text:_TIMER_open)
                  00013420    00000140     rts6700.lib : strasg.obj (.text:__strasgi)
                  00013560    00000140     main.obj (.text:retain)
                  000136a0    00000120     csl6713.lib : csl_timer.obj (.text:_TIMER_reset)
                  000137c0    00000120     rts6700.lib : divi.obj (.text:__divi)
                  000138e0    00000100     Config.obj (.text)
                  000139e0    00000100     csl6713.lib : csl_mcbsp.obj (.text:_MCBSP_open)
                  00013ae0    00000100                 : csl_mcbsp.obj (.text:_MCBSP_start)
                  00013be0    00000100     rts6700.lib : autoinit.obj (.text:__auto_init)
                  00013ce0    000000e0                 : strasg.obj (.text:__strasg)
                  00013dc0    000000e0                 : exit.obj (.text:_exit)
                  00013ea0    000000e0     dsk6713bsl.lib : dsk6713_aic23_outgain.obj (.text)
                  00013f80    000000c0     csl6713.lib : csl_gpio.obj (.text:_GPIO_open)
                  00014040    000000c0                 : csl_gpio.obj (.text:_GPIO_reset)
                  00014100    000000c0     rts6700.lib : cpy_tbl.obj (.text:_copy_in)
                  000141c0    000000c0     dsk6713bsl.lib : dsk6713_aic23_setfreq.obj (.text)
                  00014280    000000a0     CorrX.obj (.text)
                  00014320    000000a0     csl6713.lib : csl_gpio.obj (.text:_GPIO_intPolarity)
                  000143c0    000000a0                 : csl_mcbsp.obj (.text:_MCBSP_close)
                  00014460    000000a0                 : csl_mcbsp.obj (.text:_MCBSP_config)
                  00014500    000000a0                 : csl_irq.obj (.text:__IRQ_init)
                  000145a0    000000a0                 : csl_irq.obj (.text:_setMux)
                  00014640    00000080     Corr.obj (.text)
                  000146c0    00000080     rts6700.lib : cpp_init.obj (.text:___TI_cpp_init)
                  00014740    00000080                 : boot.obj (.text:_c_int00)
                  000147c0    00000080     dsk6713bsl.lib : dsk6713_aic23_closecodec.obj (.text)
                  00014840    00000080                    : dsk6713_dip.obj (.text)
                  000148c0    00000080     enableInterrupts.obj (.text)
                  00014940    00000060     csl6713.lib : csl_gpio.obj (.text:_GPIO_pinDirection)
                  000149a0    00000040                 : csl_gpio.obj (.text:_GPIO_pinEnable)
                  000149e0    00000040                 : csl_gpio.obj (.text:_GPIO_write)
                  00014a20    00000040                 : csl_irq.obj (.text:_IRQ_enable)
                  00014a60    00000040                 : csl_irq.obj (.text:_IRQ_reset)
                  00014aa0    00000040     rts6700.lib : args_main.obj (.text:__args_main)
                  00014ae0    00000040     SPI_driver.obj (.text:retain)
                  00014b20    00000020     Vectors_intr.obj (.text)
                  00014b40    00000020     csl6713.lib : csl.obj (.text:_CSL6713_LIB_)
                  00014b60    00000020                 : csl_irq.obj (.text:_IRQ_clear)
                  00014b80    00000020                 : csl_irq.obj (.text:_IRQ_globalDisable)
                  00014ba0    00000020                 : csl_irq.obj (.text:_IRQ_globalEnable)
                  00014bc0    00000020                 : csl_irq.obj (.text:_IRQ_nmiEnable)
                  00014be0    00000020                 : csl_irq.obj (.text:_IRQ_set)
                  00014c00    00000020                 : csl_irq.obj (.text:_IRQ_setVecs)
                  00014c20    00000020                 : csl_mcbsp.obj (.text:_MCBSP_getXmtEventId)
                  00014c40    00000020                 : csl_mcbsp.obj (.text:_MCBSP_read)
                  00014c60    00000020                 : csl_mcbsp.obj (.text:_MCBSP_rrdy)
                  00014c80    00000020                 : csl_mcbsp.obj (.text:_MCBSP_write)
                  00014ca0    00000020                 : csl_mcbsp.obj (.text:_MCBSP_xrdy)
                  00014cc0    00000020     rts6700.lib : exit.obj (.text:_abort)
                  00014ce0    00000020     csl6713.lib : csl_irq.obj (.text)

.cinit     0    00014d00    00002c2c     
                  00014d00    000027fc     TraitementSignal.obj (.cinit)
                  000174fc    00000004     --HOLE-- [fill = 0]
                  00017500    0000012c     csl6713.lib : csl_irq.obj (.cinit)
                  0001762c    00000004     --HOLE-- [fill = 0]
                  00017630    0000009c     main.obj (.cinit)
                  000176cc    00000004     --HOLE-- [fill = 0]
                  000176d0    00000058     C6713Helper_UdeS.obj (.cinit)
                  00017728    00000054     csl6713.lib : csl_mcbsp.obj (.cinit)
                  0001777c    00000004     --HOLE-- [fill = 0]
                  00017780    0000004c                 : csl_timer.obj (.cinit)
                  000177cc    00000004     --HOLE-- [fill = 0]
                  000177d0    00000044     SPI_driver.obj (.cinit)
                  00017814    00000004     --HOLE-- [fill = 0]
                  00017818    00000044     csl6713.lib : csl_gpio.obj (.cinit)
                  0001785c    00000004     --HOLE-- [fill = 0]
                  00017860    0000003c                 : csl.obj (.cinit)
                  0001789c    00000004     --HOLE-- [fill = 0]
                  000178a0    00000030     dsk6713bsl.lib : dsk6713_aic23_registers.obj (.cinit)
                  000178d0    0000002c     rts6700.lib : exit.obj (.cinit)
                  000178fc    00000004     --HOLE-- [fill = 0]
                  00017900    00000028     dsk6713bsl.lib : dsk6713_aic23_setfreq.obj (.cinit)
                  00017928    00000004     --HOLE-- [fill = 0]

.stack     0    00017930    00001000     UNINITIALIZED
                  00017930    00000008     rts6700.lib : boot.obj (.stack)
                  00017938    00000ff8     --HOLE--

.const     0    00018930    000000a4     
                  00018930    00000044     TraitementSignal.obj (.const:_$P$T0$3)
                  00018974    00000040     dsk6713bsl.lib : dsk6713_aic23_opencodec.obj (.const)
                  000189b4    00000020                    : dsk6713.obj (.const)

.switch    0    000189d4    0000009c     
                  000189d4    0000005c     TraitementSignal.obj (.switch:_Traitement2)
                  00018a30    00000040     TraitementSignal.obj (.switch:_faireAction)


GLOBAL SYMBOLS: SORTED ALPHABETICALLY BY Name 

address    name
--------   ----
00000220   $bss
00000220   .bss
0000eca0   .text
00014cc0   C$$EXIT
0000eae4   _AIC23CfgData
00013924   _AIC23_Config
0000eab8   _AIC_data
0000eca0   _Acquisition
0000ebf0   _AcquisitionEnCours
000103d4   _CODEC_start
000104a0   _CODEC_stop
00014b40   _CSL6713_LIB_
0000ebf4   _CharIn
00014640   _Corr_asm
00014280   _Corrx_asm
000147c0   _DSK6713_AIC23_closeCodec
0000ec74   _DSK6713_AIC23_codeccontrolhandle
0000ec78   _DSK6713_AIC23_codecdatahandle
00013240   _DSK6713_AIC23_config
00011cc0   _DSK6713_AIC23_openCodec
00013ea0   _DSK6713_AIC23_outGain
0001321c   _DSK6713_AIC23_rget
00013180   _DSK6713_AIC23_rset
000141c0   _DSK6713_AIC23_setFreq
000138e0   _DSK6713_Config
00014848   _DSK6713_DIP_get
00014840   _DSK6713_DIP_init
00012fe0   _DSK6713_LED_init
00013008   _DSK6713_LED_off
00013064   _DSK6713_LED_on
000130c0   _DSK6713_LED_toggle
00011c54   _DSK6713_getVersion
0001188c   _DSK6713_init
00011ba8   _DSK6713_rget
00011bbc   _DSK6713_rset
0000ec80   _DSK6713_version
00011bd0   _DSK6713_wait
00011c28   _DSK6713_waitusec
00011fe0   _DSPF_sp_bitrev_cplx
00011360   _DSPF_sp_cfftr2_dit
00014320   _GPIO_intPolarity
00013f80   _GPIO_open
00014940   _GPIO_pinDirection
000149a0   _GPIO_pinEnable
00014040   _GPIO_reset
000149e0   _GPIO_write
00014b60   _IRQ_clear
00014a20   _IRQ_enable
00014b80   _IRQ_globalDisable
00014ba0   _IRQ_globalEnable
00012ac0   _IRQ_map
00014bc0   _IRQ_nmiEnable
00014a60   _IRQ_reset
00014be0   _IRQ_set
00014c00   _IRQ_setVecs
0000eb2c   _MCBSP_SPI_Config
00010eb4   _MCBSP_SPI_init
000143c0   _MCBSP_close
00014460   _MCBSP_config
00014c20   _MCBSP_getXmtEventId
000139e0   _MCBSP_open
00014c40   _MCBSP_read
00012e40   _MCBSP_reset
00014c60   _MCBSP_rrdy
00013ae0   _MCBSP_start
00014c80   _MCBSP_write
00014ca0   _MCBSP_xrdy
0000eb28   _MySpiHandle
0000eb24   _My_GPIO
0000eb20   _My_McBSP
0000e9ac   _NoEch
0000ebec   _NoSignalEnr
0000eb14   _Record
000029a4   _ResCorr
00011094   _SPI_READ_DATA
00010fac   _SPI_WRITE_DATA
00010bc8   _SPI_config
000029a0   _SeuilDetect
0000fbf0   _Smooth
0000ed98   _SweepGeneration
00000220   _SweepSamples
000132e0   _TIMER_open
000136a0   _TIMER_reset
000029a8   _TabAcq
000089a8   _TabCorr0
00008da8   _TabCorr1
0000b1a8   _TabCorr10
0000b5a8   _TabCorr11
0000b9a8   _TabCorr12
0000bda8   _TabCorr13
0000c1a8   _TabCorr14
0000c5a8   _TabCorr15
000091a8   _TabCorr2
000095a8   _TabCorr3
000099a8   _TabCorr4
00009da8   _TabCorr5
0000a1a8   _TabCorr6
0000a5a8   _TabCorr7
0000a9a8   _TabCorr8
0000ada8   _TabCorr9
000069a8   _TabMoyenne
000079a8   _TabSmooth
00013958   _Timer1_ConfigStart
000139bc   _Timer1_ResetStart
0000ebd8   _Timer1sec
0000eb18   _Timer_Record
0000ee58   _Traitement1
0000eeec   _Traitement2
0000eb10   _UnDrapeau
000126c0   __CSL_init
0000ec0c   __GPIO_intTable
0000eaa8   __IRQ_dispatchTable
0000e9e4   __IRQ_eventTable
00014ce0   __IRQ_hookFetchPacket
00014500   __IRQ_init
0000ea68   __IRQ_intTable
0000eb80   __MCBSP_hDev0
0000eb84   __MCBSP_hDev1
00018930   __STACK_END
00001000   __STACK_SIZE
0000ec24   __TIMER_deviceTable
0000ec44   __TIMER_hBios
0000ec3c   __TIMER_hDev0
0000ec40   __TIMER_hDev1
00000001   __TI_args_main
000146c0   ___TI_cpp_init
0000ec70   ___TI_enable_exit_profile_output
ffffffff   ___TI_pprof_out_hndl
ffffffff   ___TI_prof_data_size
ffffffff   ___TI_prof_data_start
ffffffff   ___binit__
00000220   ___bss__
ffffffff   ___c_args__
00014d00   ___cinit__
00000220   ___end__
00014d00   ___etext__
ffffffff   ___pinit__
0000eca0   ___text__
00014aa0   __args_main
00013be0   __auto_init
000137c0   __c6xabi_divi
00013420   __c6xabi_strasgi
0000ec68   __cleanup_ptr
000137c0   __divi
0000ec6c   __dtors_ptr
0000ec20   __hGpioDev0
00017930   __stack
00013ce0   __strasg
00013420   __strasgi
00014cc0   _abort
00012480   _bitrev_index
00014740   _c_int00
00013560   _c_int11
000135e4   _c_int15
00014ae0   _c_int4
00010a40   _comm_intr
000103a0   _comm_poll
0000eabc   _config
00014100   _copy_in
0000eb4c   _cpt1
000148c0   _enableInterrupts
00013dc0   _exit
0000f788   _faireAction
0000ff74   _faireCorrelation
0000f9d0   _faireFFT
0000faf4   _faireMoyenne
0000ebdc   _fs
0000eb04   _hAIC23_handle
0000ec7c   _hCodec
0000c9a8   _index
00012a34   _initGPIO
0000fdb0   _initTraitementSignal
0001116c   _init_ext_intr
000108b0   _input_left_sample
00010978   _input_right_sample
000107ac   _input_sample
0000ebe0   _inputsource
0000ebe4   _interrupt11Flag
0000ebe8   _interrupt15Flag
0000eb1c   _interrupt4Flag
000128e0   _main
00012240   _memcpy
0000eb0b   _message
0000eb0c   _message_treated
000105ec   _output_left_sample
000106cc   _output_right_sample
000104d0   _output_sample
0000e9b0   _resPrecedent
0000eb0a   _sample
0000eb08   _sample16
000009a0   _twiddly
00000020   _vector1
00000140   _vector10
00000180   _vector12
000001a0   _vector13
00000040   _vector2
00000060   _vector3
000000a0   _vector5
000000c0   _vector6
000000e0   _vector7
00000100   _vector8
00000120   _vector9
00000000   _vectors
ffffffff   binit
00014d00   cinit
00000220   end
00014d00   etext
ffffffff   pinit


GLOBAL SYMBOLS: SORTED BY Symbol Address 

address    name
--------   ----
00000000   _vectors
00000001   __TI_args_main
00000020   _vector1
00000040   _vector2
00000060   _vector3
000000a0   _vector5
000000c0   _vector6
000000e0   _vector7
00000100   _vector8
00000120   _vector9
00000140   _vector10
00000180   _vector12
000001a0   _vector13
00000220   $bss
00000220   .bss
00000220   _SweepSamples
00000220   ___bss__
00000220   ___end__
00000220   end
000009a0   _twiddly
00001000   __STACK_SIZE
000029a0   _SeuilDetect
000029a4   _ResCorr
000029a8   _TabAcq
000069a8   _TabMoyenne
000079a8   _TabSmooth
000089a8   _TabCorr0
00008da8   _TabCorr1
000091a8   _TabCorr2
000095a8   _TabCorr3
000099a8   _TabCorr4
00009da8   _TabCorr5
0000a1a8   _TabCorr6
0000a5a8   _TabCorr7
0000a9a8   _TabCorr8
0000ada8   _TabCorr9
0000b1a8   _TabCorr10
0000b5a8   _TabCorr11
0000b9a8   _TabCorr12
0000bda8   _TabCorr13
0000c1a8   _TabCorr14
0000c5a8   _TabCorr15
0000c9a8   _index
0000e9ac   _NoEch
0000e9b0   _resPrecedent
0000e9e4   __IRQ_eventTable
0000ea68   __IRQ_intTable
0000eaa8   __IRQ_dispatchTable
0000eab8   _AIC_data
0000eabc   _config
0000eae4   _AIC23CfgData
0000eb04   _hAIC23_handle
0000eb08   _sample16
0000eb0a   _sample
0000eb0b   _message
0000eb0c   _message_treated
0000eb10   _UnDrapeau
0000eb14   _Record
0000eb18   _Timer_Record
0000eb1c   _interrupt4Flag
0000eb20   _My_McBSP
0000eb24   _My_GPIO
0000eb28   _MySpiHandle
0000eb2c   _MCBSP_SPI_Config
0000eb4c   _cpt1
0000eb80   __MCBSP_hDev0
0000eb84   __MCBSP_hDev1
0000ebd8   _Timer1sec
0000ebdc   _fs
0000ebe0   _inputsource
0000ebe4   _interrupt11Flag
0000ebe8   _interrupt15Flag
0000ebec   _NoSignalEnr
0000ebf0   _AcquisitionEnCours
0000ebf4   _CharIn
0000ec0c   __GPIO_intTable
0000ec20   __hGpioDev0
0000ec24   __TIMER_deviceTable
0000ec3c   __TIMER_hDev0
0000ec40   __TIMER_hDev1
0000ec44   __TIMER_hBios
0000ec68   __cleanup_ptr
0000ec6c   __dtors_ptr
0000ec70   ___TI_enable_exit_profile_output
0000ec74   _DSK6713_AIC23_codeccontrolhandle
0000ec78   _DSK6713_AIC23_codecdatahandle
0000ec7c   _hCodec
0000ec80   _DSK6713_version
0000eca0   .text
0000eca0   _Acquisition
0000eca0   ___text__
0000ed98   _SweepGeneration
0000ee58   _Traitement1
0000eeec   _Traitement2
0000f788   _faireAction
0000f9d0   _faireFFT
0000faf4   _faireMoyenne
0000fbf0   _Smooth
0000fdb0   _initTraitementSignal
0000ff74   _faireCorrelation
000103a0   _comm_poll
000103d4   _CODEC_start
000104a0   _CODEC_stop
000104d0   _output_sample
000105ec   _output_left_sample
000106cc   _output_right_sample
000107ac   _input_sample
000108b0   _input_left_sample
00010978   _input_right_sample
00010a40   _comm_intr
00010bc8   _SPI_config
00010eb4   _MCBSP_SPI_init
00010fac   _SPI_WRITE_DATA
00011094   _SPI_READ_DATA
0001116c   _init_ext_intr
00011360   _DSPF_sp_cfftr2_dit
0001188c   _DSK6713_init
00011ba8   _DSK6713_rget
00011bbc   _DSK6713_rset
00011bd0   _DSK6713_wait
00011c28   _DSK6713_waitusec
00011c54   _DSK6713_getVersion
00011cc0   _DSK6713_AIC23_openCodec
00011fe0   _DSPF_sp_bitrev_cplx
00012240   _memcpy
00012480   _bitrev_index
000126c0   __CSL_init
000128e0   _main
00012a34   _initGPIO
00012ac0   _IRQ_map
00012e40   _MCBSP_reset
00012fe0   _DSK6713_LED_init
00013008   _DSK6713_LED_off
00013064   _DSK6713_LED_on
000130c0   _DSK6713_LED_toggle
00013180   _DSK6713_AIC23_rset
0001321c   _DSK6713_AIC23_rget
00013240   _DSK6713_AIC23_config
000132e0   _TIMER_open
00013420   __c6xabi_strasgi
00013420   __strasgi
00013560   _c_int11
000135e4   _c_int15
000136a0   _TIMER_reset
000137c0   __c6xabi_divi
000137c0   __divi
000138e0   _DSK6713_Config
00013924   _AIC23_Config
00013958   _Timer1_ConfigStart
000139bc   _Timer1_ResetStart
000139e0   _MCBSP_open
00013ae0   _MCBSP_start
00013be0   __auto_init
00013ce0   __strasg
00013dc0   _exit
00013ea0   _DSK6713_AIC23_outGain
00013f80   _GPIO_open
00014040   _GPIO_reset
00014100   _copy_in
000141c0   _DSK6713_AIC23_setFreq
00014280   _Corrx_asm
00014320   _GPIO_intPolarity
000143c0   _MCBSP_close
00014460   _MCBSP_config
00014500   __IRQ_init
00014640   _Corr_asm
000146c0   ___TI_cpp_init
00014740   _c_int00
000147c0   _DSK6713_AIC23_closeCodec
00014840   _DSK6713_DIP_init
00014848   _DSK6713_DIP_get
000148c0   _enableInterrupts
00014940   _GPIO_pinDirection
000149a0   _GPIO_pinEnable
000149e0   _GPIO_write
00014a20   _IRQ_enable
00014a60   _IRQ_reset
00014aa0   __args_main
00014ae0   _c_int4
00014b40   _CSL6713_LIB_
00014b60   _IRQ_clear
00014b80   _IRQ_globalDisable
00014ba0   _IRQ_globalEnable
00014bc0   _IRQ_nmiEnable
00014be0   _IRQ_set
00014c00   _IRQ_setVecs
00014c20   _MCBSP_getXmtEventId
00014c40   _MCBSP_read
00014c60   _MCBSP_rrdy
00014c80   _MCBSP_write
00014ca0   _MCBSP_xrdy
00014cc0   C$$EXIT
00014cc0   _abort
00014ce0   __IRQ_hookFetchPacket
00014d00   ___cinit__
00014d00   ___etext__
00014d00   cinit
00014d00   etext
00017930   __stack
00018930   __STACK_END
ffffffff   ___TI_pprof_out_hndl
ffffffff   ___TI_prof_data_size
ffffffff   ___TI_prof_data_start
ffffffff   ___binit__
ffffffff   ___c_args__
ffffffff   ___pinit__
ffffffff   binit
ffffffff   pinit

[208 symbols]
