Microchip MPLAB XC8 Compiler V1.38 ()

Linker command line:

-W-3 --edf=C:\Program Files (x86)\Microchip\xc8\v1.38\dat\en_msgs.txt -cs \
  -h+dist/default/production\Projet_S5.X.production.sym \
  --cmf=dist/default/production\Projet_S5.X.production.cmf -z -Q18F67J94 \
  -oC:\Users\bruf1902\AppData\Local\Temp\s36s.2 \
  -Mdist/default/production/Projet_S5.X.production.map -E1 -ver=XC8 \
  -ASTACK=093h-0df9h -pstack=STACK -ACODE=00h-01FFEFh -ACONST=00h-01FFEFh \
  -ASMALLCONST=0E00h-0EFFhx497,01FF00h-01FFEFh \
  -AMEDIUMCONST=0E00h-0FFFFh,010E00h-01FFEFh -ACOMRAM=01h-05Fh \
  -AABS1=00h-0DF9h -ABIGRAM=01h-0DF9h \
  -ARAM=060h-0FFh,0100h-01FFhx12,0D00h-0DF9h -ABANK0=060h-0FFh \
  -ABANK1=0100h-01FFh -ABANK2=0200h-02FFh -ABANK3=0300h-03FFh \
  -ABANK4=0400h-04FFh -ABANK5=0500h-05FFh -ABANK6=0600h-06FFh \
  -ABANK7=0700h-07FFh -ABANK8=0800h-08FFh -ABANK9=0900h-09FFh \
  -ABANK10=0A00h-0AFFh -ABANK11=0B00h-0BFFh -ABANK12=0C00h-0CFFh \
  -ABANK13=0D00h-0DF9h \
  -ASFR=0DFAh-0DFFh,0E00h-0EFFh,0F00h-0F5Fh,0F60h-0FFFh \
  -preset_vec=00h,intcode=08h,intcodelo,powerup,init,end_init \
  -pramtop=0E00h -psmallconst=SMALLCONST -pmediumconst=MEDIUMCONST \
  -pconst=CONST -AFARRAM=00h-00h -ACONFIG=01FFF0h-01FFFFh -pconfig=CONFIG \
  -pjflash_buffer=01FBF8h \
  -prdata=COMRAM,nvrram=COMRAM,nvbit=COMRAM,rbss=COMRAM,rbit=COMRAM \
  -pfarbss=FARRAM,fardata=FARRAM,nvFARRAM=FARRAM \
  -pintsave_regs=BIGRAM,bigbss=BIGRAM,bigdata=BIGRAM -pbss=RAM \
  -pidata=CODE,irdata=CODE,ibigdata=CODE,ifardata=CODE -prparam=COMRAM \
  C:\Users\bruf1902\AppData\Local\Temp\s36s.obj \
  dist/default/production\Projet_S5.X.production.obj 

Object code version is 3.11

Machine type is 18F67J94

Call graph: (short form)




                Name                               Link     Load   Length Selector   Space Scale
C:\Users\bruf1902\AppData\Local\Temp\s36s.obj
                end_init                             8C       8C        4        4       0
                reset_vec                             0        0        4        0       0
                config                            1FFF0    1FFF0       10    1FFF0       0
dist/default/production\Projet_S5.X.production.obj
                intcode                               8        8       84        4       0
                temp                                 50       50        1        1       1
                smallconst                          E00      E00       FA      700       0
                text13                             18A8     18A8        A      77D       0
                text12                             14B4     14B4      156      77D       0
                text11                             188A     188A       12      77D       0
                text10                             1872     1872       18      77D       0
                text9                              1690     1690       82      77D       0
                text8                              1712     1712       6E      77D       0
                text7                              1780     1780       3E      77D       0
                text6                               EFA      EFA      322      77D       0
                text5                              160A     160A       86      77D       0
                text4                              17F6     17F6       30      77D       0
                text3                              17BE     17BE       38      77D       0
                text2                              189C     189C        C      77D       0
                text1                              1826     1826       2A      77D       0
                text0                              121C     121C      298      77D       0
                cstackCOMRAM                         33       33       1D        1       1
                cstackBANK0                          8A       8A        9       60       1
                bssBANK0                             60       60       2A       60       1
                bssCOMRAM                             1        1       32        1       1
                cinit                              1850     1850       22      77D       0

TOTAL           Name                               Link     Load   Length     Space
        CLASS   STACK          

        CLASS   CODE           
                end_init                             8C       8C        4         0
                intcode                               8        8       84         0
                reset_vec                             0        0        4         0
                text13                             18A8     18A8        A         0
                text12                             14B4     14B4      156         0
                text11                             188A     188A       12         0
                text10                             1872     1872       18         0
                text9                              1690     1690       82         0
                text8                              1712     1712       6E         0
                text7                              1780     1780       3E         0
                text6                               EFA      EFA      322         0
                text5                              160A     160A       86         0
                text4                              17F6     17F6       30         0
                text3                              17BE     17BE       38         0
                text2                              189C     189C        C         0
                text1                              1826     1826       2A         0
                text0                              121C     121C      298         0
                cinit                              1850     1850       22         0

        CLASS   CONST          

        CLASS   SMALLCONST     
                smallconst                          E00      E00       FA         0

        CLASS   MEDIUMCONST    

        CLASS   COMRAM         
                temp                                 50       50        1         1
                cstackCOMRAM                         33       33       1D         1
                bssCOMRAM                             1        1       32         1

        CLASS   ABS1           

        CLASS   BIGRAM         

        CLASS   RAM            

        CLASS   BANK0          
                cstackBANK0                          8A       8A        9         1
                bssBANK0                             60       60       2A         1

        CLASS   BANK1          

        CLASS   BANK2          

        CLASS   BANK3          

        CLASS   BANK4          

        CLASS   BANK5          

        CLASS   BANK6          

        CLASS   BANK7          

        CLASS   BANK8          

        CLASS   BANK9          

        CLASS   BANK10         

        CLASS   BANK11         

        CLASS   BANK12         

        CLASS   BANK13         

        CLASS   SFR            

        CLASS   FARRAM         

        CLASS   CONFIG         
                config                            1FFF0    1FFF0       10         0

        CLASS   IDLOC          



SEGMENTS        Name                           Load    Length   Top    Selector   Space  Class

                reset_vec                      000000  000004  000004         0       0  CODE    
                bssCOMRAM                      000001  000050  000051         1       1  COMRAM  
                intcode                        000008  000088  000090         4       0  CODE    
                bssBANK0                       000060  000033  000093        60       1  BANK0   
                smallconst                     000E00  0000FA  000EFA       700       0  SMALLCON
                text6                          000EFA  0009B8  0018B2       77D       0  CODE    
                config                         01FFF0  000010  020000     1FFF0       0  CONFIG  


UNUSED ADDRESS RANGES

        Name                Unused          Largest block    Delta
        BANK0            00093-000FF              6D
        BANK1            00100-001FF             100
        BANK10           00A00-00AFF             100
        BANK11           00B00-00BFF             100
        BANK12           00C00-00CFF             100
        BANK13           00D00-00DF9              FA
        BANK2            00200-002FF             100
        BANK3            00300-003FF             100
        BANK4            00400-004FF             100
        BANK5            00500-005FF             100
        BANK6            00600-006FF             100
        BANK7            00700-007FF             100
        BANK8            00800-008FF             100
        BANK9            00900-009FF             100
        BIGRAM           00051-0005F               F
                         00093-00DF9             D67
        CODE             00004-00007               4
                         00090-00DFF             D70
                         018B2-1FFEF           1E73E
        COMRAM           00051-0005F               F
        CONST            00004-00007               4
                         00090-00DFF             D70
                         018B2-1FFEF           1E73E
        MEDIUMCONST      018B2-0FFFF            E74E
                         10E00-1FFEF            F1F0
        RAM              00093-00DF9             100
        SFR              00DFA-00FFF             100
        SMALLCONST       018B2-1FFEF             100
        STACK            00093-00DF9             D67

                                  Symbol Table

Keyboard_Read@i           cstackCOMRAM  00041
LCD_Clear@i               cstackCOMRAM  0004A
LCD_SelectLine@data       cstackCOMRAM  0004B
LCD_SelectLine@line       cstackCOMRAM  0004A
LCD_WriteChar@data        cstackBANK0   0008A
LCD_WriteChar@i           cstackBANK0   0008B
LCD_WriteString@data      cstackBANK0   0008D
LCD_WriteString@i         cstackBANK0   00091
UART_Write@data           cstackCOMRAM  00041
WriteLCD@LowerData        cstackCOMRAM  00047
WriteLCD@RS               cstackCOMRAM  00046
WriteLCD@StartByte        cstackCOMRAM  00049
WriteLCD@UpperData        cstackCOMRAM  00048
WriteLCD@data             cstackCOMRAM  00043
WriteSPI2@TempVar         cstackCOMRAM  00041
WriteSPI2@data_out        cstackCOMRAM  00042
_BAUDCONbits              (abs)         00F67
_DataLine1                bssBANK0      00060
_DataLine2                bssCOMRAM     00001
_DataLine3                bssCOMRAM     00016
_DataLine4                bssBANK0      00075
_DataPosition             bssCOMRAM     0002D
_INTCONbits               (abs)         00FF2
_Interrupt                intcode       00008
_Interrupt_init           text13        018A8
_Keyboard_Data            bssCOMRAM     0002E
_Keyboard_NewData         bssCOMRAM     0002F
_Keyboard_Read            text12        014B4
_Keyboard_Ready           bssCOMRAM     00030
_Keyboard_init            text11        0188A
_LCD_Clear                text8         01712
_LCD_SelectLine           text7         01780
_LCD_WriteChar            text6         00EFA
_LCD_WriteString          text5         0160A
_LCD_init                 text3         017BE
_OSCCON2bits              (abs)         00F66
_PIE1bits                 (abs)         00F9D
_PIR1bits                 (abs)         00F9E
_PIR2bits                 (abs)         00FA1
_PORTDbits                (abs)         00F83
_PORTE                    (abs)         00F84
_PORTEbits                (abs)         00F84
_RCREG                    (abs)         00FAE
_RCSTAbits                (abs)         00FAB
_RPINR0_1                 (abs)         00E2A
_RPINR12_13               (abs)         00E30
_RPOR22_23                (abs)         00E1D
_RPOR24_25                (abs)         00E1E
_RPOR26_27                (abs)         00E1F
_SPBRG1                   (abs)         00FAF
_SPI2_init                text4         017F6
_SSP2BUF                  (abs)         00F03
_SSP2CON1                 (abs)         00F19
_SSP2CON1bits             (abs)         00F19
_SSP2STATbits             (abs)         00F1A
_TRISDbits                (abs)         00F95
_TRISEbits                (abs)         00F96
_TXREG                    (abs)         00FAD
_TXSTAbits                (abs)         00FAC
_UART_Data                bssCOMRAM     00031
_UART_NewData             bssCOMRAM     00032
_UART_Write               text2         0189C
_UART_init                text1         01826
_WriteLCD                 text9         01690
_WriteSPI2                text10        01872
__CFG_BOREN$ON            (abs)         00000
__CFG_BORV$1              (abs)         00000
__CFG_CINASEL$DEFAULT     (abs)         00000
__CFG_CLKOEN$OFF          (abs)         00000
__CFG_CP0$OFF             (abs)         00000
__CFG_DSBITEN$OFF         (abs)         00000
__CFG_DSBOREN$OFF         (abs)         00000
__CFG_DSWDTEN$OFF         (abs)         00000
__CFG_DSWDTOSC$LPRC       (abs)         00000
__CFG_DSWDTPS$DSWDTPS1F   (abs)         00000
__CFG_FOSC$PRIPLL         (abs)         00000
__CFG_FSCM$CSDCMD         (abs)         00000
__CFG_IESO$OFF            (abs)         00000
__CFG_IOL1WAY$OFF         (abs)         00000
__CFG_LS48MHZ$SYSX2       (abs)         00000
__CFG_MSSPMSK1$MSK7       (abs)         00000
__CFG_MSSPMSK2$MSK7       (abs)         00000
__CFG_PLLDIV$DIV2         (abs)         00000
__CFG_POSCMD$MS           (abs)         00000
__CFG_RETEN$OFF           (abs)         00000
__CFG_SOSCSEL$LOW         (abs)         00000
__CFG_STVREN$ON           (abs)         00000
__CFG_T5GSEL$T5G          (abs)         00000
__CFG_VBTBOR$OFF          (abs)         00000
__CFG_WDTCLK$SYS          (abs)         00000
__CFG_WDTEN$OFF           (abs)         00000
__CFG_WDTPS$32768         (abs)         00000
__CFG_WDTWIN$PS25_0       (abs)         00000
__CFG_WINDIS$WDTSTD       (abs)         00000
__CFG_WPCFG$WPCFGDIS      (abs)         00000
__CFG_WPDIS$WPDIS         (abs)         00000
__CFG_WPEND$WPENDMEM      (abs)         00000
__CFG_WPFP$WPFP255        (abs)         00000
__CFG_WPSA$128            (abs)         00000
__CFG_XINST$OFF           (abs)         00000
__HRAM                    (abs)         00000
__Habs1                   abs1          00000
__Hbank0                  bank0         00000
__Hbank1                  bank1         00000
__Hbank10                 bank10        00000
__Hbank11                 bank11        00000
__Hbank12                 bank12        00000
__Hbank13                 bank13        00000
__Hbank2                  bank2         00000
__Hbank3                  bank3         00000
__Hbank4                  bank4         00000
__Hbank5                  bank5         00000
__Hbank6                  bank6         00000
__Hbank7                  bank7         00000
__Hbank8                  bank8         00000
__Hbank9                  bank9         00000
__Hbigbss                 bigbss        00000
__Hbigdata                bigdata       00000
__Hbigram                 bigram        00000
__Hbss                    bss           00000
__HbssBANK0               bssBANK0      00000
__HbssCOMRAM              bssCOMRAM     00000
__Hcinit                  cinit         00000
__Hclrtext                clrtext       00000
__Hcomram                 comram        00000
__Hconfig                 config        20000
__Hconst                  const         00000
__HcstackBANK0            cstackBANK0   00000
__HcstackCOMRAM           cstackCOMRAM  00000
__Hdata                   data          00000
__Hend_init               end_init      00090
__Hfarbss                 farbss        00000
__Hfardata                fardata       00000
__Hibigdata               ibigdata      00000
__Hidata                  idata         00000
__Hidloc                  idloc         00000
__Hifardata               ifardata      00000
__Hinit                   init          0008C
__Hintcode                intcode       0008C
__Hintcode_body           intcode_body  00000
__Hintcodelo              intcodelo     0008C
__Hintentry               intentry      00000
__Hintret                 intret        00000
__Hintsave_regs           intsave_regs  00000
__Hirdata                 irdata        00000
__Hjflash_buffer          jflash_buffer 1FBF8
__Hmediumconst            mediumconst   00000
__HnvFARRAM               nvFARRAM      00000
__Hnvbit                  nvbit         00000
__Hnvrram                 nvrram        00000
__Hparam                  rparam        00000
__Hpowerup                powerup       0008C
__Hram                    ram           00000
__Hramtop                 ramtop        00E00
__Hrbit                   rbit          00000
__Hrbss                   rbss          00000
__Hrdata                  rdata         00000
__Hreset_vec              reset_vec     00004
__Hrparam                 rparam        00000
__Hsfr                    sfr           00000
__Hsmallconst             smallconst    00EFA
__Hspace_0                (abs)         20000
__Hspace_1                (abs)         00093
__Hspace_2                (abs)         00000
__Hstack                  stack         00000
__Hstruct                 struct        00000
__Htemp                   temp          00051
__Htext                   text          00000
__Htext0                  text0         00000
__Htext1                  text1         00000
__Htext10                 text10        00000
__Htext11                 text11        00000
__Htext12                 text12        00000
__Htext13                 text13        00000
__Htext2                  text2         00000
__Htext3                  text3         00000
__Htext4                  text4         00000
__Htext5                  text5         00000
__Htext6                  text6         00000
__Htext7                  text7         00000
__Htext8                  text8         00000
__Htext9                  text9         00000
__LRAM                    (abs)         00001
__Labs1                   abs1          00000
__Lbank0                  bank0         00000
__Lbank1                  bank1         00000
__Lbank10                 bank10        00000
__Lbank11                 bank11        00000
__Lbank12                 bank12        00000
__Lbank13                 bank13        00000
__Lbank2                  bank2         00000
__Lbank3                  bank3         00000
__Lbank4                  bank4         00000
__Lbank5                  bank5         00000
__Lbank6                  bank6         00000
__Lbank7                  bank7         00000
__Lbank8                  bank8         00000
__Lbank9                  bank9         00000
__Lbigbss                 bigbss        00000
__Lbigdata                bigdata       00000
__Lbigram                 bigram        00000
__Lbss                    bss           00000
__LbssBANK0               bssBANK0      00000
__LbssCOMRAM              bssCOMRAM     00000
__Lcinit                  cinit         00000
__Lclrtext                clrtext       00000
__Lcomram                 comram        00000
__Lconfig                 config        1FFF0
__Lconst                  const         00000
__LcstackBANK0            cstackBANK0   00000
__LcstackCOMRAM           cstackCOMRAM  00000
__Ldata                   data          00000
__Lend_init               end_init      0008C
__Lfarbss                 farbss        00000
__Lfardata                fardata       00000
__Libigdata               ibigdata      00000
__Lidata                  idata         00000
__Lidloc                  idloc         00000
__Lifardata               ifardata      00000
__Linit                   init          0008C
__Lintcode                intcode       00008
__Lintcode_body           intcode_body  00000
__Lintcodelo              intcodelo     0008C
__Lintentry               intentry      00000
__Lintret                 intret        00000
__Lintsave_regs           intsave_regs  00000
__Lirdata                 irdata        00000
__Ljflash_buffer          jflash_buffer 1FBF8
__Lmediumconst            mediumconst   00000
__LnvFARRAM               nvFARRAM      00000
__Lnvbit                  nvbit         00000
__Lnvrram                 nvrram        00000
__Lparam                  rparam        00000
__Lpowerup                powerup       0008C
__Lram                    ram           00000
__Lramtop                 ramtop        00E00
__Lrbit                   rbit          00000
__Lrbss                   rbss          00000
__Lrdata                  rdata         00000
__Lreset_vec              reset_vec     00000
__Lrparam                 rparam        00000
__Lsfr                    sfr           00000
__Lsmallconst             smallconst    00E00
__Lspace_0                (abs)         00000
__Lspace_1                (abs)         00000
__Lspace_2                (abs)         00000
__Lstack                  stack         00000
__Lstruct                 struct        00000
__Ltemp                   temp          00050
__Ltext                   text          00000
__Ltext0                  text0         00000
__Ltext1                  text1         00000
__Ltext10                 text10        00000
__Ltext11                 text11        00000
__Ltext12                 text12        00000
__Ltext13                 text13        00000
__Ltext2                  text2         00000
__Ltext3                  text3         00000
__Ltext4                  text4         00000
__Ltext5                  text5         00000
__Ltext6                  text6         00000
__Ltext7                  text7         00000
__Ltext8                  text8         00000
__Ltext9                  text9         00000
__S0                      (abs)         20000
__S1                      (abs)         00093
__S2                      (abs)         00000
___inthi_sp               stack         00000
___intlo_sp               stack         00000
___param_bank             (abs)         00010
___rparam_used            (abs)         00001
___sp                     stack         00000
__accesstop               (abs)         00060
__activetblptr            (abs)         00003
__end_of_Interrupt        intcode       0008C
__end_of_Interrupt_init   text13        018B2
__end_of_Keyboard_Read    text12        0160A
__end_of_Keyboard_init    text11        0189C
__end_of_LCD_Clear        text8         01780
__end_of_LCD_SelectLine   text7         017BE
__end_of_LCD_WriteChar    text6         0121C
__end_of_LCD_WriteString  text5         01690
__end_of_LCD_init         text3         017F6
__end_of_SPI2_init        text4         01826
__end_of_UART_Write       text2         018A8
__end_of_UART_init        text1         01850
__end_of_WriteLCD         text9         01712
__end_of_WriteSPI2        text10        0188A
__end_of__initialization  cinit         01868
__end_of_main             text0         014B4
__initialization          cinit         01850
__mediumconst             mediumconst   00000
__pbssBANK0               bssBANK0      00060
__pbssCOMRAM              bssCOMRAM     00001
__pcinit                  cinit         01850
__pcstackBANK0            cstackBANK0   0008A
__pcstackCOMRAM           cstackCOMRAM  00033
__pintcode                intcode       00008
__psmallconst             smallconst    00E00
__ptext0                  text0         0121C
__ptext1                  text1         01826
__ptext10                 text10        01872
__ptext11                 text11        0188A
__ptext12                 text12        014B4
__ptext13                 text13        018A8
__ptext2                  text2         0189C
__ptext3                  text3         017BE
__ptext4                  text4         017F6
__ptext5                  text5         0160A
__ptext6                  text6         00EFA
__ptext7                  text7         01780
__ptext8                  text8         01712
__ptext9                  text9         01690
__ramtop                  ramtop        00E00
__size_of_Interrupt       (abs)         00000
__size_of_Interrupt_init  (abs)         00000
__size_of_Keyboard_Read   (abs)         00000
__size_of_Keyboard_init   (abs)         00000
__size_of_LCD_Clear       (abs)         00000
__size_of_LCD_SelectLine  (abs)         00000
__size_of_LCD_WriteChar   (abs)         00000
__size_of_LCD_WriteString (abs)         00000
__size_of_LCD_init        (abs)         00000
__size_of_SPI2_init       (abs)         00000
__size_of_UART_Write      (abs)         00000
__size_of_UART_init       (abs)         00000
__size_of_WriteLCD        (abs)         00000
__size_of_WriteSPI2       (abs)         00000
__size_of_main            (abs)         00000
__smallconst              smallconst    00E00
_debounce                 bssCOMRAM     0002B
_main                     text0         0121C
btemp                     temp          00050
end_of_initialization     cinit         01868
int$flags                 temp          00050
intlevel0                 text          00000
intlevel1                 text          00000
intlevel2                 text          00000
intlevel3                 text          00000
stackhi                   (abs)         00DF9
stacklo                   (abs)         00093
start                     init          0008C
start_initialization      cinit         01850


FUNCTION INFORMATION:

 *************** function _main *****************
 Defined at:
		line 28 in file "main.c"
 Parameters:    Size  Location     Type
		None
 Auto vars:     Size  Location     Type
		None
 Return value:  Size  Location     Type
                  1    wreg      void 
 Registers used:
		wreg, fsr1l, fsr1h, fsr2l, fsr2h, status,2, status,0, tblptrl, tblptrh, tblptru, prodl, prodh, cstack
 Tracked objects:
		On entry : 
		On exit  : 
		Unchanged: 
 Data sizes:     COMRAM   BANK0   BANK1   BANK2   BANK3   BANK4   BANK5   BANK6   BANK7   BANK8   BANK9  BANK10  BANK11  BANK12  BANK13
      Params:         0       0       0       0       0       0       0       0       0       0       0       0       0       0       0
      Locals:         0       0       0       0       0       0       0       0       0       0       0       0       0       0       0
      Temps:          0       0       0       0       0       0       0       0       0       0       0       0       0       0       0
      Totals:         0       0       0       0       0       0       0       0       0       0       0       0       0       0       0
Total ram usage:        0 bytes
 Hardware stack levels required when called:    6
 This function calls:
		_Interrupt_init
		_Keyboard_Read
		_Keyboard_init
		_LCD_Clear
		_LCD_WriteChar
		_LCD_WriteString
		_LCD_init
		_UART_Write
		_UART_init
 This function is called by:
		Startup code after reset
 This function uses a non-reentrant model


 *************** function _UART_init *****************
 Defined at:
		line 11 in file "UART.c"
 Parameters:    Size  Location     Type
		None
 Auto vars:     Size  Location     Type
		None
 Return value:  Size  Location     Type
                  1    wreg      void 
 Registers used:
		wreg, status,2
 Tracked objects:
		On entry : 
		On exit  : 
		Unchanged: 
 Data sizes:     COMRAM   BANK0   BANK1   BANK2   BANK3   BANK4   BANK5   BANK6   BANK7   BANK8   BANK9  BANK10  BANK11  BANK12  BANK13
      Params:         0       0       0       0       0       0       0       0       0       0       0       0       0       0       0
      Locals:         0       0       0       0       0       0       0       0       0       0       0       0       0       0       0
      Temps:          0       0       0       0       0       0       0       0       0       0       0       0       0       0       0
      Totals:         0       0       0       0       0       0       0       0       0       0       0       0       0       0       0
Total ram usage:        0 bytes
 Hardware stack levels used:    1
 Hardware stack levels required when called:    1
 This function calls:
		Nothing
 This function is called by:
		_main
 This function uses a non-reentrant model


 *************** function _UART_Write *****************
 Defined at:
		line 35 in file "UART.c"
 Parameters:    Size  Location     Type
  data            1    wreg     unsigned char 
 Auto vars:     Size  Location     Type
  data            1   14[COMRAM] unsigned char 
 Return value:  Size  Location     Type
                  1    wreg      void 
 Registers used:
		wreg
 Tracked objects:
		On entry : 
		On exit  : 
		Unchanged: 
 Data sizes:     COMRAM   BANK0   BANK1   BANK2   BANK3   BANK4   BANK5   BANK6   BANK7   BANK8   BANK9  BANK10  BANK11  BANK12  BANK13
      Params:         0       0       0       0       0       0       0       0       0       0       0       0       0       0       0
      Locals:         1       0       0       0       0       0       0       0       0       0       0       0       0       0       0
      Temps:          0       0       0       0       0       0       0       0       0       0       0       0       0       0       0
      Totals:         1       0       0       0       0       0       0       0       0       0       0       0       0       0       0
Total ram usage:        1 bytes
 Hardware stack levels used:    1
 Hardware stack levels required when called:    1
 This function calls:
		Nothing
 This function is called by:
		_main
 This function uses a non-reentrant model


 *************** function _LCD_init *****************
 Defined at:
		line 69 in file "LCD.c"
 Parameters:    Size  Location     Type
		None
 Auto vars:     Size  Location     Type
		None
 Return value:  Size  Location     Type
                  1    wreg      void 
 Registers used:
		wreg, status,2, status,0, cstack
 Tracked objects:
		On entry : 
		On exit  : 
		Unchanged: 
 Data sizes:     COMRAM   BANK0   BANK1   BANK2   BANK3   BANK4   BANK5   BANK6   BANK7   BANK8   BANK9  BANK10  BANK11  BANK12  BANK13
      Params:         0       0       0       0       0       0       0       0       0       0       0       0       0       0       0
      Locals:         0       0       0       0       0       0       0       0       0       0       0       0       0       0       0
      Temps:          0       0       0       0       0       0       0       0       0       0       0       0       0       0       0
      Totals:         0       0       0       0       0       0       0       0       0       0       0       0       0       0       0
Total ram usage:        0 bytes
 Hardware stack levels used:    1
 Hardware stack levels required when called:    3
 This function calls:
		_SPI2_init
		_WriteLCD
 This function is called by:
		_main
 This function uses a non-reentrant model


 *************** function _SPI2_init *****************
 Defined at:
		line 21 in file "LCD.c"
 Parameters:    Size  Location     Type
		None
 Auto vars:     Size  Location     Type
		None
 Return value:  Size  Location     Type
                  1    wreg      void 
 Registers used:
		wreg, status,2, status,0
 Tracked objects:
		On entry : 
		On exit  : 
		Unchanged: 
 Data sizes:     COMRAM   BANK0   BANK1   BANK2   BANK3   BANK4   BANK5   BANK6   BANK7   BANK8   BANK9  BANK10  BANK11  BANK12  BANK13
      Params:         0       0       0       0       0       0       0       0       0       0       0       0       0       0       0
      Locals:         0       0       0       0       0       0       0       0       0       0       0       0       0       0       0
      Temps:          0       0       0       0       0       0       0       0       0       0       0       0       0       0       0
      Totals:         0       0       0       0       0       0       0       0       0       0       0       0       0       0       0
Total ram usage:        0 bytes
 Hardware stack levels used:    1
 Hardware stack levels required when called:    1
 This function calls:
		Nothing
 This function is called by:
		_LCD_init
 This function uses a non-reentrant model


 *************** function _LCD_WriteString *****************
 Defined at:
		line 223 in file "LCD.c"
 Parameters:    Size  Location     Type
  data            2    3[BANK0 ] PTR unsigned char 
		 -> STR_25(9), STR_24(6), STR_23(9), STR_22(6), 
		 -> STR_21(15), STR_20(6), STR_19(15), STR_18(6), 
		 -> STR_17(15), STR_16(6), STR_15(15), STR_14(6), 
		 -> STR_13(12), STR_12(8), STR_11(14), STR_10(14), 
		 -> STR_9(20), STR_8(20), STR_7(20), STR_6(20), 
		 -> STR_5(13), STR_4(6), STR_3(13), STR_2(6), 
		 -> STR_1(16), 
 Auto vars:     Size  Location     Type
  i               2    7[BANK0 ] int 
 Return value:  Size  Location     Type
                  1    wreg      void 
 Registers used:
		wreg, fsr1l, fsr1h, fsr2l, fsr2h, status,2, status,0, tblptrl, tblptrh, tblptru, prodl, prodh, cstack
 Tracked objects:
		On entry : 
		On exit  : 
		Unchanged: 
 Data sizes:     COMRAM   BANK0   BANK1   BANK2   BANK3   BANK4   BANK5   BANK6   BANK7   BANK8   BANK9  BANK10  BANK11  BANK12  BANK13
      Params:         0       2       0       0       0       0       0       0       0       0       0       0       0       0       0
      Locals:         0       2       0       0       0       0       0       0       0       0       0       0       0       0       0
      Temps:          0       2       0       0       0       0       0       0       0       0       0       0       0       0       0
      Totals:         0       6       0       0       0       0       0       0       0       0       0       0       0       0       0
Total ram usage:        6 bytes
 Hardware stack levels used:    1
 Hardware stack levels required when called:    5
 This function calls:
		_LCD_WriteChar
 This function is called by:
		_main
 This function uses a non-reentrant model


 *************** function _LCD_WriteChar *****************
 Defined at:
		line 96 in file "LCD.c"
 Parameters:    Size  Location     Type
  data            1    wreg     unsigned char 
 Auto vars:     Size  Location     Type
  data            1    0[BANK0 ] unsigned char 
  i               2    1[BANK0 ] int 
 Return value:  Size  Location     Type
                  1    wreg      void 
 Registers used:
		wreg, fsr1l, fsr1h, fsr2l, fsr2h, status,2, status,0, prodl, prodh, cstack
 Tracked objects:
		On entry : 
		On exit  : 
		Unchanged: 
 Data sizes:     COMRAM   BANK0   BANK1   BANK2   BANK3   BANK4   BANK5   BANK6   BANK7   BANK8   BANK9  BANK10  BANK11  BANK12  BANK13
      Params:         0       0       0       0       0       0       0       0       0       0       0       0       0       0       0
      Locals:         0       3       0       0       0       0       0       0       0       0       0       0       0       0       0
      Temps:          4       0       0       0       0       0       0       0       0       0       0       0       0       0       0
      Totals:         4       3       0       0       0       0       0       0       0       0       0       0       0       0       0
Total ram usage:        7 bytes
 Hardware stack levels used:    1
 Hardware stack levels required when called:    4
 This function calls:
		_LCD_SelectLine
		_WriteLCD
 This function is called by:
		_main
		_LCD_WriteString
 This function uses a non-reentrant model


 *************** function _LCD_SelectLine *****************
 Defined at:
		line 233 in file "LCD.c"
 Parameters:    Size  Location     Type
  line            1    wreg     unsigned char 
 Auto vars:     Size  Location     Type
  line            1   23[COMRAM] unsigned char 
  data            1   24[COMRAM] unsigned char 
 Return value:  Size  Location     Type
                  1    wreg      void 
 Registers used:
		wreg, status,2, status,0, cstack
 Tracked objects:
		On entry : 
		On exit  : 
		Unchanged: 
 Data sizes:     COMRAM   BANK0   BANK1   BANK2   BANK3   BANK4   BANK5   BANK6   BANK7   BANK8   BANK9  BANK10  BANK11  BANK12  BANK13
      Params:         0       0       0       0       0       0       0       0       0       0       0       0       0       0       0
      Locals:         2       0       0       0       0       0       0       0       0       0       0       0       0       0       0
      Temps:          0       0       0       0       0       0       0       0       0       0       0       0       0       0       0
      Totals:         2       0       0       0       0       0       0       0       0       0       0       0       0       0       0
Total ram usage:        2 bytes
 Hardware stack levels used:    1
 Hardware stack levels required when called:    3
 This function calls:
		_WriteLCD
 This function is called by:
		_LCD_WriteChar
 This function uses a non-reentrant model


 *************** function _LCD_Clear *****************
 Defined at:
		line 80 in file "LCD.c"
 Parameters:    Size  Location     Type
		None
 Auto vars:     Size  Location     Type
  i               2   23[COMRAM] int 
 Return value:  Size  Location     Type
                  1    wreg      void 
 Registers used:
		wreg, fsr2l, fsr2h, status,2, status,0, cstack
 Tracked objects:
		On entry : 
		On exit  : 
		Unchanged: 
 Data sizes:     COMRAM   BANK0   BANK1   BANK2   BANK3   BANK4   BANK5   BANK6   BANK7   BANK8   BANK9  BANK10  BANK11  BANK12  BANK13
      Params:         0       0       0       0       0       0       0       0       0       0       0       0       0       0       0
      Locals:         2       0       0       0       0       0       0       0       0       0       0       0       0       0       0
      Temps:          0       0       0       0       0       0       0       0       0       0       0       0       0       0       0
      Totals:         2       0       0       0       0       0       0       0       0       0       0       0       0       0       0
Total ram usage:        2 bytes
 Hardware stack levels used:    1
 Hardware stack levels required when called:    3
 This function calls:
		_WriteLCD
 This function is called by:
		_main
 This function uses a non-reentrant model


 *************** function _WriteLCD *****************
 Defined at:
		line 42 in file "LCD.c"
 Parameters:    Size  Location     Type
  RS              1    wreg     unsigned char 
  data            1   16[COMRAM] unsigned char 
 Auto vars:     Size  Location     Type
  RS              1   19[COMRAM] unsigned char 
  StartByte       1   22[COMRAM] unsigned char 
  UpperData       1   21[COMRAM] unsigned char 
  LowerData       1   20[COMRAM] unsigned char 
 Return value:  Size  Location     Type
                  1    wreg      void 
 Registers used:
		wreg, status,2, status,0, cstack
 Tracked objects:
		On entry : 
		On exit  : 
		Unchanged: 
 Data sizes:     COMRAM   BANK0   BANK1   BANK2   BANK3   BANK4   BANK5   BANK6   BANK7   BANK8   BANK9  BANK10  BANK11  BANK12  BANK13
      Params:         1       0       0       0       0       0       0       0       0       0       0       0       0       0       0
      Locals:         4       0       0       0       0       0       0       0       0       0       0       0       0       0       0
      Temps:          2       0       0       0       0       0       0       0       0       0       0       0       0       0       0
      Totals:         7       0       0       0       0       0       0       0       0       0       0       0       0       0       0
Total ram usage:        7 bytes
 Hardware stack levels used:    1
 Hardware stack levels required when called:    2
 This function calls:
		_WriteSPI2
 This function is called by:
		_LCD_init
		_LCD_Clear
		_LCD_WriteChar
		_LCD_SelectLine
 This function uses a non-reentrant model


 *************** function _WriteSPI2 *****************
 Defined at:
		line 31 in file "C:\Program Files (x86)\Microchip\xc8\v1.38\sources\pic18\plib\SPI\spi2writ.c"
 Parameters:    Size  Location     Type
  data_out        1    wreg     unsigned char 
 Auto vars:     Size  Location     Type
  data_out        1   15[COMRAM] unsigned char 
  TempVar         1   14[COMRAM] unsigned char 
 Return value:  Size  Location     Type
                  1    wreg      char 
 Registers used:
		wreg
 Tracked objects:
		On entry : 
		On exit  : 
		Unchanged: 
 Data sizes:     COMRAM   BANK0   BANK1   BANK2   BANK3   BANK4   BANK5   BANK6   BANK7   BANK8   BANK9  BANK10  BANK11  BANK12  BANK13
      Params:         0       0       0       0       0       0       0       0       0       0       0       0       0       0       0
      Locals:         2       0       0       0       0       0       0       0       0       0       0       0       0       0       0
      Temps:          0       0       0       0       0       0       0       0       0       0       0       0       0       0       0
      Totals:         2       0       0       0       0       0       0       0       0       0       0       0       0       0       0
Total ram usage:        2 bytes
 Hardware stack levels used:    1
 Hardware stack levels required when called:    1
 This function calls:
		Nothing
 This function is called by:
		_WriteLCD
 This function uses a non-reentrant model


 *************** function _Keyboard_init *****************
 Defined at:
		line 14 in file "Keyboard.c"
 Parameters:    Size  Location     Type
		None
 Auto vars:     Size  Location     Type
		None
 Return value:  Size  Location     Type
                  1    wreg      void 
 Registers used:
		None
 Tracked objects:
		On entry : 
		On exit  : 
		Unchanged: 
 Data sizes:     COMRAM   BANK0   BANK1   BANK2   BANK3   BANK4   BANK5   BANK6   BANK7   BANK8   BANK9  BANK10  BANK11  BANK12  BANK13
      Params:         0       0       0       0       0       0       0       0       0       0       0       0       0       0       0
      Locals:         0       0       0       0       0       0       0       0       0       0       0       0       0       0       0
      Temps:          0       0       0       0       0       0       0       0       0       0       0       0       0       0       0
      Totals:         0       0       0       0       0       0       0       0       0       0       0       0       0       0       0
Total ram usage:        0 bytes
 Hardware stack levels used:    1
 Hardware stack levels required when called:    1
 This function calls:
		Nothing
 This function is called by:
		_main
 This function uses a non-reentrant model


 *************** function _Keyboard_Read *****************
 Defined at:
		line 26 in file "Keyboard.c"
 Parameters:    Size  Location     Type
		None
 Auto vars:     Size  Location     Type
  i               2   14[COMRAM] int 
 Return value:  Size  Location     Type
                  1    wreg      void 
 Registers used:
		wreg, status,2, status,0
 Tracked objects:
		On entry : 
		On exit  : 
		Unchanged: 
 Data sizes:     COMRAM   BANK0   BANK1   BANK2   BANK3   BANK4   BANK5   BANK6   BANK7   BANK8   BANK9  BANK10  BANK11  BANK12  BANK13
      Params:         0       0       0       0       0       0       0       0       0       0       0       0       0       0       0
      Locals:         2       0       0       0       0       0       0       0       0       0       0       0       0       0       0
      Temps:          0       0       0       0       0       0       0       0       0       0       0       0       0       0       0
      Totals:         2       0       0       0       0       0       0       0       0       0       0       0       0       0       0
Total ram usage:        2 bytes
 Hardware stack levels used:    1
 Hardware stack levels required when called:    1
 This function calls:
		Nothing
 This function is called by:
		_main
 This function uses a non-reentrant model


 *************** function _Interrupt_init *****************
 Defined at:
		line 140 in file "main.c"
 Parameters:    Size  Location     Type
		None
 Auto vars:     Size  Location     Type
		None
 Return value:  Size  Location     Type
                  1    wreg      void 
 Registers used:
		None
 Tracked objects:
		On entry : 
		On exit  : 
		Unchanged: 
 Data sizes:     COMRAM   BANK0   BANK1   BANK2   BANK3   BANK4   BANK5   BANK6   BANK7   BANK8   BANK9  BANK10  BANK11  BANK12  BANK13
      Params:         0       0       0       0       0       0       0       0       0       0       0       0       0       0       0
      Locals:         0       0       0       0       0       0       0       0       0       0       0       0       0       0       0
      Temps:          0       0       0       0       0       0       0       0       0       0       0       0       0       0       0
      Totals:         0       0       0       0       0       0       0       0       0       0       0       0       0       0       0
Total ram usage:        0 bytes
 Hardware stack levels used:    1
 Hardware stack levels required when called:    1
 This function calls:
		Nothing
 This function is called by:
		_main
 This function uses a non-reentrant model


 *************** function _Interrupt *****************
 Defined at:
		line 149 in file "main.c"
 Parameters:    Size  Location     Type
		None
 Auto vars:     Size  Location     Type
		None
 Return value:  Size  Location     Type
                  1    wreg      void 
 Registers used:
		wreg, status,2
 Tracked objects:
		On entry : 
		On exit  : 
		Unchanged: 
 Data sizes:     COMRAM   BANK0   BANK1   BANK2   BANK3   BANK4   BANK5   BANK6   BANK7   BANK8   BANK9  BANK10  BANK11  BANK12  BANK13
      Params:         0       0       0       0       0       0       0       0       0       0       0       0       0       0       0
      Locals:         0       0       0       0       0       0       0       0       0       0       0       0       0       0       0
      Temps:         14       0       0       0       0       0       0       0       0       0       0       0       0       0       0
      Totals:        14       0       0       0       0       0       0       0       0       0       0       0       0       0       0
Total ram usage:       14 bytes
 Hardware stack levels used:    1
 This function calls:
		Nothing
 This function is called by:
		Interrupt level 2
 This function uses a non-reentrant model



MODULE INFORMATION

Module		Function		Class		Link	Load	Size
C:\Program Files (x86)\Microchip\xc8\v1.38\sources\pic18\plib\SPI\spi2writ.c
		_WriteSPI2     		CODE           	1872	0000	25

C:\Program Files (x86)\Microchip\xc8\v1.38\sources\pic18\plib\SPI\spi2writ.c estimated size: 25

UART.c
		_UART_init     		CODE           	1826	0000	43
		_UART_Write    		CODE           	189C	0000	13

UART.c estimated size: 56

Keyboard.c
		_Keyboard_Read 		CODE           	14B4	0000	343
		_Keyboard_init 		CODE           	188A	0000	19

Keyboard.c estimated size: 362

shared
		__initialization		CODE           	1850	0000	25

shared estimated size: 25

main.c
		_Interrupt     		CODE           	0008	0000	133
		_main          		CODE           	121C	0000	665
		_Interrupt_init		CODE           	18A8	0000	11

main.c estimated size: 809

LCD.c
		_LCD_SelectLine		CODE           	1780	0000	63
		_SPI2_init     		CODE           	17F6	0000	49
		_LCD_WriteString		CODE           	160A	0000	135
		_WriteLCD      		CODE           	1690	0000	131
		_LCD_init      		CODE           	17BE	0000	57
		_LCD_Clear     		CODE           	1712	0000	111
		_LCD_WriteChar 		CODE           	0EFA	0000	803

LCD.c estimated size: 1349

