******************************************************************************
               TMS320C6x Linker PC v7.4.20                     
******************************************************************************
>> Linked Thu Apr 06 15:52:08 2017

OUTPUT FILE NAME:   <Projet_S5_P1v1.out>
ENTRY POINT SYMBOL: "_c_int00"  address: 000046c0


MEMORY CONFIGURATION

         name            origin    length      used     unused   attr    fill
----------------------  --------  ---------  --------  --------  ----  --------
  IVECS                 00000000   00000220  00000200  00000020  RWIX
  IRAM                  00000220   0002fde0  0002eacc  00001314  RWIX
  SDRAM                 80000000   01000000  00000000  01000000  RWIX
  FLASH                 90000000   00020000  00000000  00020000  RWIX


SECTION ALLOCATION MAP

 output                                  attributes/
section   page    origin      length       input sections
--------  ----  ----------  ----------   ----------------
.vectors   0    00000000    00000200     
                  00000000    00000200     Vectors_intr.obj (.vectors)

.text      0    00000000    00004c00     FAILED TO ALLOCATE
.bss       0    00000220    00000000     UNINITIALIZED

.far       0    00000220    00024cbc     UNINITIALIZED
                  00000220    00018100     signalFFT.obj (.far)
                  00018320    0000c794     TraitementSignal.obj (.far)
                  00024ab4    00000004     Config.obj (.far)
                  00024ab8    00000120     rts6700.lib : pow.obj (.far)
                  00024bd8    000000f4     csl6713.lib : csl_irq.obj (.far)
                  00024ccc    00000058     C6713Helper_UdeS.obj (.far)
                  00024d24    00000048     SPI_driver.obj (.far)
                  00024d6c    00000004     rts6700.lib : errno.obj (.far)
                  00024d70    00000040                 : sin.obj (.far)
                  00024db0    00000038     csl6713.lib : csl_mcbsp.obj (.far)
                  00024de8    00000028                 : csl.obj (.far)
                  00024e10    00000028     dsk6713bsl.lib : dsk6713_aic23_registers.obj (.far)
                  00024e38    00000024     csl6713.lib : csl_gpio.obj (.far)
                  00024e5c    00000024                 : csl_timer.obj (.far)
                  00024e80    00000024     main.obj (.far)
                  00024ea4    00000020     dsk6713bsl.lib : dsk6713_aic23_setfreq.obj (.far)
                  00024ec4    0000000c     rts6700.lib : exit.obj (.far)
                  00024ed0    00000008     dsk6713bsl.lib : dsk6713_aic23_opencodec.obj (.far)
                  00024ed8    00000002                    : dsk6713.obj (.far)
                  00024eda    00000002                    : dsk6713_led.obj (.far)

.cinit     0    00024ee0    00008d84     
                  00024ee0    00008008     signalFFT.obj (.cinit)
                  0002cee8    000007c4     TraitementSignal.obj (.cinit)
                  0002d6ac    00000004     --HOLE-- [fill = 0]
                  0002d6b0    00000140     rts6700.lib : pow.obj (.cinit)
                  0002d7f0    0000012c     csl6713.lib : csl_irq.obj (.cinit)
                  0002d91c    00000004     --HOLE-- [fill = 0]
                  0002d920    0000008c     main.obj (.cinit)
                  0002d9ac    00000004     --HOLE-- [fill = 0]
                  0002d9b0    00000058     C6713Helper_UdeS.obj (.cinit)
                  0002da08    00000054     csl6713.lib : csl_mcbsp.obj (.cinit)
                  0002da5c    00000004     --HOLE-- [fill = 0]
                  0002da60    0000004c                 : csl_timer.obj (.cinit)
                  0002daac    00000004     --HOLE-- [fill = 0]
                  0002dab0    00000048     rts6700.lib : sin.obj (.cinit)
                  0002daf8    00000044     SPI_driver.obj (.cinit)
                  0002db3c    00000004     --HOLE-- [fill = 0]
                  0002db40    00000044     csl6713.lib : csl_gpio.obj (.cinit)
                  0002db84    00000004     --HOLE-- [fill = 0]
                  0002db88    0000003c                 : csl.obj (.cinit)
                  0002dbc4    00000004     --HOLE-- [fill = 0]
                  0002dbc8    00000030     dsk6713bsl.lib : dsk6713_aic23_registers.obj (.cinit)
                  0002dbf8    0000002c     rts6700.lib : exit.obj (.cinit)
                  0002dc24    00000004     --HOLE-- [fill = 0]
                  0002dc28    00000028     dsk6713bsl.lib : dsk6713_aic23_setfreq.obj (.cinit)
                  0002dc50    0000000c     rts6700.lib : errno.obj (.cinit)
                  0002dc5c    00000004     --HOLE-- [fill = 0]
                  0002dc60    00000004     (.pad.cinit) [fill = 0]

.stack     0    0002dc68    00001000     UNINITIALIZED
                  0002dc68    00000008     rts6700.lib : boot.obj (.stack)
                  0002dc70    00000ff8     --HOLE--

.const     0    0002ec68    0000008c     
                  0002ec68    00000040     dsk6713bsl.lib : dsk6713_aic23_opencodec.obj (.const)
                  0002eca8    00000020     main.obj (.const:_$P$T0$1)
                  0002ecc8    00000020     dsk6713bsl.lib : dsk6713.obj (.const)
                  0002ece8    0000000c     main.obj (.const:_$P$T1$2)


GLOBAL SYMBOLS: SORTED ALPHABETICALLY BY Name 

address    name
--------   ----
00000220   $bss
00000220   .bss
00000000   .text
00004bc0   C$$EXIT
00024d00   _AIC23CfgData
00003844   _AIC23_Config
00024cd4   _AIC_data
000029fc   _Acquisition
00024e98   _AcquisitionEnCours
00000034   _CODEC_start
00000100   _CODEC_stop
00004a40   _CSL6713_LIB_
00004280   _Corrx_asm
00001b14   _Corrx_c
00004740   _DSK6713_AIC23_closeCodec
00024ed0   _DSK6713_AIC23_codeccontrolhandle
00024ed4   _DSK6713_AIC23_codecdatahandle
00003280   _DSK6713_AIC23_config
00001c80   _DSK6713_AIC23_openCodec
00003dc0   _DSK6713_AIC23_outGain
0000325c   _DSK6713_AIC23_rget
000031c0   _DSK6713_AIC23_rset
000041c0   _DSK6713_AIC23_setFreq
00003800   _DSK6713_Config
000047c8   _DSK6713_DIP_get
000047c0   _DSK6713_DIP_init
00003020   _DSK6713_LED_init
00003048   _DSK6713_LED_off
000030a4   _DSK6713_LED_on
00003100   _DSK6713_LED_toggle
000018b4   _DSK6713_getVersion
000014ec   _DSK6713_init
00001808   _DSK6713_rget
0000181c   _DSK6713_rset
00024ed8   _DSK6713_version
00001830   _DSK6713_wait
00001888   _DSK6713_waitusec
00002240   _DSPF_sp_bitrev_cplx
00000fc0   _DSPF_sp_cfftr2_dit
0000214c   _Demo_Corr
00004320   _GPIO_intPolarity
00003f80   _GPIO_open
000048c0   _GPIO_pinDirection
00004920   _GPIO_pinEnable
00004040   _GPIO_reset
00004a60   _IRQ_clear
00004960   _IRQ_enable
00004a80   _IRQ_globalDisable
00004aa0   _IRQ_globalEnable
00002b00   _IRQ_map
00004ac0   _IRQ_nmiEnable
000049a0   _IRQ_reset
00004ae0   _IRQ_set
00004b00   _IRQ_setVecs
00024d48   _MCBSP_SPI_Config
00000b04   _MCBSP_SPI_init
000043c0   _MCBSP_close
00004460   _MCBSP_config
00004b20   _MCBSP_getXmtEventId
00003900   _MCBSP_open
00004b40   _MCBSP_read
00002e80   _MCBSP_reset
00004b60   _MCBSP_rrdy
00003a00   _MCBSP_start
00004b80   _MCBSP_write
00004ba0   _MCBSP_xrdy
00024d44   _MySpiHandle
00024d40   _My_GPIO
00024d3c   _My_McBSP
00024aa0   _NoEch
00024e94   _NoSignalEnr
00024d30   _Record
00000ce4   _SPI_READ_DATA
00000c00   _SPI_WRITE_DATA
00000828   _SPI_config
00018aa0   _SignalEnr1
0001caa0   _SignalEnr2
00020aa0   _SignalEnr3
00002900   _SweepGeneration
00018320   _SweepSamples
00003320   _TIMER_open
000036e0   _TIMER_reset
00003878   _Timer1_ConfigStart
000038c4   _Timer1_ResetStart
00024e80   _Timer1sec
00024d34   _Timer_Record
00024d2c   _UnDrapeau
000026e0   __CSL_init
00024e44   __GPIO_intTable
00024cc4   __IRQ_dispatchTable
00024c00   __IRQ_eventTable
00004be0   __IRQ_hookFetchPacket
00004500   __IRQ_init
00024c84   __IRQ_intTable
00024de0   __MCBSP_hDev0
00024de4   __MCBSP_hDev1
0002ec68   __STACK_END
00001000   __STACK_SIZE
00024e5c   __TIMER_deviceTable
00024e7c   __TIMER_hBios
00024e74   __TIMER_hDev0
00024e78   __TIMER_hDev1
00000001   __TI_args_main
00004640   ___TI_cpp_init
00024ecc   ___TI_enable_exit_profile_output
ffffffff   ___TI_pprof_out_hndl
ffffffff   ___TI_prof_data_size
ffffffff   ___TI_prof_data_start
ffffffff   ___binit__
00000220   ___bss__
ffffffff   ___c_args__
00024ee0   ___cinit__
00000220   ___end__
00004c00   ___etext__
ffffffff   ___pinit__
00000000   ___text__
000049e0   __args_main
00003b00   __auto_init
00003460   __c6xabi_strasgi
00024ec4   __cleanup_ptr
00024ec8   __dtors_ptr
00024e58   __hGpioDev0
0002dc68   __stack
00003c00   __strasg
00003460   __strasgi
00004bc0   _abort
000046c0   _c_int00
00003ea0   _c_int11
00003f30   _c_int15
000035a0   _c_int4
000006a0   _comm_intr
00000000   _comm_poll
00024cd8   _config
00004100   _copy_in
00024d68   _cpt1
00004840   _enableInterrupts
00024d6c   _errno
00003ce0   _exit
00024e84   _fs
00024d20   _hAIC23_handle
00024ab4   _hCodec
00018220   _index
00000dbc   _init_ext_intr
00000510   _input_left_sample
000005d8   _input_right_sample
0000040c   _input_sample
00024e88   _inputsource
00024e8c   _interrupt11Flag
00024e90   _interrupt15Flag
00024d38   _interrupt4Flag
00001fa0   _main
000024a0   _memcpy
00024d27   _message
00024d28   _message_treated
0000024c   _output_left_sample
0000032c   _output_right_sample
00000130   _output_sample
00024d26   _sample
00024d24   _sample16
00008220   _signal2
00000020   _vector1
00000140   _vector10
00000180   _vector12
000001a0   _vector13
00000040   _vector2
00000060   _vector3
000000a0   _vector5
000000c0   _vector6
000000e0   _vector7
00000100   _vector8
00000120   _vector9
00000000   _vectors
00000220   _w
00001920   _zero_P
ffffffff   binit
00024ee0   cinit
00000220   end
00004c00   etext
ffffffff   pinit


GLOBAL SYMBOLS: SORTED BY Symbol Address 

address    name
--------   ----
00000000   .text
00000000   ___text__
00000000   _comm_poll
00000000   _vectors
00000001   __TI_args_main
00000020   _vector1
00000034   _CODEC_start
00000040   _vector2
00000060   _vector3
000000a0   _vector5
000000c0   _vector6
000000e0   _vector7
00000100   _CODEC_stop
00000100   _vector8
00000120   _vector9
00000130   _output_sample
00000140   _vector10
00000180   _vector12
000001a0   _vector13
00000220   $bss
00000220   .bss
00000220   ___bss__
00000220   ___end__
00000220   _w
00000220   end
0000024c   _output_left_sample
0000032c   _output_right_sample
0000040c   _input_sample
00000510   _input_left_sample
000005d8   _input_right_sample
000006a0   _comm_intr
00000828   _SPI_config
00000b04   _MCBSP_SPI_init
00000c00   _SPI_WRITE_DATA
00000ce4   _SPI_READ_DATA
00000dbc   _init_ext_intr
00000fc0   _DSPF_sp_cfftr2_dit
00001000   __STACK_SIZE
000014ec   _DSK6713_init
00001808   _DSK6713_rget
0000181c   _DSK6713_rset
00001830   _DSK6713_wait
00001888   _DSK6713_waitusec
000018b4   _DSK6713_getVersion
00001920   _zero_P
00001b14   _Corrx_c
00001c80   _DSK6713_AIC23_openCodec
00001fa0   _main
0000214c   _Demo_Corr
00002240   _DSPF_sp_bitrev_cplx
000024a0   _memcpy
000026e0   __CSL_init
00002900   _SweepGeneration
000029fc   _Acquisition
00002b00   _IRQ_map
00002e80   _MCBSP_reset
00003020   _DSK6713_LED_init
00003048   _DSK6713_LED_off
000030a4   _DSK6713_LED_on
00003100   _DSK6713_LED_toggle
000031c0   _DSK6713_AIC23_rset
0000325c   _DSK6713_AIC23_rget
00003280   _DSK6713_AIC23_config
00003320   _TIMER_open
00003460   __c6xabi_strasgi
00003460   __strasgi
000035a0   _c_int4
000036e0   _TIMER_reset
00003800   _DSK6713_Config
00003844   _AIC23_Config
00003878   _Timer1_ConfigStart
000038c4   _Timer1_ResetStart
00003900   _MCBSP_open
00003a00   _MCBSP_start
00003b00   __auto_init
00003c00   __strasg
00003ce0   _exit
00003dc0   _DSK6713_AIC23_outGain
00003ea0   _c_int11
00003f30   _c_int15
00003f80   _GPIO_open
00004040   _GPIO_reset
00004100   _copy_in
000041c0   _DSK6713_AIC23_setFreq
00004280   _Corrx_asm
00004320   _GPIO_intPolarity
000043c0   _MCBSP_close
00004460   _MCBSP_config
00004500   __IRQ_init
00004640   ___TI_cpp_init
000046c0   _c_int00
00004740   _DSK6713_AIC23_closeCodec
000047c0   _DSK6713_DIP_init
000047c8   _DSK6713_DIP_get
00004840   _enableInterrupts
000048c0   _GPIO_pinDirection
00004920   _GPIO_pinEnable
00004960   _IRQ_enable
000049a0   _IRQ_reset
000049e0   __args_main
00004a40   _CSL6713_LIB_
00004a60   _IRQ_clear
00004a80   _IRQ_globalDisable
00004aa0   _IRQ_globalEnable
00004ac0   _IRQ_nmiEnable
00004ae0   _IRQ_set
00004b00   _IRQ_setVecs
00004b20   _MCBSP_getXmtEventId
00004b40   _MCBSP_read
00004b60   _MCBSP_rrdy
00004b80   _MCBSP_write
00004ba0   _MCBSP_xrdy
00004bc0   C$$EXIT
00004bc0   _abort
00004be0   __IRQ_hookFetchPacket
00004c00   ___etext__
00004c00   etext
00008220   _signal2
00018220   _index
00018320   _SweepSamples
00018aa0   _SignalEnr1
0001caa0   _SignalEnr2
00020aa0   _SignalEnr3
00024aa0   _NoEch
00024ab4   _hCodec
00024c00   __IRQ_eventTable
00024c84   __IRQ_intTable
00024cc4   __IRQ_dispatchTable
00024cd4   _AIC_data
00024cd8   _config
00024d00   _AIC23CfgData
00024d20   _hAIC23_handle
00024d24   _sample16
00024d26   _sample
00024d27   _message
00024d28   _message_treated
00024d2c   _UnDrapeau
00024d30   _Record
00024d34   _Timer_Record
00024d38   _interrupt4Flag
00024d3c   _My_McBSP
00024d40   _My_GPIO
00024d44   _MySpiHandle
00024d48   _MCBSP_SPI_Config
00024d68   _cpt1
00024d6c   _errno
00024de0   __MCBSP_hDev0
00024de4   __MCBSP_hDev1
00024e44   __GPIO_intTable
00024e58   __hGpioDev0
00024e5c   __TIMER_deviceTable
00024e74   __TIMER_hDev0
00024e78   __TIMER_hDev1
00024e7c   __TIMER_hBios
00024e80   _Timer1sec
00024e84   _fs
00024e88   _inputsource
00024e8c   _interrupt11Flag
00024e90   _interrupt15Flag
00024e94   _NoSignalEnr
00024e98   _AcquisitionEnCours
00024ec4   __cleanup_ptr
00024ec8   __dtors_ptr
00024ecc   ___TI_enable_exit_profile_output
00024ed0   _DSK6713_AIC23_codeccontrolhandle
00024ed4   _DSK6713_AIC23_codecdatahandle
00024ed8   _DSK6713_version
00024ee0   ___cinit__
00024ee0   cinit
0002dc68   __stack
0002ec68   __STACK_END
ffffffff   ___TI_pprof_out_hndl
ffffffff   ___TI_prof_data_size
ffffffff   ___TI_prof_data_start
ffffffff   ___binit__
ffffffff   ___c_args__
ffffffff   ___pinit__
ffffffff   binit
ffffffff   pinit

[179 symbols]
