******************************************************************************
               TMS320C6x Linker PC v7.4.20                     
******************************************************************************
>> Linked Tue Apr 18 11:46:54 2017

OUTPUT FILE NAME:   <Projet_S5_P1v1.out>
ENTRY POINT SYMBOL: "_c_int00"  address: 000149c0


MEMORY CONFIGURATION

         name            origin    length      used     unused   attr    fill
----------------------  --------  ---------  --------  --------  ----  --------
  IVECS                 00000000   00000220  00000200  00000020  RWIX
  IRAM                  00000220   0002fde0  00018b20  000172c0  RWIX
  SDRAM                 80000000   01000000  00000000  01000000  RWIX
  FLASH                 90000000   00020000  00000000  00020000  RWIX


SECTION ALLOCATION MAP

 output                                  attributes/
section   page    origin      length       input sections
--------  ----  ----------  ----------   ----------------
.vectors   0    00000000    00000200     
                  00000000    00000200     Vectors_intr.obj (.vectors)

.bss       0    00000220    00000000     UNINITIALIZED

.far       0    00000220    0000ea68     UNINITIALIZED
                  00000220    0000e7a0     TraitementSignal.obj (.far)
                  0000e9c0    000000f4     csl6713.lib : csl_irq.obj (.far)
                  0000eab4    00000058     C6713Helper_UdeS.obj (.far)
                  0000eb0c    00000048     SPI_driver.obj (.far)
                  0000eb54    00000038     csl6713.lib : csl_mcbsp.obj (.far)
                  0000eb8c    00000028                 : csl.obj (.far)
                  0000ebb4    00000028     dsk6713bsl.lib : dsk6713_aic23_registers.obj (.far)
                  0000ebdc    00000028     main.obj (.far)
                  0000ec04    00000024     csl6713.lib : csl_gpio.obj (.far)
                  0000ec28    00000024                 : csl_timer.obj (.far)
                  0000ec4c    00000020     dsk6713bsl.lib : dsk6713_aic23_setfreq.obj (.far)
                  0000ec6c    0000000c     rts6700.lib : exit.obj (.far)
                  0000ec78    00000008     dsk6713bsl.lib : dsk6713_aic23_opencodec.obj (.far)
                  0000ec80    00000004     Config.obj (.far)
                  0000ec84    00000002     dsk6713bsl.lib : dsk6713.obj (.far)
                  0000ec86    00000002                    : dsk6713_led.obj (.far)

.text      0    0000eca0    00006320     
                  0000eca0    00001580     TraitementSignal.obj (.text)
                  00010220    000007e0     C6713Helper_UdeS.obj (.text)
                  00010a00    000007e0     SPI_driver.obj (.text)
                  000111e0    00000540     main.obj (.text)
                  00011720    000004e0     dsp67x.lib : DSPF_sp_cfftr2_dit.obj (.text)
                  00011c00    00000480     dsk6713bsl.lib : dsk6713.obj (.text)
                  00012080    00000320                    : dsk6713_aic23_opencodec.obj (.text)
                  000123a0    00000260     dsp67x.lib : DSPF_sp_bitrev_cplx.obj (.text)
                  00012600    00000240     rts6700.lib : memcpy62.obj (.text:_memcpy)
                  00012840    00000240     bitrev_index.obj (.text)
                  00012a80    00000220     csl6713.lib : csl.obj (.text:__CSL_init)
                  00012ca0    000001e0     main.obj (.text:retain)
                  00012e80    000001c0     csl6713.lib : csl_irq.obj (.text:_IRQ_map)
                  00013040    000001c0                 : csl_irq.obj (.text:_mux2Tables)
                  00013200    000001a0                 : csl_mcbsp.obj (.text:_MCBSP_reset)
                  000133a0    000001a0     dsk6713bsl.lib : dsk6713_led.obj (.text)
                  00013540    00000160                    : dsk6713_aic23_registers.obj (.text)
                  000136a0    00000140     csl6713.lib : csl_timer.obj (.text:_TIMER_open)
                  000137e0    00000140     rts6700.lib : strasg.obj (.text:__strasgi)
                  00013920    00000120     csl6713.lib : csl_timer.obj (.text:_TIMER_reset)
                  00013a40    00000120     rts6700.lib : divi.obj (.text:__divi)
                  00013b60    00000100     Config.obj (.text)
                  00013c60    00000100     csl6713.lib : csl_mcbsp.obj (.text:_MCBSP_open)
                  00013d60    00000100                 : csl_mcbsp.obj (.text:_MCBSP_start)
                  00013e60    00000100     rts6700.lib : autoinit.obj (.text:__auto_init)
                  00013f60    000000e0                 : strasg.obj (.text:__strasg)
                  00014040    000000e0                 : exit.obj (.text:_exit)
                  00014120    000000e0     dsk6713bsl.lib : dsk6713_aic23_outgain.obj (.text)
                  00014200    000000c0     csl6713.lib : csl_gpio.obj (.text:_GPIO_open)
                  000142c0    000000c0                 : csl_gpio.obj (.text:_GPIO_reset)
                  00014380    000000c0     rts6700.lib : cpy_tbl.obj (.text:_copy_in)
                  00014440    000000c0     dsk6713bsl.lib : dsk6713_aic23_setfreq.obj (.text)
                  00014500    000000a0     CorrX.obj (.text)
                  000145a0    000000a0     csl6713.lib : csl_gpio.obj (.text:_GPIO_intPolarity)
                  00014640    000000a0                 : csl_mcbsp.obj (.text:_MCBSP_close)
                  000146e0    000000a0                 : csl_mcbsp.obj (.text:_MCBSP_config)
                  00014780    000000a0                 : csl_irq.obj (.text:__IRQ_init)
                  00014820    000000a0                 : csl_irq.obj (.text:_setMux)
                  000148c0    00000080     Corr.obj (.text)
                  00014940    00000080     rts6700.lib : cpp_init.obj (.text:___TI_cpp_init)
                  000149c0    00000080                 : boot.obj (.text:_c_int00)
                  00014a40    00000080     dsk6713bsl.lib : dsk6713_aic23_closecodec.obj (.text)
                  00014ac0    00000080                    : dsk6713_dip.obj (.text)
                  00014b40    00000080     enableInterrupts.obj (.text)
                  00014bc0    00000060     csl6713.lib : csl_gpio.obj (.text:_GPIO_pinDirection)
                  00014c20    00000040                 : csl_gpio.obj (.text:_GPIO_pinEnable)
                  00014c60    00000040                 : csl_gpio.obj (.text:_GPIO_pinRead)
                  00014ca0    00000040                 : csl_gpio.obj (.text:_GPIO_pinWrite)
                  00014ce0    00000040                 : csl_irq.obj (.text:_IRQ_enable)
                  00014d20    00000040                 : csl_irq.obj (.text:_IRQ_reset)
                  00014d60    00000040     rts6700.lib : args_main.obj (.text:__args_main)
                  00014da0    00000040     SPI_driver.obj (.text:retain)
                  00014de0    00000020     Vectors_intr.obj (.text)
                  00014e00    00000020     csl6713.lib : csl.obj (.text:_CSL6713_LIB_)
                  00014e20    00000020                 : csl_irq.obj (.text:_IRQ_clear)
                  00014e40    00000020                 : csl_irq.obj (.text:_IRQ_globalDisable)
                  00014e60    00000020                 : csl_irq.obj (.text:_IRQ_globalEnable)
                  00014e80    00000020                 : csl_irq.obj (.text:_IRQ_nmiEnable)
                  00014ea0    00000020                 : csl_irq.obj (.text:_IRQ_set)
                  00014ec0    00000020                 : csl_irq.obj (.text:_IRQ_setVecs)
                  00014ee0    00000020                 : csl_mcbsp.obj (.text:_MCBSP_getXmtEventId)
                  00014f00    00000020                 : csl_mcbsp.obj (.text:_MCBSP_read)
                  00014f20    00000020                 : csl_mcbsp.obj (.text:_MCBSP_rrdy)
                  00014f40    00000020                 : csl_mcbsp.obj (.text:_MCBSP_write)
                  00014f60    00000020                 : csl_mcbsp.obj (.text:_MCBSP_xrdy)
                  00014f80    00000020     rts6700.lib : exit.obj (.text:_abort)
                  00014fa0    00000020     csl6713.lib : csl_irq.obj (.text)

.cinit     0    00014fc0    00002c3c     
                  00014fc0    0000280c     TraitementSignal.obj (.cinit)
                  000177cc    00000004     --HOLE-- [fill = 0]
                  000177d0    0000012c     csl6713.lib : csl_irq.obj (.cinit)
                  000178fc    00000004     --HOLE-- [fill = 0]
                  00017900    0000009c     main.obj (.cinit)
                  0001799c    00000004     --HOLE-- [fill = 0]
                  000179a0    00000058     C6713Helper_UdeS.obj (.cinit)
                  000179f8    00000054     csl6713.lib : csl_mcbsp.obj (.cinit)
                  00017a4c    00000004     --HOLE-- [fill = 0]
                  00017a50    0000004c                 : csl_timer.obj (.cinit)
                  00017a9c    00000004     --HOLE-- [fill = 0]
                  00017aa0    00000044     SPI_driver.obj (.cinit)
                  00017ae4    00000004     --HOLE-- [fill = 0]
                  00017ae8    00000044     csl6713.lib : csl_gpio.obj (.cinit)
                  00017b2c    00000004     --HOLE-- [fill = 0]
                  00017b30    0000003c                 : csl.obj (.cinit)
                  00017b6c    00000004     --HOLE-- [fill = 0]
                  00017b70    00000030     dsk6713bsl.lib : dsk6713_aic23_registers.obj (.cinit)
                  00017ba0    0000002c     rts6700.lib : exit.obj (.cinit)
                  00017bcc    00000004     --HOLE-- [fill = 0]
                  00017bd0    00000028     dsk6713bsl.lib : dsk6713_aic23_setfreq.obj (.cinit)
                  00017bf8    00000004     --HOLE-- [fill = 0]

.stack     0    00017c00    00001000     UNINITIALIZED
                  00017c00    00000008     rts6700.lib : boot.obj (.stack)
                  00017c08    00000ff8     --HOLE--

.switch    0    00018c00    000000b8     
                  00018c00    0000005c     TraitementSignal.obj (.switch:_faireCorr)
                  00018c5c    00000040     TraitementSignal.obj (.switch:_faireAction)
                  00018c9c    0000001c     TraitementSignal.obj (.switch:_Traitement)

.const     0    00018cb8    000000a4     
                  00018cb8    00000044     TraitementSignal.obj (.const:_$P$T0$3)
                  00018cfc    00000040     dsk6713bsl.lib : dsk6713_aic23_opencodec.obj (.const)
                  00018d3c    00000020                    : dsk6713.obj (.const)


GLOBAL SYMBOLS: SORTED ALPHABETICALLY BY Name 

address    name
--------   ----
00000220   $bss
00000220   .bss
0000eca0   .text
00014f80   C$$EXIT
0000eae8   _AIC23CfgData
00013ba4   _AIC23_Config
0000eabc   _AIC_data
0000eca0   _Acquisition
0000ebf8   _AcquisitionEnCours
00010254   _CODEC_start
00010320   _CODEC_stop
00014e00   _CSL6713_LIB_
0000ebfc   _CharIn
000148c0   _Corr_asm
00014500   _Corrx_asm
00014a40   _DSK6713_AIC23_closeCodec
0000ec78   _DSK6713_AIC23_codeccontrolhandle
0000ec7c   _DSK6713_AIC23_codecdatahandle
00013600   _DSK6713_AIC23_config
00012080   _DSK6713_AIC23_openCodec
00014120   _DSK6713_AIC23_outGain
000135dc   _DSK6713_AIC23_rget
00013540   _DSK6713_AIC23_rset
00014440   _DSK6713_AIC23_setFreq
00013b60   _DSK6713_Config
00014ac8   _DSK6713_DIP_get
00014ac0   _DSK6713_DIP_init
000133a0   _DSK6713_LED_init
000133c8   _DSK6713_LED_off
00013424   _DSK6713_LED_on
00013480   _DSK6713_LED_toggle
00012014   _DSK6713_getVersion
00011c4c   _DSK6713_init
00011f68   _DSK6713_rget
00011f7c   _DSK6713_rset
0000ec84   _DSK6713_version
00011f90   _DSK6713_wait
00011fe8   _DSK6713_waitusec
000123a0   _DSPF_sp_bitrev_cplx
00011720   _DSPF_sp_cfftr2_dit
000145a0   _GPIO_intPolarity
00014200   _GPIO_open
00014bc0   _GPIO_pinDirection
00014c20   _GPIO_pinEnable
00014c60   _GPIO_pinRead
00014ca0   _GPIO_pinWrite
000142c0   _GPIO_reset
00014e20   _IRQ_clear
00014ce0   _IRQ_enable
00014e40   _IRQ_globalDisable
00014e60   _IRQ_globalEnable
00012e80   _IRQ_map
00014e80   _IRQ_nmiEnable
00014d20   _IRQ_reset
00014ea0   _IRQ_set
00014ec0   _IRQ_setVecs
0000eb30   _MCBSP_SPI_Config
00010d34   _MCBSP_SPI_init
00014640   _MCBSP_close
000146e0   _MCBSP_config
00014ee0   _MCBSP_getXmtEventId
00013c60   _MCBSP_open
00014f00   _MCBSP_read
00013200   _MCBSP_reset
00014f20   _MCBSP_rrdy
00013d60   _MCBSP_start
00014f40   _MCBSP_write
00014f60   _MCBSP_xrdy
0000eb2c   _MySpiHandle
0000eb28   _My_GPIO
0000eb24   _My_McBSP
0000e9ac   _NoEch
0000ebf4   _NoSignalEnr
0000e9b0   _ProccessingState
0000eb18   _Record
000029a4   _ResCorr
00010f14   _SPI_READ_DATA
00010e2c   _SPI_WRITE_DATA
00010a48   _SPI_config
000029a0   _SeuilDetect
0000fa90   _Smooth
0000ed80   _SweepGeneration
00000220   _SweepSamples
000136a0   _TIMER_open
00013920   _TIMER_reset
000029a8   _TabAcq
000089a8   _TabCorr0
00008da8   _TabCorr1
0000b1a8   _TabCorr10
0000b5a8   _TabCorr11
0000b9a8   _TabCorr12
0000bda8   _TabCorr13
0000c1a8   _TabCorr14
0000c5a8   _TabCorr15
000091a8   _TabCorr2
000095a8   _TabCorr3
000099a8   _TabCorr4
00009da8   _TabCorr5
0000a1a8   _TabCorr6
0000a5a8   _TabCorr7
0000a9a8   _TabCorr8
0000ada8   _TabCorr9
000069a8   _TabMoyenne
000079a8   _TabSmooth
00013bd8   _Timer1_ConfigStart
00013c3c   _Timer1_ResetStart
0000ebdc   _Timer1sec
0000eb1c   _Timer_Record
00010004   _Traitement
0000eb14   _UnDrapeau
00012a80   __CSL_init
0000ec10   __GPIO_intTable
0000eaac   __IRQ_dispatchTable
0000e9e8   __IRQ_eventTable
00014fa0   __IRQ_hookFetchPacket
00014780   __IRQ_init
0000ea6c   __IRQ_intTable
0000eb84   __MCBSP_hDev0
0000eb88   __MCBSP_hDev1
00018c00   __STACK_END
00001000   __STACK_SIZE
0000ec28   __TIMER_deviceTable
0000ec48   __TIMER_hBios
0000ec40   __TIMER_hDev0
0000ec44   __TIMER_hDev1
00000001   __TI_args_main
00014940   ___TI_cpp_init
0000ec74   ___TI_enable_exit_profile_output
ffffffff   ___TI_pprof_out_hndl
ffffffff   ___TI_prof_data_size
ffffffff   ___TI_prof_data_start
ffffffff   ___binit__
00000220   ___bss__
ffffffff   ___c_args__
00014fc0   ___cinit__
00000220   ___end__
00014fc0   ___etext__
ffffffff   ___pinit__
0000eca0   ___text__
00014d60   __args_main
00013e60   __auto_init
00013a40   __c6xabi_divi
000137e0   __c6xabi_strasgi
0000ec6c   __cleanup_ptr
00013a40   __divi
0000ec70   __dtors_ptr
0000ec24   __hGpioDev0
00017c00   __stack
00013f60   __strasg
000137e0   __strasgi
00014f80   _abort
00012840   _bitrev_index
000149c0   _c_int00
00012ca0   _c_int11
00012dc4   _c_int15
00014da0   _c_int4
000108c0   _comm_intr
00010220   _comm_poll
0000eac0   _config
00014380   _copy_in
0000eb50   _cpt1
0000ebf0   _echActuel
00014b40   _enableInterrupts
00014040   _exit
0000f5dc   _faireAction
0000ee38   _faireCorr
0000fd6c   _faireCorrelation
0000f874   _faireFFT
0000f994   _faireMoyenne
0000ebe0   _fs
0000eb08   _hAIC23_handle
0000ec80   _hCodec
0000c9a8   _index
00011358   _initGPIO
0000fc50   _initTraitementSignal
00010fec   _init_ext_intr
00010730   _input_left_sample
000107f8   _input_right_sample
0001062c   _input_sample
0000ebe4   _inputsource
0000ebe8   _interrupt11Flag
0000ebec   _interrupt15Flag
0000eb20   _interrupt4Flag
000111e0   _main
00012600   _memcpy
0000eb0f   _message
0000eb10   _message_treated
0001046c   _output_left_sample
0001054c   _output_right_sample
00010350   _output_sample
0000e9b4   _resPrecedent
0000eb0e   _sample
0000eb0c   _sample16
00011650   _toggleGPIO
000009a0   _twiddly
00000020   _vector1
00000140   _vector10
00000180   _vector12
000001a0   _vector13
00000040   _vector2
00000060   _vector3
000000a0   _vector5
000000c0   _vector6
000000e0   _vector7
00000100   _vector8
00000120   _vector9
00000000   _vectors
ffffffff   binit
00014fc0   cinit
00000220   end
00014fc0   etext
ffffffff   pinit


GLOBAL SYMBOLS: SORTED BY Symbol Address 

address    name
--------   ----
00000000   _vectors
00000001   __TI_args_main
00000020   _vector1
00000040   _vector2
00000060   _vector3
000000a0   _vector5
000000c0   _vector6
000000e0   _vector7
00000100   _vector8
00000120   _vector9
00000140   _vector10
00000180   _vector12
000001a0   _vector13
00000220   $bss
00000220   .bss
00000220   _SweepSamples
00000220   ___bss__
00000220   ___end__
00000220   end
000009a0   _twiddly
00001000   __STACK_SIZE
000029a0   _SeuilDetect
000029a4   _ResCorr
000029a8   _TabAcq
000069a8   _TabMoyenne
000079a8   _TabSmooth
000089a8   _TabCorr0
00008da8   _TabCorr1
000091a8   _TabCorr2
000095a8   _TabCorr3
000099a8   _TabCorr4
00009da8   _TabCorr5
0000a1a8   _TabCorr6
0000a5a8   _TabCorr7
0000a9a8   _TabCorr8
0000ada8   _TabCorr9
0000b1a8   _TabCorr10
0000b5a8   _TabCorr11
0000b9a8   _TabCorr12
0000bda8   _TabCorr13
0000c1a8   _TabCorr14
0000c5a8   _TabCorr15
0000c9a8   _index
0000e9ac   _NoEch
0000e9b0   _ProccessingState
0000e9b4   _resPrecedent
0000e9e8   __IRQ_eventTable
0000ea6c   __IRQ_intTable
0000eaac   __IRQ_dispatchTable
0000eabc   _AIC_data
0000eac0   _config
0000eae8   _AIC23CfgData
0000eb08   _hAIC23_handle
0000eb0c   _sample16
0000eb0e   _sample
0000eb0f   _message
0000eb10   _message_treated
0000eb14   _UnDrapeau
0000eb18   _Record
0000eb1c   _Timer_Record
0000eb20   _interrupt4Flag
0000eb24   _My_McBSP
0000eb28   _My_GPIO
0000eb2c   _MySpiHandle
0000eb30   _MCBSP_SPI_Config
0000eb50   _cpt1
0000eb84   __MCBSP_hDev0
0000eb88   __MCBSP_hDev1
0000ebdc   _Timer1sec
0000ebe0   _fs
0000ebe4   _inputsource
0000ebe8   _interrupt11Flag
0000ebec   _interrupt15Flag
0000ebf0   _echActuel
0000ebf4   _NoSignalEnr
0000ebf8   _AcquisitionEnCours
0000ebfc   _CharIn
0000ec10   __GPIO_intTable
0000ec24   __hGpioDev0
0000ec28   __TIMER_deviceTable
0000ec40   __TIMER_hDev0
0000ec44   __TIMER_hDev1
0000ec48   __TIMER_hBios
0000ec6c   __cleanup_ptr
0000ec70   __dtors_ptr
0000ec74   ___TI_enable_exit_profile_output
0000ec78   _DSK6713_AIC23_codeccontrolhandle
0000ec7c   _DSK6713_AIC23_codecdatahandle
0000ec80   _hCodec
0000ec84   _DSK6713_version
0000eca0   .text
0000eca0   _Acquisition
0000eca0   ___text__
0000ed80   _SweepGeneration
0000ee38   _faireCorr
0000f5dc   _faireAction
0000f874   _faireFFT
0000f994   _faireMoyenne
0000fa90   _Smooth
0000fc50   _initTraitementSignal
0000fd6c   _faireCorrelation
00010004   _Traitement
00010220   _comm_poll
00010254   _CODEC_start
00010320   _CODEC_stop
00010350   _output_sample
0001046c   _output_left_sample
0001054c   _output_right_sample
0001062c   _input_sample
00010730   _input_left_sample
000107f8   _input_right_sample
000108c0   _comm_intr
00010a48   _SPI_config
00010d34   _MCBSP_SPI_init
00010e2c   _SPI_WRITE_DATA
00010f14   _SPI_READ_DATA
00010fec   _init_ext_intr
000111e0   _main
00011358   _initGPIO
00011650   _toggleGPIO
00011720   _DSPF_sp_cfftr2_dit
00011c4c   _DSK6713_init
00011f68   _DSK6713_rget
00011f7c   _DSK6713_rset
00011f90   _DSK6713_wait
00011fe8   _DSK6713_waitusec
00012014   _DSK6713_getVersion
00012080   _DSK6713_AIC23_openCodec
000123a0   _DSPF_sp_bitrev_cplx
00012600   _memcpy
00012840   _bitrev_index
00012a80   __CSL_init
00012ca0   _c_int11
00012dc4   _c_int15
00012e80   _IRQ_map
00013200   _MCBSP_reset
000133a0   _DSK6713_LED_init
000133c8   _DSK6713_LED_off
00013424   _DSK6713_LED_on
00013480   _DSK6713_LED_toggle
00013540   _DSK6713_AIC23_rset
000135dc   _DSK6713_AIC23_rget
00013600   _DSK6713_AIC23_config
000136a0   _TIMER_open
000137e0   __c6xabi_strasgi
000137e0   __strasgi
00013920   _TIMER_reset
00013a40   __c6xabi_divi
00013a40   __divi
00013b60   _DSK6713_Config
00013ba4   _AIC23_Config
00013bd8   _Timer1_ConfigStart
00013c3c   _Timer1_ResetStart
00013c60   _MCBSP_open
00013d60   _MCBSP_start
00013e60   __auto_init
00013f60   __strasg
00014040   _exit
00014120   _DSK6713_AIC23_outGain
00014200   _GPIO_open
000142c0   _GPIO_reset
00014380   _copy_in
00014440   _DSK6713_AIC23_setFreq
00014500   _Corrx_asm
000145a0   _GPIO_intPolarity
00014640   _MCBSP_close
000146e0   _MCBSP_config
00014780   __IRQ_init
000148c0   _Corr_asm
00014940   ___TI_cpp_init
000149c0   _c_int00
00014a40   _DSK6713_AIC23_closeCodec
00014ac0   _DSK6713_DIP_init
00014ac8   _DSK6713_DIP_get
00014b40   _enableInterrupts
00014bc0   _GPIO_pinDirection
00014c20   _GPIO_pinEnable
00014c60   _GPIO_pinRead
00014ca0   _GPIO_pinWrite
00014ce0   _IRQ_enable
00014d20   _IRQ_reset
00014d60   __args_main
00014da0   _c_int4
00014e00   _CSL6713_LIB_
00014e20   _IRQ_clear
00014e40   _IRQ_globalDisable
00014e60   _IRQ_globalEnable
00014e80   _IRQ_nmiEnable
00014ea0   _IRQ_set
00014ec0   _IRQ_setVecs
00014ee0   _MCBSP_getXmtEventId
00014f00   _MCBSP_read
00014f20   _MCBSP_rrdy
00014f40   _MCBSP_write
00014f60   _MCBSP_xrdy
00014f80   C$$EXIT
00014f80   _abort
00014fa0   __IRQ_hookFetchPacket
00014fc0   ___cinit__
00014fc0   ___etext__
00014fc0   cinit
00014fc0   etext
00017c00   __stack
00018c00   __STACK_END
ffffffff   ___TI_pprof_out_hndl
ffffffff   ___TI_prof_data_size
ffffffff   ___TI_prof_data_start
ffffffff   ___binit__
ffffffff   ___c_args__
ffffffff   ___pinit__
ffffffff   binit
ffffffff   pinit

[212 symbols]
