<?xml version="1.0"?>
<link_info>
   <banner>TMS320C6x Linker PC v7.4.20</banner>
   <copyright>Copyright (c) 1996-2015 Texas Instruments Incorporated</copyright>
   <link_time>0x58e40520</link_time>
   <output_file>Projet_S5_P1v1.out</output_file>
   <entry_point>
      <name>_c_int00</name>
      <address>0x26320</address>
   </entry_point>
   <input_file_list>
      <input_file id="fl-2">
         <path>.\source\asm\</path>
         <kind>object</kind>
         <file>CorrX.obj</file>
         <name>CorrX.obj</name>
      </input_file>
      <input_file id="fl-3">
         <path>.\source\asm\</path>
         <kind>object</kind>
         <file>Vectors_intr.obj</file>
         <name>Vectors_intr.obj</name>
      </input_file>
      <input_file id="fl-4">
         <path>.\source\asm\</path>
         <kind>object</kind>
         <file>enableInterrupts.obj</file>
         <name>enableInterrupts.obj</name>
      </input_file>
      <input_file id="fl-5">
         <path>.\source\c\</path>
         <kind>object</kind>
         <file>C6713Helper_UdeS.obj</file>
         <name>C6713Helper_UdeS.obj</name>
      </input_file>
      <input_file id="fl-6">
         <path>.\source\c\</path>
         <kind>object</kind>
         <file>Config.obj</file>
         <name>Config.obj</name>
      </input_file>
      <input_file id="fl-7">
         <path>.\source\c\</path>
         <kind>object</kind>
         <file>CorrX.obj</file>
         <name>CorrX.obj</name>
      </input_file>
      <input_file id="fl-8">
         <path>.\source\c\</path>
         <kind>object</kind>
         <file>SPI_driver.obj</file>
         <name>SPI_driver.obj</name>
      </input_file>
      <input_file id="fl-9">
         <path>.\source\c\</path>
         <kind>object</kind>
         <file>SweepGen.obj</file>
         <name>SweepGen.obj</name>
      </input_file>
      <input_file id="fl-a">
         <path>.\source\c\</path>
         <kind>object</kind>
         <file>bitrev_index.obj</file>
         <name>bitrev_index.obj</name>
      </input_file>
      <input_file id="fl-b">
         <path>.\source\c\</path>
         <kind>object</kind>
         <file>main.obj</file>
         <name>main.obj</name>
      </input_file>
      <input_file id="fl-c">
         <path>.\source\c\</path>
         <kind>object</kind>
         <file>signalFFT.obj</file>
         <name>signalFFT.obj</name>
      </input_file>
      <input_file id="fl-8b">
         <path>C:\ti\ccsv7\tools\compiler\c6000_7.4.20\lib\</path>
         <kind>archive</kind>
         <file>rts6700.lib</file>
         <name>boot.obj</name>
      </input_file>
      <input_file id="fl-8c">
         <path>C:\ti\ccsv7\tools\compiler\c6000_7.4.20\lib\</path>
         <kind>archive</kind>
         <file>rts6700.lib</file>
         <name>divd.obj</name>
      </input_file>
      <input_file id="fl-8d">
         <path>C:\ti\ccsv7\tools\compiler\c6000_7.4.20\lib\</path>
         <kind>archive</kind>
         <file>rts6700.lib</file>
         <name>divi.obj</name>
      </input_file>
      <input_file id="fl-8e">
         <path>C:\ti\ccsv7\tools\compiler\c6000_7.4.20\lib\</path>
         <kind>archive</kind>
         <file>rts6700.lib</file>
         <name>exit.obj</name>
      </input_file>
      <input_file id="fl-8f">
         <path>C:\ti\ccsv7\tools\compiler\c6000_7.4.20\lib\</path>
         <kind>archive</kind>
         <file>rts6700.lib</file>
         <name>frcmpyd_div.obj</name>
      </input_file>
      <input_file id="fl-90">
         <path>C:\ti\ccsv7\tools\compiler\c6000_7.4.20\lib\</path>
         <kind>archive</kind>
         <file>rts6700.lib</file>
         <name>llshift.obj</name>
      </input_file>
      <input_file id="fl-91">
         <path>C:\ti\ccsv7\tools\compiler\c6000_7.4.20\lib\</path>
         <kind>archive</kind>
         <file>rts6700.lib</file>
         <name>mpyll.obj</name>
      </input_file>
      <input_file id="fl-92">
         <path>C:\ti\ccsv7\tools\compiler\c6000_7.4.20\lib\</path>
         <kind>archive</kind>
         <file>rts6700.lib</file>
         <name>pow.obj</name>
      </input_file>
      <input_file id="fl-93">
         <path>C:\ti\ccsv7\tools\compiler\c6000_7.4.20\lib\</path>
         <kind>archive</kind>
         <file>rts6700.lib</file>
         <name>round.obj</name>
      </input_file>
      <input_file id="fl-94">
         <path>C:\ti\ccsv7\tools\compiler\c6000_7.4.20\lib\</path>
         <kind>archive</kind>
         <file>rts6700.lib</file>
         <name>sin.obj</name>
      </input_file>
      <input_file id="fl-95">
         <path>C:\ti\ccsv7\tools\compiler\c6000_7.4.20\lib\</path>
         <kind>archive</kind>
         <file>rts6700.lib</file>
         <name>strasg.obj</name>
      </input_file>
      <input_file id="fl-96">
         <path>C:\ti\ccsv7\tools\compiler\c6000_7.4.20\lib\</path>
         <kind>archive</kind>
         <file>rts6700.lib</file>
         <name>trunc.obj</name>
      </input_file>
      <input_file id="fl-97">
         <path>C:\ti\ccsv7\tools\compiler\c6000_7.4.20\lib\</path>
         <kind>archive</kind>
         <file>rts6700.lib</file>
         <name>args_main.obj</name>
      </input_file>
      <input_file id="fl-98">
         <path>C:\ti\ccsv7\tools\compiler\c6000_7.4.20\lib\</path>
         <kind>archive</kind>
         <file>rts6700.lib</file>
         <name>autoinit.obj</name>
      </input_file>
      <input_file id="fl-99">
         <path>C:\ti\ccsv7\tools\compiler\c6000_7.4.20\lib\</path>
         <kind>archive</kind>
         <file>rts6700.lib</file>
         <name>cpp_init.obj</name>
      </input_file>
      <input_file id="fl-9a">
         <path>C:\ti\ccsv7\tools\compiler\c6000_7.4.20\lib\</path>
         <kind>archive</kind>
         <file>rts6700.lib</file>
         <name>cpy_tbl.obj</name>
      </input_file>
      <input_file id="fl-9b">
         <path>C:\ti\ccsv7\tools\compiler\c6000_7.4.20\lib\</path>
         <kind>archive</kind>
         <file>rts6700.lib</file>
         <name>errno.obj</name>
      </input_file>
      <input_file id="fl-9c">
         <path>C:\ti\ccsv7\tools\compiler\c6000_7.4.20\lib\</path>
         <kind>archive</kind>
         <file>rts6700.lib</file>
         <name>frexp.obj</name>
      </input_file>
      <input_file id="fl-9d">
         <path>C:\ti\ccsv7\tools\compiler\c6000_7.4.20\lib\</path>
         <kind>archive</kind>
         <file>rts6700.lib</file>
         <name>ldexp.obj</name>
      </input_file>
      <input_file id="fl-9e">
         <path>C:\ti\ccsv7\tools\compiler\c6000_7.4.20\lib\</path>
         <kind>archive</kind>
         <file>rts6700.lib</file>
         <name>memcpy62.obj</name>
      </input_file>
      <input_file id="fl-9f">
         <path>C:\ti\ccsv7\tools\compiler\c6000_7.4.20\lib\</path>
         <kind>archive</kind>
         <file>rts6700.lib</file>
         <name>modf.obj</name>
      </input_file>
      <input_file id="fl-a0">
         <path>C:\ti\ccsv7\ccs_base\C6xCSL\lib_3x\</path>
         <kind>archive</kind>
         <file>csl6713.lib</file>
         <name>csl.obj</name>
      </input_file>
      <input_file id="fl-a1">
         <path>C:\ti\ccsv7\ccs_base\C6xCSL\lib_3x\</path>
         <kind>archive</kind>
         <file>csl6713.lib</file>
         <name>csl_gpio.obj</name>
      </input_file>
      <input_file id="fl-a2">
         <path>C:\ti\ccsv7\ccs_base\C6xCSL\lib_3x\</path>
         <kind>archive</kind>
         <file>csl6713.lib</file>
         <name>csl_irq.obj</name>
      </input_file>
      <input_file id="fl-a3">
         <path>C:\ti\ccsv7\ccs_base\C6xCSL\lib_3x\</path>
         <kind>archive</kind>
         <file>csl6713.lib</file>
         <name>csl_mcbsp.obj</name>
      </input_file>
      <input_file id="fl-a4">
         <path>C:\ti\ccsv7\ccs_base\C6xCSL\lib_3x\</path>
         <kind>archive</kind>
         <file>csl6713.lib</file>
         <name>csl_timer.obj</name>
      </input_file>
      <input_file id="fl-a5">
         <path>C:\ti\ccsv7\ccs_base\C6700\dsplib\lib\</path>
         <kind>archive</kind>
         <file>dsp67x.lib</file>
         <name>DSPF_sp_bitrev_cplx.obj</name>
      </input_file>
      <input_file id="fl-a6">
         <path>C:\ti\ccsv7\ccs_base\C6700\dsplib\lib\</path>
         <kind>archive</kind>
         <file>dsp67x.lib</file>
         <name>DSPF_sp_cfftr2_dit.obj</name>
      </input_file>
      <input_file id="fl-a7">
         <path>C:\ti\dsk6713\lib\</path>
         <kind>archive</kind>
         <file>dsk6713bsl.lib</file>
         <name>dsk6713.obj</name>
      </input_file>
      <input_file id="fl-a8">
         <path>C:\ti\dsk6713\lib\</path>
         <kind>archive</kind>
         <file>dsk6713bsl.lib</file>
         <name>dsk6713_aic23_closecodec.obj</name>
      </input_file>
      <input_file id="fl-a9">
         <path>C:\ti\dsk6713\lib\</path>
         <kind>archive</kind>
         <file>dsk6713bsl.lib</file>
         <name>dsk6713_aic23_opencodec.obj</name>
      </input_file>
      <input_file id="fl-aa">
         <path>C:\ti\dsk6713\lib\</path>
         <kind>archive</kind>
         <file>dsk6713bsl.lib</file>
         <name>dsk6713_aic23_outgain.obj</name>
      </input_file>
      <input_file id="fl-ab">
         <path>C:\ti\dsk6713\lib\</path>
         <kind>archive</kind>
         <file>dsk6713bsl.lib</file>
         <name>dsk6713_aic23_registers.obj</name>
      </input_file>
      <input_file id="fl-ac">
         <path>C:\ti\dsk6713\lib\</path>
         <kind>archive</kind>
         <file>dsk6713bsl.lib</file>
         <name>dsk6713_aic23_setfreq.obj</name>
      </input_file>
      <input_file id="fl-ad">
         <path>C:\ti\dsk6713\lib\</path>
         <kind>archive</kind>
         <file>dsk6713bsl.lib</file>
         <name>dsk6713_dip.obj</name>
      </input_file>
      <input_file id="fl-ae">
         <path>C:\ti\dsk6713\lib\</path>
         <kind>archive</kind>
         <file>dsk6713bsl.lib</file>
         <name>dsk6713_led.obj</name>
      </input_file>
   </input_file_list>
   <object_component_list>
      <object_component id="oc-14">
         <name>.vectors</name>
         <load_address>0x0</load_address>
         <run_address>0x0</run_address>
         <size>0x200</size>
         <input_file_ref idref="fl-3"/>
      </object_component>
      <object_component id="oc-eb">
         <name>.text</name>
         <load_address>0x21c20</load_address>
         <run_address>0x21c20</run_address>
         <size>0x8e0</size>
         <input_file_ref idref="fl-8"/>
      </object_component>
      <object_component id="oc-ea">
         <name>.text</name>
         <load_address>0x22500</load_address>
         <run_address>0x22500</run_address>
         <size>0x7e0</size>
         <input_file_ref idref="fl-5"/>
      </object_component>
      <object_component id="oc-ae">
         <name>.text</name>
         <load_address>0x22ce0</load_address>
         <run_address>0x22ce0</run_address>
         <size>0x4e0</size>
         <input_file_ref idref="fl-a6"/>
      </object_component>
      <object_component id="oc-b2">
         <name>.text</name>
         <load_address>0x231c0</load_address>
         <run_address>0x231c0</run_address>
         <size>0x480</size>
         <input_file_ref idref="fl-a7"/>
      </object_component>
      <object_component id="oc-f0">
         <name>.text</name>
         <load_address>0x23640</load_address>
         <run_address>0x23640</run_address>
         <size>0x360</size>
         <input_file_ref idref="fl-7"/>
      </object_component>
      <object_component id="oc-bc">
         <name>.text</name>
         <load_address>0x239a0</load_address>
         <run_address>0x239a0</run_address>
         <size>0x320</size>
         <input_file_ref idref="fl-a9"/>
      </object_component>
      <object_component id="oc-e6">
         <name>.text</name>
         <load_address>0x23cc0</load_address>
         <run_address>0x23cc0</run_address>
         <size>0x2a0</size>
         <input_file_ref idref="fl-b"/>
      </object_component>
      <object_component id="oc-aa">
         <name>.text</name>
         <load_address>0x23f60</load_address>
         <run_address>0x23f60</run_address>
         <size>0x260</size>
         <input_file_ref idref="fl-a5"/>
      </object_component>
      <object_component id="oc-e4">
         <name>.text:_memcpy</name>
         <load_address>0x241c0</load_address>
         <run_address>0x241c0</run_address>
         <size>0x240</size>
         <input_file_ref idref="fl-9e"/>
      </object_component>
      <object_component id="oc-fe">
         <name>.text:__CSL_init</name>
         <load_address>0x24400</load_address>
         <run_address>0x24400</run_address>
         <size>0x220</size>
         <input_file_ref idref="fl-a0"/>
      </object_component>
      <object_component id="oc-f8">
         <name>.text:_IRQ_map</name>
         <load_address>0x24620</load_address>
         <run_address>0x24620</run_address>
         <size>0x1c0</size>
         <input_file_ref idref="fl-a2"/>
      </object_component>
      <object_component id="oc-109">
         <name>.text:_mux2Tables</name>
         <load_address>0x247e0</load_address>
         <run_address>0x247e0</run_address>
         <size>0x1c0</size>
         <input_file_ref idref="fl-a2"/>
      </object_component>
      <object_component id="oc-e8">
         <name>.text:_MCBSP_reset</name>
         <load_address>0x249a0</load_address>
         <run_address>0x249a0</run_address>
         <size>0x1a0</size>
         <input_file_ref idref="fl-a3"/>
      </object_component>
      <object_component id="oc-d6">
         <name>.text</name>
         <load_address>0x24b40</load_address>
         <run_address>0x24b40</run_address>
         <size>0x1a0</size>
         <input_file_ref idref="fl-ae"/>
      </object_component>
      <object_component id="oc-c6">
         <name>.text</name>
         <load_address>0x24ce0</load_address>
         <run_address>0x24ce0</run_address>
         <size>0x160</size>
         <input_file_ref idref="fl-ab"/>
      </object_component>
      <object_component id="oc-108">
         <name>.text:_TIMER_open</name>
         <load_address>0x24e40</load_address>
         <run_address>0x24e40</run_address>
         <size>0x140</size>
         <input_file_ref idref="fl-a4"/>
      </object_component>
      <object_component id="oc-ed">
         <name>.text:__strasgi</name>
         <load_address>0x24f80</load_address>
         <run_address>0x24f80</run_address>
         <size>0x140</size>
         <input_file_ref idref="fl-95"/>
      </object_component>
      <object_component id="oc-2e">
         <name>.text:retain</name>
         <load_address>0x250c0</load_address>
         <run_address>0x250c0</run_address>
         <size>0x140</size>
         <input_file_ref idref="fl-8"/>
      </object_component>
      <object_component id="oc-3f">
         <name>.text:retain</name>
         <load_address>0x25200</load_address>
         <run_address>0x25200</run_address>
         <size>0x140</size>
         <input_file_ref idref="fl-b"/>
      </object_component>
      <object_component id="oc-10a">
         <name>.text:_TIMER_reset</name>
         <load_address>0x25340</load_address>
         <run_address>0x25340</run_address>
         <size>0x120</size>
         <input_file_ref idref="fl-a4"/>
      </object_component>
      <object_component id="oc-ec">
         <name>.text</name>
         <load_address>0x25460</load_address>
         <run_address>0x25460</run_address>
         <size>0x100</size>
         <input_file_ref idref="fl-9"/>
      </object_component>
      <object_component id="oc-e1">
         <name>.text:_MCBSP_open</name>
         <load_address>0x25560</load_address>
         <run_address>0x25560</run_address>
         <size>0x100</size>
         <input_file_ref idref="fl-a3"/>
      </object_component>
      <object_component id="oc-e2">
         <name>.text:_MCBSP_start</name>
         <load_address>0x25660</load_address>
         <run_address>0x25660</run_address>
         <size>0x100</size>
         <input_file_ref idref="fl-a3"/>
      </object_component>
      <object_component id="oc-db">
         <name>.text:__auto_init</name>
         <load_address>0x25760</load_address>
         <run_address>0x25760</run_address>
         <size>0x100</size>
         <input_file_ref idref="fl-98"/>
      </object_component>
      <object_component id="oc-e9">
         <name>.text</name>
         <load_address>0x25860</load_address>
         <run_address>0x25860</run_address>
         <size>0xe0</size>
         <input_file_ref idref="fl-6"/>
      </object_component>
      <object_component id="oc-df">
         <name>.text:__strasg</name>
         <load_address>0x25940</load_address>
         <run_address>0x25940</run_address>
         <size>0xe0</size>
         <input_file_ref idref="fl-95"/>
      </object_component>
      <object_component id="oc-dd">
         <name>.text:_exit</name>
         <load_address>0x25a20</load_address>
         <run_address>0x25a20</run_address>
         <size>0xe0</size>
         <input_file_ref idref="fl-8e"/>
      </object_component>
      <object_component id="oc-c2">
         <name>.text</name>
         <load_address>0x25b00</load_address>
         <run_address>0x25b00</run_address>
         <size>0xe0</size>
         <input_file_ref idref="fl-aa"/>
      </object_component>
      <object_component id="oc-ff">
         <name>.text:_GPIO_open</name>
         <load_address>0x25be0</load_address>
         <run_address>0x25be0</run_address>
         <size>0xc0</size>
         <input_file_ref idref="fl-a1"/>
      </object_component>
      <object_component id="oc-100">
         <name>.text:_GPIO_reset</name>
         <load_address>0x25ca0</load_address>
         <run_address>0x25ca0</run_address>
         <size>0xc0</size>
         <input_file_ref idref="fl-a1"/>
      </object_component>
      <object_component id="oc-e3">
         <name>.text:_copy_in</name>
         <load_address>0x25d60</load_address>
         <run_address>0x25d60</run_address>
         <size>0xc0</size>
         <input_file_ref idref="fl-9a"/>
      </object_component>
      <object_component id="oc-cc">
         <name>.text</name>
         <load_address>0x25e20</load_address>
         <run_address>0x25e20</run_address>
         <size>0xc0</size>
         <input_file_ref idref="fl-ac"/>
      </object_component>
      <object_component id="oc-f">
         <name>.text</name>
         <load_address>0x25ee0</load_address>
         <run_address>0x25ee0</run_address>
         <size>0xa0</size>
         <input_file_ref idref="fl-2"/>
      </object_component>
      <object_component id="oc-103">
         <name>.text:_GPIO_intPolarity</name>
         <load_address>0x25f80</load_address>
         <run_address>0x25f80</run_address>
         <size>0xa0</size>
         <input_file_ref idref="fl-a1"/>
      </object_component>
      <object_component id="oc-e0">
         <name>.text:_MCBSP_close</name>
         <load_address>0x26020</load_address>
         <run_address>0x26020</run_address>
         <size>0xa0</size>
         <input_file_ref idref="fl-a3"/>
      </object_component>
      <object_component id="oc-f1">
         <name>.text:_MCBSP_config</name>
         <load_address>0x260c0</load_address>
         <run_address>0x260c0</run_address>
         <size>0xa0</size>
         <input_file_ref idref="fl-a3"/>
      </object_component>
      <object_component id="oc-107">
         <name>.text:__IRQ_init</name>
         <load_address>0x26160</load_address>
         <run_address>0x26160</run_address>
         <size>0xa0</size>
         <input_file_ref idref="fl-a2"/>
      </object_component>
      <object_component id="oc-106">
         <name>.text:_setMux</name>
         <load_address>0x26200</load_address>
         <run_address>0x26200</run_address>
         <size>0xa0</size>
         <input_file_ref idref="fl-a2"/>
      </object_component>
      <object_component id="oc-e5">
         <name>.text:___TI_cpp_init</name>
         <load_address>0x262a0</load_address>
         <run_address>0x262a0</run_address>
         <size>0x80</size>
         <input_file_ref idref="fl-99"/>
      </object_component>
      <object_component id="oc-e">
         <name>.text:_c_int00</name>
         <load_address>0x26320</load_address>
         <run_address>0x26320</run_address>
         <size>0x80</size>
         <input_file_ref idref="fl-8b"/>
      </object_component>
      <object_component id="oc-b8">
         <name>.text</name>
         <load_address>0x263a0</load_address>
         <run_address>0x263a0</run_address>
         <size>0x80</size>
         <input_file_ref idref="fl-a8"/>
      </object_component>
      <object_component id="oc-d2">
         <name>.text</name>
         <load_address>0x26420</load_address>
         <run_address>0x26420</run_address>
         <size>0x80</size>
         <input_file_ref idref="fl-ad"/>
      </object_component>
      <object_component id="oc-18">
         <name>.text</name>
         <load_address>0x264a0</load_address>
         <run_address>0x264a0</run_address>
         <size>0x80</size>
         <input_file_ref idref="fl-4"/>
      </object_component>
      <object_component id="oc-102">
         <name>.text:_GPIO_pinDirection</name>
         <load_address>0x26520</load_address>
         <run_address>0x26520</run_address>
         <size>0x60</size>
         <input_file_ref idref="fl-a1"/>
      </object_component>
      <object_component id="oc-101">
         <name>.text:_GPIO_pinEnable</name>
         <load_address>0x26580</load_address>
         <run_address>0x26580</run_address>
         <size>0x40</size>
         <input_file_ref idref="fl-a1"/>
      </object_component>
      <object_component id="oc-fc">
         <name>.text:_IRQ_enable</name>
         <load_address>0x265c0</load_address>
         <run_address>0x265c0</run_address>
         <size>0x40</size>
         <input_file_ref idref="fl-a2"/>
      </object_component>
      <object_component id="oc-f9">
         <name>.text:_IRQ_reset</name>
         <load_address>0x26600</load_address>
         <run_address>0x26600</run_address>
         <size>0x40</size>
         <input_file_ref idref="fl-a2"/>
      </object_component>
      <object_component id="oc-dc">
         <name>.text:__args_main</name>
         <load_address>0x26640</load_address>
         <run_address>0x26640</run_address>
         <size>0x40</size>
         <input_file_ref idref="fl-97"/>
      </object_component>
      <object_component id="oc-13">
         <name>.text</name>
         <load_address>0x26680</load_address>
         <run_address>0x26680</run_address>
         <size>0x20</size>
         <input_file_ref idref="fl-3"/>
      </object_component>
      <object_component id="oc-fd">
         <name>.text:_CSL6713_LIB_</name>
         <load_address>0x266a0</load_address>
         <run_address>0x266a0</run_address>
         <size>0x20</size>
         <input_file_ref idref="fl-a0"/>
      </object_component>
      <object_component id="oc-de">
         <name>.text:_IRQ_clear</name>
         <load_address>0x266c0</load_address>
         <run_address>0x266c0</run_address>
         <size>0x20</size>
         <input_file_ref idref="fl-a2"/>
      </object_component>
      <object_component id="oc-f6">
         <name>.text:_IRQ_globalDisable</name>
         <load_address>0x266e0</load_address>
         <run_address>0x266e0</run_address>
         <size>0x20</size>
         <input_file_ref idref="fl-a2"/>
      </object_component>
      <object_component id="oc-fa">
         <name>.text:_IRQ_globalEnable</name>
         <load_address>0x26700</load_address>
         <run_address>0x26700</run_address>
         <size>0x20</size>
         <input_file_ref idref="fl-a2"/>
      </object_component>
      <object_component id="oc-fb">
         <name>.text:_IRQ_nmiEnable</name>
         <load_address>0x26720</load_address>
         <run_address>0x26720</run_address>
         <size>0x20</size>
         <input_file_ref idref="fl-a2"/>
      </object_component>
      <object_component id="oc-105">
         <name>.text:_IRQ_set</name>
         <load_address>0x26740</load_address>
         <run_address>0x26740</run_address>
         <size>0x20</size>
         <input_file_ref idref="fl-a2"/>
      </object_component>
      <object_component id="oc-104">
         <name>.text:_IRQ_setVecs</name>
         <load_address>0x26760</load_address>
         <run_address>0x26760</run_address>
         <size>0x20</size>
         <input_file_ref idref="fl-a2"/>
      </object_component>
      <object_component id="oc-f7">
         <name>.text:_MCBSP_getXmtEventId</name>
         <load_address>0x26780</load_address>
         <run_address>0x26780</run_address>
         <size>0x20</size>
         <input_file_ref idref="fl-a3"/>
      </object_component>
      <object_component id="oc-f5">
         <name>.text:_MCBSP_read</name>
         <load_address>0x267a0</load_address>
         <run_address>0x267a0</run_address>
         <size>0x20</size>
         <input_file_ref idref="fl-a3"/>
      </object_component>
      <object_component id="oc-f4">
         <name>.text:_MCBSP_rrdy</name>
         <load_address>0x267c0</load_address>
         <run_address>0x267c0</run_address>
         <size>0x20</size>
         <input_file_ref idref="fl-a3"/>
      </object_component>
      <object_component id="oc-f3">
         <name>.text:_MCBSP_write</name>
         <load_address>0x267e0</load_address>
         <run_address>0x267e0</run_address>
         <size>0x20</size>
         <input_file_ref idref="fl-a3"/>
      </object_component>
      <object_component id="oc-f2">
         <name>.text:_MCBSP_xrdy</name>
         <load_address>0x26800</load_address>
         <run_address>0x26800</run_address>
         <size>0x20</size>
         <input_file_ref idref="fl-a3"/>
      </object_component>
      <object_component id="oc-e7">
         <name>.text:_abort</name>
         <load_address>0x26820</load_address>
         <run_address>0x26820</run_address>
         <size>0x20</size>
         <input_file_ref idref="fl-8e"/>
      </object_component>
      <object_component id="oc-9a">
         <name>.text</name>
         <load_address>0x26840</load_address>
         <run_address>0x26840</run_address>
         <size>0x20</size>
         <input_file_ref idref="fl-a2"/>
      </object_component>
      <object_component id="oc-44">
         <name>.cinit</name>
         <load_address>0x18ed0</load_address>
         <run_address>0x18ed0</run_address>
         <size>0x8008</size>
         <input_file_ref idref="fl-c"/>
      </object_component>
      <object_component id="oc-33">
         <name>.cinit</name>
         <load_address>0x20ed8</load_address>
         <run_address>0x20ed8</run_address>
         <size>0x7a4</size>
         <input_file_ref idref="fl-9"/>
      </object_component>
      <object_component id="oc-62">
         <name>.cinit</name>
         <load_address>0x21680</load_address>
         <run_address>0x21680</run_address>
         <size>0x140</size>
         <input_file_ref idref="fl-92"/>
      </object_component>
      <object_component id="oc-9b">
         <name>.cinit</name>
         <load_address>0x217c0</load_address>
         <run_address>0x217c0</run_address>
         <size>0x12c</size>
         <input_file_ref idref="fl-a2"/>
      </object_component>
      <object_component id="oc-3d">
         <name>.cinit</name>
         <load_address>0x218f0</load_address>
         <run_address>0x218f0</run_address>
         <size>0x6c</size>
         <input_file_ref idref="fl-b"/>
      </object_component>
      <object_component id="oc-1d">
         <name>.cinit</name>
         <load_address>0x21960</load_address>
         <run_address>0x21960</run_address>
         <size>0x58</size>
         <input_file_ref idref="fl-5"/>
      </object_component>
      <object_component id="oc-a0">
         <name>.cinit</name>
         <load_address>0x219b8</load_address>
         <run_address>0x219b8</run_address>
         <size>0x54</size>
         <input_file_ref idref="fl-a3"/>
      </object_component>
      <object_component id="oc-a5">
         <name>.cinit</name>
         <load_address>0x21a10</load_address>
         <run_address>0x21a10</run_address>
         <size>0x4c</size>
         <input_file_ref idref="fl-a4"/>
      </object_component>
      <object_component id="oc-6a">
         <name>.cinit</name>
         <load_address>0x21a60</load_address>
         <run_address>0x21a60</run_address>
         <size>0x48</size>
         <input_file_ref idref="fl-94"/>
      </object_component>
      <object_component id="oc-2c">
         <name>.cinit</name>
         <load_address>0x21aa8</load_address>
         <run_address>0x21aa8</run_address>
         <size>0x44</size>
         <input_file_ref idref="fl-8"/>
      </object_component>
      <object_component id="oc-95">
         <name>.cinit</name>
         <load_address>0x21af0</load_address>
         <run_address>0x21af0</run_address>
         <size>0x44</size>
         <input_file_ref idref="fl-a1"/>
      </object_component>
      <object_component id="oc-90">
         <name>.cinit</name>
         <load_address>0x21b38</load_address>
         <run_address>0x21b38</run_address>
         <size>0x3c</size>
         <input_file_ref idref="fl-a0"/>
      </object_component>
      <object_component id="oc-c7">
         <name>.cinit</name>
         <load_address>0x21b78</load_address>
         <run_address>0x21b78</run_address>
         <size>0x30</size>
         <input_file_ref idref="fl-ab"/>
      </object_component>
      <object_component id="oc-54">
         <name>.cinit</name>
         <load_address>0x21ba8</load_address>
         <run_address>0x21ba8</run_address>
         <size>0x2c</size>
         <input_file_ref idref="fl-8e"/>
      </object_component>
      <object_component id="oc-cd">
         <name>.cinit</name>
         <load_address>0x21bd8</load_address>
         <run_address>0x21bd8</run_address>
         <size>0x28</size>
         <input_file_ref idref="fl-ac"/>
      </object_component>
      <object_component id="oc-81">
         <name>.cinit</name>
         <load_address>0x21c00</load_address>
         <run_address>0x21c00</run_address>
         <size>0xc</size>
         <input_file_ref idref="fl-9b"/>
      </object_component>
      <object_component id="oc-4a">
         <name>.stack</name>
         <uninitialized>true</uninitialized>
         <run_address>0x26860</run_address>
         <size>0x8</size>
         <input_file_ref idref="fl-8b"/>
      </object_component>
      <object_component id="oc-120">
         <name>.stack</name>
         <uninitialized>true</uninitialized>
         <run_address>0x26860</run_address>
         <size>0x0</size>
      </object_component>
      <object_component id="oc-be">
         <name>.const</name>
         <load_address>0x27860</load_address>
         <run_address>0x27860</run_address>
         <size>0x40</size>
         <input_file_ref idref="fl-a9"/>
      </object_component>
      <object_component id="oc-ee">
         <name>.const:_$P$T0$1</name>
         <load_address>0x278a0</load_address>
         <run_address>0x278a0</run_address>
         <size>0x20</size>
         <input_file_ref idref="fl-b"/>
      </object_component>
      <object_component id="oc-b4">
         <name>.const</name>
         <load_address>0x278c0</load_address>
         <run_address>0x278c0</run_address>
         <size>0x20</size>
         <input_file_ref idref="fl-a7"/>
      </object_component>
      <object_component id="oc-ef">
         <name>.const:_$P$T1$2</name>
         <load_address>0x278e0</load_address>
         <run_address>0x278e0</run_address>
         <size>0xc</size>
         <input_file_ref idref="fl-b"/>
      </object_component>
      <object_component id="oc-1e">
         <name>.far</name>
         <uninitialized>true</uninitialized>
         <run_address>0x18cc4</run_address>
         <size>0x58</size>
         <input_file_ref idref="fl-5"/>
      </object_component>
      <object_component id="oc-23">
         <name>.far</name>
         <uninitialized>true</uninitialized>
         <run_address>0x18aac</run_address>
         <size>0x4</size>
         <input_file_ref idref="fl-6"/>
      </object_component>
      <object_component id="oc-2d">
         <name>.far</name>
         <uninitialized>true</uninitialized>
         <run_address>0x18d1c</run_address>
         <size>0x48</size>
         <input_file_ref idref="fl-8"/>
      </object_component>
      <object_component id="oc-34">
         <name>.far</name>
         <uninitialized>true</uninitialized>
         <run_address>0x18320</run_address>
         <size>0x78c</size>
         <input_file_ref idref="fl-9"/>
      </object_component>
      <object_component id="oc-3e">
         <name>.far</name>
         <uninitialized>true</uninitialized>
         <run_address>0x18e98</run_address>
         <size>0x1c</size>
         <input_file_ref idref="fl-b"/>
      </object_component>
      <object_component id="oc-45">
         <name>.far</name>
         <uninitialized>true</uninitialized>
         <run_address>0x220</run_address>
         <size>0x18100</size>
         <input_file_ref idref="fl-c"/>
      </object_component>
      <object_component id="oc-55">
         <name>.far</name>
         <uninitialized>true</uninitialized>
         <run_address>0x18eb4</run_address>
         <size>0xc</size>
         <input_file_ref idref="fl-8e"/>
      </object_component>
      <object_component id="oc-63">
         <name>.far</name>
         <uninitialized>true</uninitialized>
         <run_address>0x18ab0</run_address>
         <size>0x120</size>
         <input_file_ref idref="fl-92"/>
      </object_component>
      <object_component id="oc-6b">
         <name>.far</name>
         <uninitialized>true</uninitialized>
         <run_address>0x18d68</run_address>
         <size>0x40</size>
         <input_file_ref idref="fl-94"/>
      </object_component>
      <object_component id="oc-82">
         <name>.far</name>
         <uninitialized>true</uninitialized>
         <run_address>0x18d64</run_address>
         <size>0x4</size>
         <input_file_ref idref="fl-9b"/>
      </object_component>
      <object_component id="oc-91">
         <name>.far</name>
         <uninitialized>true</uninitialized>
         <run_address>0x18de0</run_address>
         <size>0x28</size>
         <input_file_ref idref="fl-a0"/>
      </object_component>
      <object_component id="oc-96">
         <name>.far</name>
         <uninitialized>true</uninitialized>
         <run_address>0x18e30</run_address>
         <size>0x24</size>
         <input_file_ref idref="fl-a1"/>
      </object_component>
      <object_component id="oc-9c">
         <name>.far</name>
         <uninitialized>true</uninitialized>
         <run_address>0x18bd0</run_address>
         <size>0xf4</size>
         <input_file_ref idref="fl-a2"/>
      </object_component>
      <object_component id="oc-a1">
         <name>.far</name>
         <uninitialized>true</uninitialized>
         <run_address>0x18da8</run_address>
         <size>0x38</size>
         <input_file_ref idref="fl-a3"/>
      </object_component>
      <object_component id="oc-a6">
         <name>.far</name>
         <uninitialized>true</uninitialized>
         <run_address>0x18e54</run_address>
         <size>0x24</size>
         <input_file_ref idref="fl-a4"/>
      </object_component>
      <object_component id="oc-b3">
         <name>.far</name>
         <uninitialized>true</uninitialized>
         <run_address>0x18ec8</run_address>
         <size>0x2</size>
         <input_file_ref idref="fl-a7"/>
      </object_component>
      <object_component id="oc-bd">
         <name>.far</name>
         <uninitialized>true</uninitialized>
         <run_address>0x18ec0</run_address>
         <size>0x8</size>
         <input_file_ref idref="fl-a9"/>
      </object_component>
      <object_component id="oc-c8">
         <name>.far</name>
         <uninitialized>true</uninitialized>
         <run_address>0x18e08</run_address>
         <size>0x28</size>
         <input_file_ref idref="fl-ab"/>
      </object_component>
      <object_component id="oc-ce">
         <name>.far</name>
         <uninitialized>true</uninitialized>
         <run_address>0x18e78</run_address>
         <size>0x20</size>
         <input_file_ref idref="fl-ac"/>
      </object_component>
      <object_component id="oc-d7">
         <name>.far</name>
         <uninitialized>true</uninitialized>
         <run_address>0x18eca</run_address>
         <size>0x2</size>
         <input_file_ref idref="fl-ae"/>
      </object_component>
      <object_component id="oc-10">
         <name>.debug_info</name>
         <load_address>0x0</load_address>
         <run_address>0x0</run_address>
         <size>0x109</size>
         <input_file_ref idref="fl-2"/>
      </object_component>
      <object_component id="oc-15">
         <name>.debug_info</name>
         <load_address>0x109</load_address>
         <run_address>0x109</run_address>
         <size>0x148</size>
         <input_file_ref idref="fl-3"/>
      </object_component>
      <object_component id="oc-19">
         <name>.debug_info</name>
         <load_address>0x251</load_address>
         <run_address>0x251</run_address>
         <size>0x11a</size>
         <input_file_ref idref="fl-4"/>
      </object_component>
      <object_component id="oc-1c">
         <name>.debug_info</name>
         <load_address>0x36b</load_address>
         <run_address>0x36b</run_address>
         <size>0x16fb</size>
         <input_file_ref idref="fl-5"/>
      </object_component>
      <object_component id="oc-22">
         <name>.debug_info</name>
         <load_address>0x1a66</load_address>
         <run_address>0x1a66</run_address>
         <size>0x87a</size>
         <input_file_ref idref="fl-6"/>
      </object_component>
      <object_component id="oc-27">
         <name>.debug_info</name>
         <load_address>0x22e0</load_address>
         <run_address>0x22e0</run_address>
         <size>0xa81</size>
         <input_file_ref idref="fl-7"/>
      </object_component>
      <object_component id="oc-2b">
         <name>.debug_info</name>
         <load_address>0x2d61</load_address>
         <run_address>0x2d61</run_address>
         <size>0x1b40</size>
         <input_file_ref idref="fl-8"/>
      </object_component>
      <object_component id="oc-32">
         <name>.debug_info</name>
         <load_address>0x48a1</load_address>
         <run_address>0x48a1</run_address>
         <size>0x73c</size>
         <input_file_ref idref="fl-9"/>
      </object_component>
      <object_component id="oc-38">
         <name>.debug_info</name>
         <load_address>0x4fdd</load_address>
         <run_address>0x4fdd</run_address>
         <size>0x617</size>
         <input_file_ref idref="fl-a"/>
      </object_component>
      <object_component id="oc-3c">
         <name>.debug_info</name>
         <load_address>0x55f4</load_address>
         <run_address>0x55f4</run_address>
         <size>0xdb4</size>
         <input_file_ref idref="fl-b"/>
      </object_component>
      <object_component id="oc-43">
         <name>.debug_info</name>
         <load_address>0x63a8</load_address>
         <run_address>0x63a8</run_address>
         <size>0x75b</size>
         <input_file_ref idref="fl-c"/>
      </object_component>
      <object_component id="oc-49">
         <name>.debug_info</name>
         <load_address>0x6b03</load_address>
         <run_address>0x6b03</run_address>
         <size>0x70b</size>
         <input_file_ref idref="fl-8b"/>
      </object_component>
      <object_component id="oc-4d">
         <name>.debug_info</name>
         <load_address>0x720e</load_address>
         <run_address>0x720e</run_address>
         <size>0x8b3</size>
         <input_file_ref idref="fl-8c"/>
      </object_component>
      <object_component id="oc-50">
         <name>.debug_info</name>
         <load_address>0x7ac1</load_address>
         <run_address>0x7ac1</run_address>
         <size>0xa0</size>
         <input_file_ref idref="fl-8d"/>
      </object_component>
      <object_component id="oc-53">
         <name>.debug_info</name>
         <load_address>0x7b61</load_address>
         <run_address>0x7b61</run_address>
         <size>0x7ff</size>
         <input_file_ref idref="fl-8e"/>
      </object_component>
      <object_component id="oc-58">
         <name>.debug_info</name>
         <load_address>0x8360</load_address>
         <run_address>0x8360</run_address>
         <size>0x5f4</size>
         <input_file_ref idref="fl-8f"/>
      </object_component>
      <object_component id="oc-5b">
         <name>.debug_info</name>
         <load_address>0x8954</load_address>
         <run_address>0x8954</run_address>
         <size>0x619</size>
         <input_file_ref idref="fl-90"/>
      </object_component>
      <object_component id="oc-5e">
         <name>.debug_info</name>
         <load_address>0x8f6d</load_address>
         <run_address>0x8f6d</run_address>
         <size>0x64b</size>
         <input_file_ref idref="fl-91"/>
      </object_component>
      <object_component id="oc-61">
         <name>.debug_info</name>
         <load_address>0x95b8</load_address>
         <run_address>0x95b8</run_address>
         <size>0x681</size>
         <input_file_ref idref="fl-92"/>
      </object_component>
      <object_component id="oc-66">
         <name>.debug_info</name>
         <load_address>0x9c39</load_address>
         <run_address>0x9c39</run_address>
         <size>0x5f1</size>
         <input_file_ref idref="fl-93"/>
      </object_component>
      <object_component id="oc-69">
         <name>.debug_info</name>
         <load_address>0xa22a</load_address>
         <run_address>0xa22a</run_address>
         <size>0x629</size>
         <input_file_ref idref="fl-94"/>
      </object_component>
      <object_component id="oc-6e">
         <name>.debug_info</name>
         <load_address>0xa853</load_address>
         <run_address>0xa853</run_address>
         <size>0x10c</size>
         <input_file_ref idref="fl-95"/>
      </object_component>
      <object_component id="oc-71">
         <name>.debug_info</name>
         <load_address>0xa95f</load_address>
         <run_address>0xa95f</run_address>
         <size>0x5f1</size>
         <input_file_ref idref="fl-96"/>
      </object_component>
      <object_component id="oc-74">
         <name>.debug_info</name>
         <load_address>0xaf50</load_address>
         <run_address>0xaf50</run_address>
         <size>0x6e1</size>
         <input_file_ref idref="fl-97"/>
      </object_component>
      <object_component id="oc-77">
         <name>.debug_info</name>
         <load_address>0xb631</load_address>
         <run_address>0xb631</run_address>
         <size>0x871</size>
         <input_file_ref idref="fl-98"/>
      </object_component>
      <object_component id="oc-7a">
         <name>.debug_info</name>
         <load_address>0xbea2</load_address>
         <run_address>0xbea2</run_address>
         <size>0x6e9</size>
         <input_file_ref idref="fl-99"/>
      </object_component>
      <object_component id="oc-7d">
         <name>.debug_info</name>
         <load_address>0xc58b</load_address>
         <run_address>0xc58b</run_address>
         <size>0x7df</size>
         <input_file_ref idref="fl-9a"/>
      </object_component>
      <object_component id="oc-80">
         <name>.debug_info</name>
         <load_address>0xcd6a</load_address>
         <run_address>0xcd6a</run_address>
         <size>0x5e2</size>
         <input_file_ref idref="fl-9b"/>
      </object_component>
      <object_component id="oc-84">
         <name>.debug_info</name>
         <load_address>0xd34c</load_address>
         <run_address>0xd34c</run_address>
         <size>0x633</size>
         <input_file_ref idref="fl-9c"/>
      </object_component>
      <object_component id="oc-87">
         <name>.debug_info</name>
         <load_address>0xd97f</load_address>
         <run_address>0xd97f</run_address>
         <size>0x62d</size>
         <input_file_ref idref="fl-9d"/>
      </object_component>
      <object_component id="oc-8a">
         <name>.debug_info</name>
         <load_address>0xdfac</load_address>
         <run_address>0xdfac</run_address>
         <size>0x792</size>
         <input_file_ref idref="fl-9e"/>
      </object_component>
      <object_component id="oc-8d">
         <name>.debug_info</name>
         <load_address>0xe73e</load_address>
         <run_address>0xe73e</run_address>
         <size>0x61e</size>
         <input_file_ref idref="fl-9f"/>
      </object_component>
      <object_component id="oc-93">
         <name>.debug_info</name>
         <load_address>0xed5c</load_address>
         <run_address>0xed5c</run_address>
         <size>0xa13</size>
         <input_file_ref idref="fl-a0"/>
      </object_component>
      <object_component id="oc-98">
         <name>.debug_info</name>
         <load_address>0xf76f</load_address>
         <run_address>0xf76f</run_address>
         <size>0xb40</size>
         <input_file_ref idref="fl-a1"/>
      </object_component>
      <object_component id="oc-9e">
         <name>.debug_info</name>
         <load_address>0x102af</load_address>
         <run_address>0x102af</run_address>
         <size>0x107d</size>
         <input_file_ref idref="fl-a2"/>
      </object_component>
      <object_component id="oc-a3">
         <name>.debug_info</name>
         <load_address>0x1132c</load_address>
         <run_address>0x1132c</run_address>
         <size>0xf6e</size>
         <input_file_ref idref="fl-a3"/>
      </object_component>
      <object_component id="oc-a8">
         <name>.debug_info</name>
         <load_address>0x1229a</load_address>
         <run_address>0x1229a</run_address>
         <size>0x93b</size>
         <input_file_ref idref="fl-a4"/>
      </object_component>
      <object_component id="oc-ac">
         <name>.debug_info</name>
         <load_address>0x12bd5</load_address>
         <run_address>0x12bd5</run_address>
         <size>0xb1</size>
         <input_file_ref idref="fl-a5"/>
      </object_component>
      <object_component id="oc-b0">
         <name>.debug_info</name>
         <load_address>0x12c86</load_address>
         <run_address>0x12c86</run_address>
         <size>0xaf</size>
         <input_file_ref idref="fl-a6"/>
      </object_component>
      <object_component id="oc-b6">
         <name>.debug_info</name>
         <load_address>0x12d35</load_address>
         <run_address>0x12d35</run_address>
         <size>0xa4e</size>
         <input_file_ref idref="fl-a7"/>
      </object_component>
      <object_component id="oc-ba">
         <name>.debug_info</name>
         <load_address>0x13783</load_address>
         <run_address>0x13783</run_address>
         <size>0x7c9</size>
         <input_file_ref idref="fl-a8"/>
      </object_component>
      <object_component id="oc-c0">
         <name>.debug_info</name>
         <load_address>0x13f4c</load_address>
         <run_address>0x13f4c</run_address>
         <size>0xa20</size>
         <input_file_ref idref="fl-a9"/>
      </object_component>
      <object_component id="oc-c4">
         <name>.debug_info</name>
         <load_address>0x1496c</load_address>
         <run_address>0x1496c</run_address>
         <size>0x688</size>
         <input_file_ref idref="fl-aa"/>
      </object_component>
      <object_component id="oc-ca">
         <name>.debug_info</name>
         <load_address>0x14ff4</load_address>
         <run_address>0x14ff4</run_address>
         <size>0xaa0</size>
         <input_file_ref idref="fl-ab"/>
      </object_component>
      <object_component id="oc-d0">
         <name>.debug_info</name>
         <load_address>0x15a94</load_address>
         <run_address>0x15a94</run_address>
         <size>0x723</size>
         <input_file_ref idref="fl-ac"/>
      </object_component>
      <object_component id="oc-d4">
         <name>.debug_info</name>
         <load_address>0x161b7</load_address>
         <run_address>0x161b7</run_address>
         <size>0x632</size>
         <input_file_ref idref="fl-ad"/>
      </object_component>
      <object_component id="oc-d9">
         <name>.debug_info</name>
         <load_address>0x167e9</load_address>
         <run_address>0x167e9</run_address>
         <size>0x787</size>
         <input_file_ref idref="fl-ae"/>
      </object_component>
      <object_component id="oc-121">
         <name>.debug_info</name>
         <load_address>0x16f70</load_address>
         <run_address>0x16f70</run_address>
         <size>0x6e</size>
      </object_component>
      <object_component id="oc-11">
         <name>.debug_line</name>
         <load_address>0x0</load_address>
         <run_address>0x0</run_address>
         <size>0x63</size>
         <input_file_ref idref="fl-2"/>
      </object_component>
      <object_component id="oc-16">
         <name>.debug_line</name>
         <load_address>0x63</load_address>
         <run_address>0x63</run_address>
         <size>0xd8</size>
         <input_file_ref idref="fl-3"/>
      </object_component>
      <object_component id="oc-1a">
         <name>.debug_line</name>
         <load_address>0x13b</load_address>
         <run_address>0x13b</run_address>
         <size>0x68</size>
         <input_file_ref idref="fl-4"/>
      </object_component>
      <object_component id="oc-20">
         <name>.debug_line</name>
         <load_address>0x1a3</load_address>
         <run_address>0x1a3</run_address>
         <size>0x189</size>
         <input_file_ref idref="fl-5"/>
      </object_component>
      <object_component id="oc-25">
         <name>.debug_line</name>
         <load_address>0x32c</load_address>
         <run_address>0x32c</run_address>
         <size>0x7f</size>
         <input_file_ref idref="fl-6"/>
      </object_component>
      <object_component id="oc-29">
         <name>.debug_line</name>
         <load_address>0x3ab</load_address>
         <run_address>0x3ab</run_address>
         <size>0xd7</size>
         <input_file_ref idref="fl-7"/>
      </object_component>
      <object_component id="oc-30">
         <name>.debug_line</name>
         <load_address>0x482</load_address>
         <run_address>0x482</run_address>
         <size>0x1b5</size>
         <input_file_ref idref="fl-8"/>
      </object_component>
      <object_component id="oc-36">
         <name>.debug_line</name>
         <load_address>0x637</load_address>
         <run_address>0x637</run_address>
         <size>0x55</size>
         <input_file_ref idref="fl-9"/>
      </object_component>
      <object_component id="oc-3a">
         <name>.debug_line</name>
         <load_address>0x68c</load_address>
         <run_address>0x68c</run_address>
         <size>0x38</size>
         <input_file_ref idref="fl-a"/>
      </object_component>
      <object_component id="oc-41">
         <name>.debug_line</name>
         <load_address>0x6c4</load_address>
         <run_address>0x6c4</run_address>
         <size>0xda</size>
         <input_file_ref idref="fl-b"/>
      </object_component>
      <object_component id="oc-47">
         <name>.debug_line</name>
         <load_address>0x79e</load_address>
         <run_address>0x79e</run_address>
         <size>0x35</size>
         <input_file_ref idref="fl-c"/>
      </object_component>
      <object_component id="oc-4b">
         <name>.debug_line</name>
         <load_address>0x7d3</load_address>
         <run_address>0x7d3</run_address>
         <size>0x3d</size>
         <input_file_ref idref="fl-8b"/>
      </object_component>
      <object_component id="oc-4e">
         <name>.debug_line</name>
         <load_address>0x810</load_address>
         <run_address>0x810</run_address>
         <size>0x24</size>
         <input_file_ref idref="fl-8c"/>
      </object_component>
      <object_component id="oc-51">
         <name>.debug_line</name>
         <load_address>0x834</load_address>
         <run_address>0x834</run_address>
         <size>0x26</size>
         <input_file_ref idref="fl-8d"/>
      </object_component>
      <object_component id="oc-56">
         <name>.debug_line</name>
         <load_address>0x85a</load_address>
         <run_address>0x85a</run_address>
         <size>0x4f</size>
         <input_file_ref idref="fl-8e"/>
      </object_component>
      <object_component id="oc-59">
         <name>.debug_line</name>
         <load_address>0x8a9</load_address>
         <run_address>0x8a9</run_address>
         <size>0x2b</size>
         <input_file_ref idref="fl-8f"/>
      </object_component>
      <object_component id="oc-5c">
         <name>.debug_line</name>
         <load_address>0x8d4</load_address>
         <run_address>0x8d4</run_address>
         <size>0x27</size>
         <input_file_ref idref="fl-90"/>
      </object_component>
      <object_component id="oc-5f">
         <name>.debug_line</name>
         <load_address>0x8fb</load_address>
         <run_address>0x8fb</run_address>
         <size>0x25</size>
         <input_file_ref idref="fl-91"/>
      </object_component>
      <object_component id="oc-64">
         <name>.debug_line</name>
         <load_address>0x920</load_address>
         <run_address>0x920</run_address>
         <size>0x2f</size>
         <input_file_ref idref="fl-92"/>
      </object_component>
      <object_component id="oc-67">
         <name>.debug_line</name>
         <load_address>0x94f</load_address>
         <run_address>0x94f</run_address>
         <size>0x25</size>
         <input_file_ref idref="fl-93"/>
      </object_component>
      <object_component id="oc-6c">
         <name>.debug_line</name>
         <load_address>0x974</load_address>
         <run_address>0x974</run_address>
         <size>0x2f</size>
         <input_file_ref idref="fl-94"/>
      </object_component>
      <object_component id="oc-6f">
         <name>.debug_line</name>
         <load_address>0x9a3</load_address>
         <run_address>0x9a3</run_address>
         <size>0x6a</size>
         <input_file_ref idref="fl-95"/>
      </object_component>
      <object_component id="oc-72">
         <name>.debug_line</name>
         <load_address>0xa0d</load_address>
         <run_address>0xa0d</run_address>
         <size>0x25</size>
         <input_file_ref idref="fl-96"/>
      </object_component>
      <object_component id="oc-75">
         <name>.debug_line</name>
         <load_address>0xa32</load_address>
         <run_address>0xa32</run_address>
         <size>0x41</size>
         <input_file_ref idref="fl-97"/>
      </object_component>
      <object_component id="oc-78">
         <name>.debug_line</name>
         <load_address>0xa73</load_address>
         <run_address>0xa73</run_address>
         <size>0x47</size>
         <input_file_ref idref="fl-98"/>
      </object_component>
      <object_component id="oc-7b">
         <name>.debug_line</name>
         <load_address>0xaba</load_address>
         <run_address>0xaba</run_address>
         <size>0x45</size>
         <input_file_ref idref="fl-99"/>
      </object_component>
      <object_component id="oc-7e">
         <name>.debug_line</name>
         <load_address>0xaff</load_address>
         <run_address>0xaff</run_address>
         <size>0x44</size>
         <input_file_ref idref="fl-9a"/>
      </object_component>
      <object_component id="oc-85">
         <name>.debug_line</name>
         <load_address>0xb43</load_address>
         <run_address>0xb43</run_address>
         <size>0x25</size>
         <input_file_ref idref="fl-9c"/>
      </object_component>
      <object_component id="oc-88">
         <name>.debug_line</name>
         <load_address>0xb68</load_address>
         <run_address>0xb68</run_address>
         <size>0x25</size>
         <input_file_ref idref="fl-9d"/>
      </object_component>
      <object_component id="oc-8b">
         <name>.debug_line</name>
         <load_address>0xb8d</load_address>
         <run_address>0xb8d</run_address>
         <size>0x4e</size>
         <input_file_ref idref="fl-9e"/>
      </object_component>
      <object_component id="oc-8e">
         <name>.debug_line</name>
         <load_address>0xbdb</load_address>
         <run_address>0xbdb</run_address>
         <size>0x24</size>
         <input_file_ref idref="fl-9f"/>
      </object_component>
      <object_component id="oc-94">
         <name>.debug_line</name>
         <load_address>0xbff</load_address>
         <run_address>0xbff</run_address>
         <size>0x6a</size>
         <input_file_ref idref="fl-a0"/>
      </object_component>
      <object_component id="oc-99">
         <name>.debug_line</name>
         <load_address>0xc69</load_address>
         <run_address>0xc69</run_address>
         <size>0xdd</size>
         <input_file_ref idref="fl-a1"/>
      </object_component>
      <object_component id="oc-9f">
         <name>.debug_line</name>
         <load_address>0xd46</load_address>
         <run_address>0xd46</run_address>
         <size>0x183</size>
         <input_file_ref idref="fl-a2"/>
      </object_component>
      <object_component id="oc-a4">
         <name>.debug_line</name>
         <load_address>0xec9</load_address>
         <run_address>0xec9</run_address>
         <size>0x15c</size>
         <input_file_ref idref="fl-a3"/>
      </object_component>
      <object_component id="oc-a9">
         <name>.debug_line</name>
         <load_address>0x1025</load_address>
         <run_address>0x1025</run_address>
         <size>0xa4</size>
         <input_file_ref idref="fl-a4"/>
      </object_component>
      <object_component id="oc-ad">
         <name>.debug_line</name>
         <load_address>0x10c9</load_address>
         <run_address>0x10c9</run_address>
         <size>0x8f</size>
         <input_file_ref idref="fl-a5"/>
      </object_component>
      <object_component id="oc-b1">
         <name>.debug_line</name>
         <load_address>0x1158</load_address>
         <run_address>0x1158</run_address>
         <size>0x8a</size>
         <input_file_ref idref="fl-a6"/>
      </object_component>
      <object_component id="oc-b7">
         <name>.debug_line</name>
         <load_address>0x11e2</load_address>
         <run_address>0x11e2</run_address>
         <size>0xb2</size>
         <input_file_ref idref="fl-a7"/>
      </object_component>
      <object_component id="oc-bb">
         <name>.debug_line</name>
         <load_address>0x1294</load_address>
         <run_address>0x1294</run_address>
         <size>0x4c</size>
         <input_file_ref idref="fl-a8"/>
      </object_component>
      <object_component id="oc-c1">
         <name>.debug_line</name>
         <load_address>0x12e0</load_address>
         <run_address>0x12e0</run_address>
         <size>0x4f</size>
         <input_file_ref idref="fl-a9"/>
      </object_component>
      <object_component id="oc-c5">
         <name>.debug_line</name>
         <load_address>0x132f</load_address>
         <run_address>0x132f</run_address>
         <size>0x49</size>
         <input_file_ref idref="fl-aa"/>
      </object_component>
      <object_component id="oc-cb">
         <name>.debug_line</name>
         <load_address>0x1378</load_address>
         <run_address>0x1378</run_address>
         <size>0x7e</size>
         <input_file_ref idref="fl-ab"/>
      </object_component>
      <object_component id="oc-d1">
         <name>.debug_line</name>
         <load_address>0x13f6</load_address>
         <run_address>0x13f6</run_address>
         <size>0x50</size>
         <input_file_ref idref="fl-ac"/>
      </object_component>
      <object_component id="oc-d5">
         <name>.debug_line</name>
         <load_address>0x1446</load_address>
         <run_address>0x1446</run_address>
         <size>0x53</size>
         <input_file_ref idref="fl-ad"/>
      </object_component>
      <object_component id="oc-da">
         <name>.debug_line</name>
         <load_address>0x1499</load_address>
         <run_address>0x1499</run_address>
         <size>0x77</size>
         <input_file_ref idref="fl-ae"/>
      </object_component>
      <object_component id="oc-12">
         <name>.debug_abbrev</name>
         <load_address>0x0</load_address>
         <run_address>0x0</run_address>
         <size>0x21</size>
         <input_file_ref idref="fl-2"/>
      </object_component>
      <object_component id="oc-17">
         <name>.debug_abbrev</name>
         <load_address>0x21</load_address>
         <run_address>0x21</run_address>
         <size>0x21</size>
         <input_file_ref idref="fl-3"/>
      </object_component>
      <object_component id="oc-1b">
         <name>.debug_abbrev</name>
         <load_address>0x42</load_address>
         <run_address>0x42</run_address>
         <size>0x27</size>
         <input_file_ref idref="fl-4"/>
      </object_component>
      <object_component id="oc-21">
         <name>.debug_abbrev</name>
         <load_address>0x69</load_address>
         <run_address>0x69</run_address>
         <size>0x18e</size>
         <input_file_ref idref="fl-5"/>
      </object_component>
      <object_component id="oc-26">
         <name>.debug_abbrev</name>
         <load_address>0x1f7</load_address>
         <run_address>0x1f7</run_address>
         <size>0xb5</size>
         <input_file_ref idref="fl-6"/>
      </object_component>
      <object_component id="oc-2a">
         <name>.debug_abbrev</name>
         <load_address>0x2ac</load_address>
         <run_address>0x2ac</run_address>
         <size>0xab</size>
         <input_file_ref idref="fl-7"/>
      </object_component>
      <object_component id="oc-31">
         <name>.debug_abbrev</name>
         <load_address>0x357</load_address>
         <run_address>0x357</run_address>
         <size>0x1ec</size>
         <input_file_ref idref="fl-8"/>
      </object_component>
      <object_component id="oc-37">
         <name>.debug_abbrev</name>
         <load_address>0x543</load_address>
         <run_address>0x543</run_address>
         <size>0xbc</size>
         <input_file_ref idref="fl-9"/>
      </object_component>
      <object_component id="oc-3b">
         <name>.debug_abbrev</name>
         <load_address>0x5ff</load_address>
         <run_address>0x5ff</run_address>
         <size>0xb9</size>
         <input_file_ref idref="fl-a"/>
      </object_component>
      <object_component id="oc-42">
         <name>.debug_abbrev</name>
         <load_address>0x6b8</load_address>
         <run_address>0x6b8</run_address>
         <size>0x14a</size>
         <input_file_ref idref="fl-b"/>
      </object_component>
      <object_component id="oc-48">
         <name>.debug_abbrev</name>
         <load_address>0x802</load_address>
         <run_address>0x802</run_address>
         <size>0x112</size>
         <input_file_ref idref="fl-c"/>
      </object_component>
      <object_component id="oc-4c">
         <name>.debug_abbrev</name>
         <load_address>0x914</load_address>
         <run_address>0x914</run_address>
         <size>0xfe</size>
         <input_file_ref idref="fl-8b"/>
      </object_component>
      <object_component id="oc-4f">
         <name>.debug_abbrev</name>
         <load_address>0xa12</load_address>
         <run_address>0xa12</run_address>
         <size>0xf5</size>
         <input_file_ref idref="fl-8c"/>
      </object_component>
      <object_component id="oc-52">
         <name>.debug_abbrev</name>
         <load_address>0xb07</load_address>
         <run_address>0xb07</run_address>
         <size>0x3b</size>
         <input_file_ref idref="fl-8d"/>
      </object_component>
      <object_component id="oc-57">
         <name>.debug_abbrev</name>
         <load_address>0xb42</load_address>
         <run_address>0xb42</run_address>
         <size>0x119</size>
         <input_file_ref idref="fl-8e"/>
      </object_component>
      <object_component id="oc-5a">
         <name>.debug_abbrev</name>
         <load_address>0xc5b</load_address>
         <run_address>0xc5b</run_address>
         <size>0x9a</size>
         <input_file_ref idref="fl-8f"/>
      </object_component>
      <object_component id="oc-5d">
         <name>.debug_abbrev</name>
         <load_address>0xcf5</load_address>
         <run_address>0xcf5</run_address>
         <size>0xa3</size>
         <input_file_ref idref="fl-90"/>
      </object_component>
      <object_component id="oc-60">
         <name>.debug_abbrev</name>
         <load_address>0xd98</load_address>
         <run_address>0xd98</run_address>
         <size>0xa3</size>
         <input_file_ref idref="fl-91"/>
      </object_component>
      <object_component id="oc-65">
         <name>.debug_abbrev</name>
         <load_address>0xe3b</load_address>
         <run_address>0xe3b</run_address>
         <size>0xdc</size>
         <input_file_ref idref="fl-92"/>
      </object_component>
      <object_component id="oc-68">
         <name>.debug_abbrev</name>
         <load_address>0xf17</load_address>
         <run_address>0xf17</run_address>
         <size>0xaf</size>
         <input_file_ref idref="fl-93"/>
      </object_component>
      <object_component id="oc-6d">
         <name>.debug_abbrev</name>
         <load_address>0xfc6</load_address>
         <run_address>0xfc6</run_address>
         <size>0xcc</size>
         <input_file_ref idref="fl-94"/>
      </object_component>
      <object_component id="oc-70">
         <name>.debug_abbrev</name>
         <load_address>0x1092</load_address>
         <run_address>0x1092</run_address>
         <size>0x3b</size>
         <input_file_ref idref="fl-95"/>
      </object_component>
      <object_component id="oc-73">
         <name>.debug_abbrev</name>
         <load_address>0x10cd</load_address>
         <run_address>0x10cd</run_address>
         <size>0xaf</size>
         <input_file_ref idref="fl-96"/>
      </object_component>
      <object_component id="oc-76">
         <name>.debug_abbrev</name>
         <load_address>0x117c</load_address>
         <run_address>0x117c</run_address>
         <size>0xe1</size>
         <input_file_ref idref="fl-97"/>
      </object_component>
      <object_component id="oc-79">
         <name>.debug_abbrev</name>
         <load_address>0x125d</load_address>
         <run_address>0x125d</run_address>
         <size>0x13f</size>
         <input_file_ref idref="fl-98"/>
      </object_component>
      <object_component id="oc-7c">
         <name>.debug_abbrev</name>
         <load_address>0x139c</load_address>
         <run_address>0x139c</run_address>
         <size>0xdd</size>
         <input_file_ref idref="fl-99"/>
      </object_component>
      <object_component id="oc-7f">
         <name>.debug_abbrev</name>
         <load_address>0x1479</load_address>
         <run_address>0x1479</run_address>
         <size>0x10c</size>
         <input_file_ref idref="fl-9a"/>
      </object_component>
      <object_component id="oc-83">
         <name>.debug_abbrev</name>
         <load_address>0x1585</load_address>
         <run_address>0x1585</run_address>
         <size>0x44</size>
         <input_file_ref idref="fl-9b"/>
      </object_component>
      <object_component id="oc-86">
         <name>.debug_abbrev</name>
         <load_address>0x15c9</load_address>
         <run_address>0x15c9</run_address>
         <size>0xb1</size>
         <input_file_ref idref="fl-9c"/>
      </object_component>
      <object_component id="oc-89">
         <name>.debug_abbrev</name>
         <load_address>0x167a</load_address>
         <run_address>0x167a</run_address>
         <size>0xa8</size>
         <input_file_ref idref="fl-9d"/>
      </object_component>
      <object_component id="oc-8c">
         <name>.debug_abbrev</name>
         <load_address>0x1722</load_address>
         <run_address>0x1722</run_address>
         <size>0xd5</size>
         <input_file_ref idref="fl-9e"/>
      </object_component>
      <object_component id="oc-8f">
         <name>.debug_abbrev</name>
         <load_address>0x17f7</load_address>
         <run_address>0x17f7</run_address>
         <size>0xa1</size>
         <input_file_ref idref="fl-9f"/>
      </object_component>
      <object_component id="oc-92">
         <name>.debug_abbrev</name>
         <load_address>0x1898</load_address>
         <run_address>0x1898</run_address>
         <size>0x165</size>
         <input_file_ref idref="fl-a0"/>
      </object_component>
      <object_component id="oc-97">
         <name>.debug_abbrev</name>
         <load_address>0x19fd</load_address>
         <run_address>0x19fd</run_address>
         <size>0x17d</size>
         <input_file_ref idref="fl-a1"/>
      </object_component>
      <object_component id="oc-9d">
         <name>.debug_abbrev</name>
         <load_address>0x1b7a</load_address>
         <run_address>0x1b7a</run_address>
         <size>0x1b7</size>
         <input_file_ref idref="fl-a2"/>
      </object_component>
      <object_component id="oc-a2">
         <name>.debug_abbrev</name>
         <load_address>0x1d31</load_address>
         <run_address>0x1d31</run_address>
         <size>0x1a3</size>
         <input_file_ref idref="fl-a3"/>
      </object_component>
      <object_component id="oc-a7">
         <name>.debug_abbrev</name>
         <load_address>0x1ed4</load_address>
         <run_address>0x1ed4</run_address>
         <size>0x1ed</size>
         <input_file_ref idref="fl-a4"/>
      </object_component>
      <object_component id="oc-ab">
         <name>.debug_abbrev</name>
         <load_address>0x20c1</load_address>
         <run_address>0x20c1</run_address>
         <size>0x1f</size>
         <input_file_ref idref="fl-a5"/>
      </object_component>
      <object_component id="oc-af">
         <name>.debug_abbrev</name>
         <load_address>0x20e0</load_address>
         <run_address>0x20e0</run_address>
         <size>0x1f</size>
         <input_file_ref idref="fl-a6"/>
      </object_component>
      <object_component id="oc-b5">
         <name>.debug_abbrev</name>
         <load_address>0x20ff</load_address>
         <run_address>0x20ff</run_address>
         <size>0x19a</size>
         <input_file_ref idref="fl-a7"/>
      </object_component>
      <object_component id="oc-b9">
         <name>.debug_abbrev</name>
         <load_address>0x2299</load_address>
         <run_address>0x2299</run_address>
         <size>0xd9</size>
         <input_file_ref idref="fl-a8"/>
      </object_component>
      <object_component id="oc-bf">
         <name>.debug_abbrev</name>
         <load_address>0x2372</load_address>
         <run_address>0x2372</run_address>
         <size>0x12a</size>
         <input_file_ref idref="fl-a9"/>
      </object_component>
      <object_component id="oc-c3">
         <name>.debug_abbrev</name>
         <load_address>0x249c</load_address>
         <run_address>0x249c</run_address>
         <size>0xb8</size>
         <input_file_ref idref="fl-aa"/>
      </object_component>
      <object_component id="oc-c9">
         <name>.debug_abbrev</name>
         <load_address>0x2554</load_address>
         <run_address>0x2554</run_address>
         <size>0x152</size>
         <input_file_ref idref="fl-ab"/>
      </object_component>
      <object_component id="oc-cf">
         <name>.debug_abbrev</name>
         <load_address>0x26a6</load_address>
         <run_address>0x26a6</run_address>
         <size>0xf5</size>
         <input_file_ref idref="fl-ac"/>
      </object_component>
      <object_component id="oc-d3">
         <name>.debug_abbrev</name>
         <load_address>0x279b</load_address>
         <run_address>0x279b</run_address>
         <size>0xd3</size>
         <input_file_ref idref="fl-ad"/>
      </object_component>
      <object_component id="oc-d8">
         <name>.debug_abbrev</name>
         <load_address>0x286e</load_address>
         <run_address>0x286e</run_address>
         <size>0xde</size>
         <input_file_ref idref="fl-ae"/>
      </object_component>
      <object_component id="oc-122">
         <name>.debug_abbrev</name>
         <load_address>0x294c</load_address>
         <run_address>0x294c</run_address>
         <size>0xd</size>
      </object_component>
      <object_component id="oc-1f">
         <name>.debug_frame</name>
         <load_address>0x0</load_address>
         <run_address>0x0</run_address>
         <size>0x36d</size>
         <input_file_ref idref="fl-5"/>
      </object_component>
      <object_component id="oc-24">
         <name>.debug_frame</name>
         <load_address>0x36d</load_address>
         <run_address>0x36d</run_address>
         <size>0x291</size>
         <input_file_ref idref="fl-6"/>
      </object_component>
      <object_component id="oc-28">
         <name>.debug_frame</name>
         <load_address>0x5fe</load_address>
         <run_address>0x5fe</run_address>
         <size>0x277</size>
         <input_file_ref idref="fl-7"/>
      </object_component>
      <object_component id="oc-2f">
         <name>.debug_frame</name>
         <load_address>0x875</load_address>
         <run_address>0x875</run_address>
         <size>0x391</size>
         <input_file_ref idref="fl-8"/>
      </object_component>
      <object_component id="oc-35">
         <name>.debug_frame</name>
         <load_address>0xc06</load_address>
         <run_address>0xc06</run_address>
         <size>0x25d</size>
         <input_file_ref idref="fl-9"/>
      </object_component>
      <object_component id="oc-39">
         <name>.debug_frame</name>
         <load_address>0xe63</load_address>
         <run_address>0xe63</run_address>
         <size>0x23f</size>
         <input_file_ref idref="fl-a"/>
      </object_component>
      <object_component id="oc-40">
         <name>.debug_frame</name>
         <load_address>0x10a2</load_address>
         <run_address>0x10a2</run_address>
         <size>0x2da</size>
         <input_file_ref idref="fl-b"/>
      </object_component>
      <object_component id="oc-46">
         <name>.debug_frame</name>
         <load_address>0x137c</load_address>
         <run_address>0x137c</run_address>
         <size>0x23f</size>
         <input_file_ref idref="fl-c"/>
      </object_component>
   </object_component_list>
   <logical_group_list>
      <logical_group id="lg-2">
         <name>.EXT_RAM</name>
         <run_address>0x0</run_address>
         <size>0x0</size>
         <contents>
         </contents>
      </logical_group>
      <logical_group id="lg-3">
         <name>.vectors</name>
         <load_address>0x0</load_address>
         <run_address>0x0</run_address>
         <size>0x200</size>
         <contents>
            <object_component_ref idref="oc-14"/>
         </contents>
      </logical_group>
      <logical_group id="lg-4">
         <name>.text</name>
         <load_address>0x21c20</load_address>
         <run_address>0x21c20</run_address>
         <size>0x4c40</size>
         <contents>
            <object_component_ref idref="oc-eb"/>
            <object_component_ref idref="oc-ea"/>
            <object_component_ref idref="oc-ae"/>
            <object_component_ref idref="oc-b2"/>
            <object_component_ref idref="oc-f0"/>
            <object_component_ref idref="oc-bc"/>
            <object_component_ref idref="oc-e6"/>
            <object_component_ref idref="oc-aa"/>
            <object_component_ref idref="oc-e4"/>
            <object_component_ref idref="oc-fe"/>
            <object_component_ref idref="oc-f8"/>
            <object_component_ref idref="oc-109"/>
            <object_component_ref idref="oc-e8"/>
            <object_component_ref idref="oc-d6"/>
            <object_component_ref idref="oc-c6"/>
            <object_component_ref idref="oc-108"/>
            <object_component_ref idref="oc-ed"/>
            <object_component_ref idref="oc-2e"/>
            <object_component_ref idref="oc-3f"/>
            <object_component_ref idref="oc-10a"/>
            <object_component_ref idref="oc-ec"/>
            <object_component_ref idref="oc-e1"/>
            <object_component_ref idref="oc-e2"/>
            <object_component_ref idref="oc-db"/>
            <object_component_ref idref="oc-e9"/>
            <object_component_ref idref="oc-df"/>
            <object_component_ref idref="oc-dd"/>
            <object_component_ref idref="oc-c2"/>
            <object_component_ref idref="oc-ff"/>
            <object_component_ref idref="oc-100"/>
            <object_component_ref idref="oc-e3"/>
            <object_component_ref idref="oc-cc"/>
            <object_component_ref idref="oc-f"/>
            <object_component_ref idref="oc-103"/>
            <object_component_ref idref="oc-e0"/>
            <object_component_ref idref="oc-f1"/>
            <object_component_ref idref="oc-107"/>
            <object_component_ref idref="oc-106"/>
            <object_component_ref idref="oc-e5"/>
            <object_component_ref idref="oc-e"/>
            <object_component_ref idref="oc-b8"/>
            <object_component_ref idref="oc-d2"/>
            <object_component_ref idref="oc-18"/>
            <object_component_ref idref="oc-102"/>
            <object_component_ref idref="oc-101"/>
            <object_component_ref idref="oc-fc"/>
            <object_component_ref idref="oc-f9"/>
            <object_component_ref idref="oc-dc"/>
            <object_component_ref idref="oc-13"/>
            <object_component_ref idref="oc-fd"/>
            <object_component_ref idref="oc-de"/>
            <object_component_ref idref="oc-f6"/>
            <object_component_ref idref="oc-fa"/>
            <object_component_ref idref="oc-fb"/>
            <object_component_ref idref="oc-105"/>
            <object_component_ref idref="oc-104"/>
            <object_component_ref idref="oc-f7"/>
            <object_component_ref idref="oc-f5"/>
            <object_component_ref idref="oc-f4"/>
            <object_component_ref idref="oc-f3"/>
            <object_component_ref idref="oc-f2"/>
            <object_component_ref idref="oc-e7"/>
            <object_component_ref idref="oc-9a"/>
         </contents>
      </logical_group>
      <logical_group id="lg-5">
         <name>.bss</name>
         <run_address>0x220</run_address>
         <size>0x0</size>
         <contents>
         </contents>
      </logical_group>
      <logical_group id="lg-6">
         <name>.cinit</name>
         <load_address>0x18ed0</load_address>
         <run_address>0x18ed0</run_address>
         <size>0x8d44</size>
         <contents>
            <object_component_ref idref="oc-44"/>
            <object_component_ref idref="oc-33"/>
            <object_component_ref idref="oc-62"/>
            <object_component_ref idref="oc-9b"/>
            <object_component_ref idref="oc-3d"/>
            <object_component_ref idref="oc-1d"/>
            <object_component_ref idref="oc-a0"/>
            <object_component_ref idref="oc-a5"/>
            <object_component_ref idref="oc-6a"/>
            <object_component_ref idref="oc-2c"/>
            <object_component_ref idref="oc-95"/>
            <object_component_ref idref="oc-90"/>
            <object_component_ref idref="oc-c7"/>
            <object_component_ref idref="oc-54"/>
            <object_component_ref idref="oc-cd"/>
            <object_component_ref idref="oc-81"/>
         </contents>
      </logical_group>
      <logical_group id="lg-7">
         <name>.stack</name>
         <run_address>0x26860</run_address>
         <size>0x1000</size>
         <contents>
            <object_component_ref idref="oc-4a"/>
            <object_component_ref idref="oc-120"/>
         </contents>
      </logical_group>
[...]
         <value>0x18ccc</value>
         <object_component_ref idref="oc-1e"/>
      </symbol>
      <symbol id="sm-b6">
         <name>_hAIC23_handle</name>
         <value>0x18d18</value>
         <object_component_ref idref="oc-1e"/>
      </symbol>
      <symbol id="sm-b7">
         <name>_AIC23CfgData</name>
         <value>0x18cf8</value>
         <object_component_ref idref="oc-1e"/>
      </symbol>
      <symbol id="sm-b8">
         <name>_input_sample</name>
         <value>0x2290c</value>
         <object_component_ref idref="oc-ea"/>
      </symbol>
      <symbol id="sm-b9">
         <name>_output_right_sample</name>
         <value>0x2282c</value>
         <object_component_ref idref="oc-ea"/>
      </symbol>
      <symbol id="sm-c9">
         <name>_Timer1_ConfigStart</name>
         <value>0x258d8</value>
         <object_component_ref idref="oc-e9"/>
      </symbol>
      <symbol id="sm-ca">
         <name>_DSK6713_Config</name>
         <value>0x25860</value>
         <object_component_ref idref="oc-e9"/>
      </symbol>
      <symbol id="sm-cb">
         <name>_hCodec</name>
         <value>0x18aac</value>
         <object_component_ref idref="oc-23"/>
      </symbol>
      <symbol id="sm-cc">
         <name>_AIC23_Config</name>
         <value>0x258a4</value>
         <object_component_ref idref="oc-e9"/>
      </symbol>
      <symbol id="sm-f9">
         <name>_Corrx_c</name>
         <value>0x23834</value>
         <object_component_ref idref="oc-f0"/>
      </symbol>
      <symbol id="sm-fa">
         <name>_zero_P</name>
         <value>0x23640</value>
         <object_component_ref idref="oc-f0"/>
      </symbol>
      <symbol id="sm-15e">
         <name>_My_GPIO</name>
         <value>0x18d38</value>
         <object_component_ref idref="oc-2d"/>
      </symbol>
      <symbol id="sm-15f">
         <name>_message_treated</name>
         <value>0x18d20</value>
         <object_component_ref idref="oc-2d"/>
      </symbol>
      <symbol id="sm-160">
         <name>_sample16</name>
         <value>0x18d1c</value>
         <object_component_ref idref="oc-2d"/>
      </symbol>
      <symbol id="sm-161">
         <name>_init_ext_intr</name>
         <value>0x221fc</value>
         <object_component_ref idref="oc-eb"/>
      </symbol>
      <symbol id="sm-162">
         <name>_UnDrapeau</name>
         <value>0x18d24</value>
         <object_component_ref idref="oc-2d"/>
      </symbol>
      <symbol id="sm-163">
         <name>_sample</name>
         <value>0x18d1e</value>
         <object_component_ref idref="oc-2d"/>
      </symbol>
      <symbol id="sm-164">
         <name>_SPI_config</name>
         <value>0x21c68</value>
         <object_component_ref idref="oc-eb"/>
      </symbol>
      <symbol id="sm-165">
         <name>_MySpiHandle</name>
         <value>0x18d3c</value>
         <object_component_ref idref="oc-2d"/>
      </symbol>
      <symbol id="sm-166">
         <name>_cpt1</name>
         <value>0x18d60</value>
         <object_component_ref idref="oc-2d"/>
      </symbol>
      <symbol id="sm-167">
         <name>_c_int4</name>
         <value>0x250c0</value>
         <object_component_ref idref="oc-2e"/>
      </symbol>
      <symbol id="sm-168">
         <name>_My_McBSP</name>
         <value>0x18d34</value>
         <object_component_ref idref="oc-2d"/>
      </symbol>
      <symbol id="sm-169">
         <name>_Record</name>
         <value>0x18d28</value>
         <object_component_ref idref="oc-2d"/>
      </symbol>
      <symbol id="sm-16a">
         <name>_SPI_WRITE_DATA</name>
         <value>0x22040</value>
         <object_component_ref idref="oc-eb"/>
      </symbol>
      <symbol id="sm-16b">
         <name>_SendDemo</name>
         <value>0x223e8</value>
         <object_component_ref idref="oc-eb"/>
      </symbol>
      <symbol id="sm-16c">
         <name>_message</name>
         <value>0x18d1f</value>
         <object_component_ref idref="oc-2d"/>
      </symbol>
      <symbol id="sm-16d">
         <name>_interrupt4Flag</name>
         <value>0x18d30</value>
         <object_component_ref idref="oc-2d"/>
      </symbol>
      <symbol id="sm-16e">
         <name>_Timer_Record</name>
         <value>0x18d2c</value>
         <object_component_ref idref="oc-2d"/>
      </symbol>
      <symbol id="sm-16f">
         <name>_MCBSP_SPI_init</name>
         <value>0x21f44</value>
         <object_component_ref idref="oc-eb"/>
      </symbol>
      <symbol id="sm-170">
         <name>_SPI_READ_DATA</name>
         <value>0x22124</value>
         <object_component_ref idref="oc-eb"/>
      </symbol>
      <symbol id="sm-171">
         <name>_MCBSP_SPI_Config</name>
         <value>0x18d40</value>
         <object_component_ref idref="oc-2d"/>
      </symbol>
      <symbol id="sm-185">
         <name>_SweepGeneration</name>
         <value>0x25460</value>
         <object_component_ref idref="oc-ec"/>
      </symbol>
      <symbol id="sm-186">
         <name>_SweepSamples</name>
         <value>0x18320</value>
         <object_component_ref idref="oc-34"/>
      </symbol>
      <symbol id="sm-1c9">
         <name>_Demo_Corr</name>
         <value>0x23e78</value>
         <object_component_ref idref="oc-e6"/>
      </symbol>
      <symbol id="sm-1ca">
         <name>_main</name>
         <value>0x23cc0</value>
         <object_component_ref idref="oc-e6"/>
      </symbol>
      <symbol id="sm-1cb">
         <name>_inputsource</name>
         <value>0x18ea0</value>
         <object_component_ref idref="oc-3e"/>
      </symbol>
      <symbol id="sm-1cc">
         <name>_c_int11</name>
         <value>0x25200</value>
         <object_component_ref idref="oc-3f"/>
      </symbol>
      <symbol id="sm-1cd">
         <name>_c_int15</name>
         <value>0x25290</value>
         <object_component_ref idref="oc-3f"/>
      </symbol>
      <symbol id="sm-1ce">
         <name>_fs</name>
         <value>0x18e9c</value>
         <object_component_ref idref="oc-3e"/>
      </symbol>
      <symbol id="sm-1cf">
         <name>_Timer1sec</name>
         <value>0x18e98</value>
         <object_component_ref idref="oc-3e"/>
      </symbol>
      <symbol id="sm-1d0">
         <name>_interrupt11Flag</name>
         <value>0x18ea4</value>
         <object_component_ref idref="oc-3e"/>
      </symbol>
      <symbol id="sm-1dc">
         <name>_index</name>
         <value>0x18220</value>
         <object_component_ref idref="oc-45"/>
      </symbol>
      <symbol id="sm-1dd">
         <name>_signal2</name>
         <value>0x8220</value>
         <object_component_ref idref="oc-45"/>
      </symbol>
      <symbol id="sm-1de">
         <name>_w</name>
         <value>0x220</value>
         <object_component_ref idref="oc-45"/>
      </symbol>
      <symbol id="sm-1ea">
         <name>_c_int00</name>
         <value>0x26320</value>
         <object_component_ref idref="oc-e"/>
      </symbol>
      <symbol id="sm-1eb">
         <name>__stack</name>
         <value>0x26860</value>
         <object_component_ref idref="oc-4a"/>
      </symbol>
      <symbol id="sm-207">
         <name>C$$EXIT</name>
         <value>0x26820</value>
         <object_component_ref idref="oc-e7"/>
      </symbol>
      <symbol id="sm-208">
         <name>_exit</name>
         <value>0x25a20</value>
         <object_component_ref idref="oc-dd"/>
      </symbol>
      <symbol id="sm-209">
         <name>___TI_enable_exit_profile_output</name>
         <value>0x18ebc</value>
         <object_component_ref idref="oc-55"/>
      </symbol>
      <symbol id="sm-20a">
         <name>_abort</name>
         <value>0x26820</value>
         <object_component_ref idref="oc-e7"/>
      </symbol>
      <symbol id="sm-20b">
         <name>__cleanup_ptr</name>
         <value>0x18eb4</value>
         <object_component_ref idref="oc-55"/>
      </symbol>
      <symbol id="sm-20c">
         <name>__dtors_ptr</name>
         <value>0x18eb8</value>
         <object_component_ref idref="oc-55"/>
      </symbol>
      <symbol id="sm-248">
         <name>__c6xabi_strasgi</name>
         <value>0x24f80</value>
         <object_component_ref idref="oc-ed"/>
      </symbol>
      <symbol id="sm-249">
         <name>__strasg</name>
         <value>0x25940</value>
         <object_component_ref idref="oc-df"/>
      </symbol>
      <symbol id="sm-24a">
         <name>__strasgi</name>
         <value>0x24f80</value>
         <object_component_ref idref="oc-ed"/>
      </symbol>
      <symbol id="sm-25b">
         <name>__args_main</name>
         <value>0x26640</value>
         <object_component_ref idref="oc-dc"/>
      </symbol>
      <symbol id="sm-25c">
         <name>__TI_args_main</name>
         <value>0x1</value>
      </symbol>
      <symbol id="sm-266">
         <name>__auto_init</name>
         <value>0x25760</value>
         <object_component_ref idref="oc-db"/>
      </symbol>
      <symbol id="sm-270">
         <name>___TI_cpp_init</name>
         <value>0x262a0</value>
         <object_component_ref idref="oc-e5"/>
      </symbol>
      <symbol id="sm-27a">
         <name>_copy_in</name>
         <value>0x25d60</value>
         <object_component_ref idref="oc-e3"/>
      </symbol>
      <symbol id="sm-284">
         <name>_errno</name>
         <value>0x18d64</value>
         <object_component_ref idref="oc-82"/>
      </symbol>
      <symbol id="sm-29c">
         <name>_memcpy</name>
         <value>0x241c0</value>
         <object_component_ref idref="oc-e4"/>
      </symbol>
      <symbol id="sm-2b3">
         <name>_CSL6713_LIB_</name>
         <value>0x266a0</value>
         <object_component_ref idref="oc-fd"/>
      </symbol>
      <symbol id="sm-2b4">
         <name>__CSL_init</name>
         <value>0x24400</value>
         <object_component_ref idref="oc-fe"/>
      </symbol>
      <symbol id="sm-2ca">
         <name>_GPIO_open</name>
         <value>0x25be0</value>
         <object_component_ref idref="oc-ff"/>
      </symbol>
      <symbol id="sm-2cb">
         <name>_GPIO_pinEnable</name>
         <value>0x26580</value>
         <object_component_ref idref="oc-101"/>
      </symbol>
      <symbol id="sm-2cc">
         <name>__GPIO_intTable</name>
         <value>0x18e3c</value>
         <object_component_ref idref="oc-96"/>
      </symbol>
      <symbol id="sm-2cd">
         <name>_GPIO_intPolarity</name>
         <value>0x25f80</value>
         <object_component_ref idref="oc-103"/>
      </symbol>
      <symbol id="sm-2ce">
         <name>_GPIO_pinDirection</name>
         <value>0x26520</value>
         <object_component_ref idref="oc-102"/>
      </symbol>
      <symbol id="sm-2cf">
         <name>__hGpioDev0</name>
         <value>0x18e50</value>
         <object_component_ref idref="oc-96"/>
      </symbol>
      <symbol id="sm-2d0">
         <name>_GPIO_reset</name>
         <value>0x25ca0</value>
         <object_component_ref idref="oc-100"/>
      </symbol>
      <symbol id="sm-2f6">
         <name>_IRQ_setVecs</name>
         <value>0x26760</value>
         <object_component_ref idref="oc-104"/>
      </symbol>
      <symbol id="sm-2f7">
         <name>_IRQ_clear</name>
         <value>0x266c0</value>
         <object_component_ref idref="oc-de"/>
      </symbol>
      <symbol id="sm-2f8">
         <name>__IRQ_eventTable</name>
         <value>0x18bf8</value>
         <object_component_ref idref="oc-9c"/>
      </symbol>
      <symbol id="sm-2f9">
         <name>_IRQ_nmiEnable</name>
         <value>0x26720</value>
         <object_component_ref idref="oc-fb"/>
      </symbol>
      <symbol id="sm-2fa">
         <name>_IRQ_reset</name>
         <value>0x26600</value>
         <object_component_ref idref="oc-f9"/>
      </symbol>
      <symbol id="sm-2fb">
         <name>__IRQ_intTable</name>
         <value>0x18c7c</value>
         <object_component_ref idref="oc-9c"/>
      </symbol>
      <symbol id="sm-2fc">
         <name>_IRQ_globalEnable</name>
         <value>0x26700</value>
         <object_component_ref idref="oc-fa"/>
      </symbol>
      <symbol id="sm-2fd">
         <name>_IRQ_globalDisable</name>
         <value>0x266e0</value>
         <object_component_ref idref="oc-f6"/>
      </symbol>
      <symbol id="sm-2fe">
         <name>_IRQ_map</name>
         <value>0x24620</value>
         <object_component_ref idref="oc-f8"/>
      </symbol>
      <symbol id="sm-2ff">
         <name>__IRQ_init</name>
         <value>0x26160</value>
         <object_component_ref idref="oc-107"/>
      </symbol>
      <symbol id="sm-300">
         <name>_IRQ_set</name>
         <value>0x26740</value>
         <object_component_ref idref="oc-105"/>
      </symbol>
      <symbol id="sm-301">
         <name>_IRQ_enable</name>
         <value>0x265c0</value>
         <object_component_ref idref="oc-fc"/>
      </symbol>
      <symbol id="sm-302">
         <name>__IRQ_dispatchTable</name>
         <value>0x18cbc</value>
         <object_component_ref idref="oc-9c"/>
      </symbol>
      <symbol id="sm-303">
         <name>__IRQ_hookFetchPacket</name>
         <value>0x26840</value>
         <object_component_ref idref="oc-9a"/>
      </symbol>
      <symbol id="sm-323">
         <name>_MCBSP_reset</name>
         <value>0x249a0</value>
         <object_component_ref idref="oc-e8"/>
      </symbol>
      <symbol id="sm-324">
         <name>_MCBSP_read</name>
         <value>0x267a0</value>
         <object_component_ref idref="oc-f5"/>
      </symbol>
      <symbol id="sm-325">
         <name>_MCBSP_close</name>
         <value>0x26020</value>
         <object_component_ref idref="oc-e0"/>
      </symbol>
      <symbol id="sm-326">
         <name>_MCBSP_getXmtEventId</name>
         <value>0x26780</value>
         <object_component_ref idref="oc-f7"/>
      </symbol>
      <symbol id="sm-327">
         <name>_MCBSP_open</name>
         <value>0x25560</value>
         <object_component_ref idref="oc-e1"/>
      </symbol>
      <symbol id="sm-328">
         <name>__MCBSP_hDev0</name>
         <value>0x18dd8</value>
         <object_component_ref idref="oc-a1"/>
      </symbol>
      <symbol id="sm-329">
         <name>__MCBSP_hDev1</name>
         <value>0x18ddc</value>
         <object_component_ref idref="oc-a1"/>
      </symbol>
      <symbol id="sm-32a">
         <name>_MCBSP_start</name>
         <value>0x25660</value>
         <object_component_ref idref="oc-e2"/>
      </symbol>
      <symbol id="sm-32b">
         <name>_MCBSP_rrdy</name>
         <value>0x267c0</value>
         <object_component_ref idref="oc-f4"/>
      </symbol>
      <symbol id="sm-32c">
         <name>_MCBSP_config</name>
         <value>0x260c0</value>
         <object_component_ref idref="oc-f1"/>
      </symbol>
      <symbol id="sm-32d">
         <name>_MCBSP_xrdy</name>
         <value>0x26800</value>
         <object_component_ref idref="oc-f2"/>
      </symbol>
      <symbol id="sm-32e">
         <name>_MCBSP_write</name>
         <value>0x267e0</value>
         <object_component_ref idref="oc-f3"/>
      </symbol>
      <symbol id="sm-33e">
         <name>_TIMER_reset</name>
         <value>0x25340</value>
         <object_component_ref idref="oc-10a"/>
      </symbol>
      <symbol id="sm-33f">
         <name>_TIMER_open</name>
         <value>0x24e40</value>
         <object_component_ref idref="oc-108"/>
      </symbol>
      <symbol id="sm-340">
         <name>__TIMER_hDev0</name>
         <value>0x18e6c</value>
         <object_component_ref idref="oc-a6"/>
      </symbol>
      <symbol id="sm-341">
         <name>__TIMER_hDev1</name>
         <value>0x18e70</value>
         <object_component_ref idref="oc-a6"/>
      </symbol>
      <symbol id="sm-342">
         <name>__TIMER_hBios</name>
         <value>0x18e74</value>
         <object_component_ref idref="oc-a6"/>
      </symbol>
      <symbol id="sm-343">
         <name>__TIMER_deviceTable</name>
         <value>0x18e54</value>
         <object_component_ref idref="oc-a6"/>
      </symbol>
      <symbol id="sm-34d">
         <name>_DSPF_sp_bitrev_cplx</name>
         <value>0x23f60</value>
         <object_component_ref idref="oc-aa"/>
      </symbol>
      <symbol id="sm-357">
         <name>_DSPF_sp_cfftr2_dit</name>
         <value>0x22ce0</value>
         <object_component_ref idref="oc-ae"/>
      </symbol>
      <symbol id="sm-365">
         <name>_DSK6713_init</name>
         <value>0x2320c</value>
         <object_component_ref idref="oc-b2"/>
      </symbol>
      <symbol id="sm-366">
         <name>_DSK6713_version</name>
         <value>0x18ec8</value>
         <object_component_ref idref="oc-b3"/>
      </symbol>
      <symbol id="sm-367">
         <name>_DSK6713_rget</name>
         <value>0x23528</value>
         <object_component_ref idref="oc-b2"/>
      </symbol>
      <symbol id="sm-368">
         <name>_DSK6713_wait</name>
         <value>0x23550</value>
         <object_component_ref idref="oc-b2"/>
      </symbol>
      <symbol id="sm-369">
         <name>_DSK6713_rset</name>
         <value>0x2353c</value>
         <object_component_ref idref="oc-b2"/>
      </symbol>
      <symbol id="sm-36a">
         <name>_DSK6713_waitusec</name>
         <value>0x235a8</value>
         <object_component_ref idref="oc-b2"/>
      </symbol>
      <symbol id="sm-36b">
         <name>_DSK6713_getVersion</name>
         <value>0x235d4</value>
         <object_component_ref idref="oc-b2"/>
      </symbol>
      <symbol id="sm-375">
         <name>_DSK6713_AIC23_closeCodec</name>
         <value>0x263a0</value>
         <object_component_ref idref="oc-b8"/>
      </symbol>
      <symbol id="sm-383">
         <name>_DSK6713_AIC23_codeccontrolhandle</name>
         <value>0x18ec0</value>
         <object_component_ref idref="oc-bd"/>
      </symbol>
      <symbol id="sm-384">
         <name>_DSK6713_AIC23_codecdatahandle</name>
         <value>0x18ec4</value>
         <object_component_ref idref="oc-bd"/>
      </symbol>
      <symbol id="sm-385">
         <name>_DSK6713_AIC23_openCodec</name>
         <value>0x239a0</value>
         <object_component_ref idref="oc-bc"/>
      </symbol>
      <symbol id="sm-38f">
         <name>_DSK6713_AIC23_outGain</name>
         <value>0x25b00</value>
         <object_component_ref idref="oc-c2"/>
      </symbol>
      <symbol id="sm-39d">
         <name>_DSK6713_AIC23_config</name>
         <value>0x24da0</value>
         <object_component_ref idref="oc-c6"/>
      </symbol>
      <symbol id="sm-39e">
         <name>_DSK6713_AIC23_rget</name>
         <value>0x24d7c</value>
         <object_component_ref idref="oc-c6"/>
      </symbol>
      <symbol id="sm-39f">
         <name>_DSK6713_AIC23_rset</name>
         <value>0x24ce0</value>
         <object_component_ref idref="oc-c6"/>
      </symbol>
      <symbol id="sm-3ad">
         <name>_DSK6713_AIC23_setFreq</name>
         <value>0x25e20</value>
         <object_component_ref idref="oc-cc"/>
      </symbol>
      <symbol id="sm-3b7">
         <name>_DSK6713_DIP_init</name>
         <value>0x26420</value>
         <object_component_ref idref="oc-d2"/>
      </symbol>
      <symbol id="sm-3b8">
         <name>_DSK6713_DIP_get</name>
         <value>0x26428</value>
         <object_component_ref idref="oc-d2"/>
      </symbol>
      <symbol id="sm-3c4">
         <name>_DSK6713_LED_init</name>
         <value>0x24b40</value>
         <object_component_ref idref="oc-d6"/>
      </symbol>
      <symbol id="sm-3c5">
         <name>_DSK6713_LED_on</name>
         <value>0x24bc4</value>
         <object_component_ref idref="oc-d6"/>
      </symbol>
      <symbol id="sm-3c6">
         <name>_DSK6713_LED_toggle</name>
         <value>0x24c20</value>
         <object_component_ref idref="oc-d6"/>
      </symbol>
      <symbol id="sm-3c7">
         <name>_DSK6713_LED_off</name>
         <value>0x24b68</value>
         <object_component_ref idref="oc-d6"/>
      </symbol>
   </symbol_table>
</link_info>
