******************************************************************************
               TMS320C6x Linker PC v7.4.20                     
******************************************************************************
>> Linked Tue Apr 04 15:42:08 2017

OUTPUT FILE NAME:   <Projet_S5_P1v1.out>
ENTRY POINT SYMBOL: "_c_int00"  address: 00026320


MEMORY CONFIGURATION

         name            origin    length      used     unused   attr    fill
----------------------  --------  ---------  --------  --------  ----  --------
  IVECS                 00000000   00000220  00000200  00000020  RWIX
  IRAM                  00000220   0002fde0  000276bc  00008724  RWIX
  SDRAM                 80000000   01000000  00000000  01000000  RWIX
  FLASH                 90000000   00020000  00000000  00020000  RWIX


SECTION ALLOCATION MAP

 output                                  attributes/
section   page    origin      length       input sections
--------  ----  ----------  ----------   ----------------
.vectors   0    00000000    00000200     
                  00000000    00000200     Vectors_intr.obj (.vectors)

.bss       0    00000220    00000000     UNINITIALIZED

.far       0    00000220    00018cac     UNINITIALIZED
                  00000220    00018100     signalFFT.obj (.far)
                  00018320    0000078c     SweepGen.obj (.far)
                  00018aac    00000004     Config.obj (.far)
                  00018ab0    00000120     rts6700.lib : pow.obj (.far)
                  00018bd0    000000f4     csl6713.lib : csl_irq.obj (.far)
                  00018cc4    00000058     C6713Helper_UdeS.obj (.far)
                  00018d1c    00000048     SPI_driver.obj (.far)
                  00018d64    00000004     rts6700.lib : errno.obj (.far)
                  00018d68    00000040                 : sin.obj (.far)
                  00018da8    00000038     csl6713.lib : csl_mcbsp.obj (.far)
                  00018de0    00000028                 : csl.obj (.far)
                  00018e08    00000028     dsk6713bsl.lib : dsk6713_aic23_registers.obj (.far)
                  00018e30    00000024     csl6713.lib : csl_gpio.obj (.far)
                  00018e54    00000024                 : csl_timer.obj (.far)
                  00018e78    00000020     dsk6713bsl.lib : dsk6713_aic23_setfreq.obj (.far)
                  00018e98    0000001c     main.obj (.far)
                  00018eb4    0000000c     rts6700.lib : exit.obj (.far)
                  00018ec0    00000008     dsk6713bsl.lib : dsk6713_aic23_opencodec.obj (.far)
                  00018ec8    00000002                    : dsk6713.obj (.far)
                  00018eca    00000002                    : dsk6713_led.obj (.far)

.cinit     0    00018ed0    00008d44     
                  00018ed0    00008008     signalFFT.obj (.cinit)
                  00020ed8    000007a4     SweepGen.obj (.cinit)
                  0002167c    00000004     --HOLE-- [fill = 0]
                  00021680    00000140     rts6700.lib : pow.obj (.cinit)
                  000217c0    0000012c     csl6713.lib : csl_irq.obj (.cinit)
                  000218ec    00000004     --HOLE-- [fill = 0]
                  000218f0    0000006c     main.obj (.cinit)
                  0002195c    00000004     --HOLE-- [fill = 0]
                  00021960    00000058     C6713Helper_UdeS.obj (.cinit)
                  000219b8    00000054     csl6713.lib : csl_mcbsp.obj (.cinit)
                  00021a0c    00000004     --HOLE-- [fill = 0]
                  00021a10    0000004c                 : csl_timer.obj (.cinit)
                  00021a5c    00000004     --HOLE-- [fill = 0]
                  00021a60    00000048     rts6700.lib : sin.obj (.cinit)
                  00021aa8    00000044     SPI_driver.obj (.cinit)
                  00021aec    00000004     --HOLE-- [fill = 0]
                  00021af0    00000044     csl6713.lib : csl_gpio.obj (.cinit)
                  00021b34    00000004     --HOLE-- [fill = 0]
                  00021b38    0000003c                 : csl.obj (.cinit)
                  00021b74    00000004     --HOLE-- [fill = 0]
                  00021b78    00000030     dsk6713bsl.lib : dsk6713_aic23_registers.obj (.cinit)
                  00021ba8    0000002c     rts6700.lib : exit.obj (.cinit)
                  00021bd4    00000004     --HOLE-- [fill = 0]
                  00021bd8    00000028     dsk6713bsl.lib : dsk6713_aic23_setfreq.obj (.cinit)
                  00021c00    0000000c     rts6700.lib : errno.obj (.cinit)
                  00021c0c    00000004     --HOLE-- [fill = 0]
                  00021c10    00000004     (.pad.cinit) [fill = 0]

.text      0    00021c20    00004c40     
                  00021c20    000008e0     SPI_driver.obj (.text)
                  00022500    000007e0     C6713Helper_UdeS.obj (.text)
                  00022ce0    000004e0     dsp67x.lib : DSPF_sp_cfftr2_dit.obj (.text)
                  000231c0    00000480     dsk6713bsl.lib : dsk6713.obj (.text)
                  00023640    00000360     CorrX.obj (.text)
                  000239a0    00000320     dsk6713bsl.lib : dsk6713_aic23_opencodec.obj (.text)
                  00023cc0    000002a0     main.obj (.text)
                  00023f60    00000260     dsp67x.lib : DSPF_sp_bitrev_cplx.obj (.text)
                  000241c0    00000240     rts6700.lib : memcpy62.obj (.text:_memcpy)
                  00024400    00000220     csl6713.lib : csl.obj (.text:__CSL_init)
                  00024620    000001c0                 : csl_irq.obj (.text:_IRQ_map)
                  000247e0    000001c0                 : csl_irq.obj (.text:_mux2Tables)
                  000249a0    000001a0                 : csl_mcbsp.obj (.text:_MCBSP_reset)
                  00024b40    000001a0     dsk6713bsl.lib : dsk6713_led.obj (.text)
                  00024ce0    00000160                    : dsk6713_aic23_registers.obj (.text)
                  00024e40    00000140     csl6713.lib : csl_timer.obj (.text:_TIMER_open)
                  00024f80    00000140     rts6700.lib : strasg.obj (.text:__strasgi)
                  000250c0    00000140     SPI_driver.obj (.text:retain)
                  00025200    00000140     main.obj (.text:retain)
                  00025340    00000120     csl6713.lib : csl_timer.obj (.text:_TIMER_reset)
                  00025460    00000100     SweepGen.obj (.text)
                  00025560    00000100     csl6713.lib : csl_mcbsp.obj (.text:_MCBSP_open)
                  00025660    00000100                 : csl_mcbsp.obj (.text:_MCBSP_start)
                  00025760    00000100     rts6700.lib : autoinit.obj (.text:__auto_init)
                  00025860    000000e0     Config.obj (.text)
                  00025940    000000e0     rts6700.lib : strasg.obj (.text:__strasg)
                  00025a20    000000e0                 : exit.obj (.text:_exit)
                  00025b00    000000e0     dsk6713bsl.lib : dsk6713_aic23_outgain.obj (.text)
                  00025be0    000000c0     csl6713.lib : csl_gpio.obj (.text:_GPIO_open)
                  00025ca0    000000c0                 : csl_gpio.obj (.text:_GPIO_reset)
                  00025d60    000000c0     rts6700.lib : cpy_tbl.obj (.text:_copy_in)
                  00025e20    000000c0     dsk6713bsl.lib : dsk6713_aic23_setfreq.obj (.text)
                  00025ee0    000000a0     CorrX.obj (.text)
                  00025f80    000000a0     csl6713.lib : csl_gpio.obj (.text:_GPIO_intPolarity)
                  00026020    000000a0                 : csl_mcbsp.obj (.text:_MCBSP_close)
                  000260c0    000000a0                 : csl_mcbsp.obj (.text:_MCBSP_config)
                  00026160    000000a0                 : csl_irq.obj (.text:__IRQ_init)
                  00026200    000000a0                 : csl_irq.obj (.text:_setMux)
                  000262a0    00000080     rts6700.lib : cpp_init.obj (.text:___TI_cpp_init)
                  00026320    00000080                 : boot.obj (.text:_c_int00)
                  000263a0    00000080     dsk6713bsl.lib : dsk6713_aic23_closecodec.obj (.text)
                  00026420    00000080                    : dsk6713_dip.obj (.text)
                  000264a0    00000080     enableInterrupts.obj (.text)
                  00026520    00000060     csl6713.lib : csl_gpio.obj (.text:_GPIO_pinDirection)
                  00026580    00000040                 : csl_gpio.obj (.text:_GPIO_pinEnable)
                  000265c0    00000040                 : csl_irq.obj (.text:_IRQ_enable)
                  00026600    00000040                 : csl_irq.obj (.text:_IRQ_reset)
                  00026640    00000040     rts6700.lib : args_main.obj (.text:__args_main)
                  00026680    00000020     Vectors_intr.obj (.text)
                  000266a0    00000020     csl6713.lib : csl.obj (.text:_CSL6713_LIB_)
                  000266c0    00000020                 : csl_irq.obj (.text:_IRQ_clear)
                  000266e0    00000020                 : csl_irq.obj (.text:_IRQ_globalDisable)
                  00026700    00000020                 : csl_irq.obj (.text:_IRQ_globalEnable)
                  00026720    00000020                 : csl_irq.obj (.text:_IRQ_nmiEnable)
                  00026740    00000020                 : csl_irq.obj (.text:_IRQ_set)
                  00026760    00000020                 : csl_irq.obj (.text:_IRQ_setVecs)
                  00026780    00000020                 : csl_mcbsp.obj (.text:_MCBSP_getXmtEventId)
                  000267a0    00000020                 : csl_mcbsp.obj (.text:_MCBSP_read)
                  000267c0    00000020                 : csl_mcbsp.obj (.text:_MCBSP_rrdy)
                  000267e0    00000020                 : csl_mcbsp.obj (.text:_MCBSP_write)
                  00026800    00000020                 : csl_mcbsp.obj (.text:_MCBSP_xrdy)
                  00026820    00000020     rts6700.lib : exit.obj (.text:_abort)
                  00026840    00000020     csl6713.lib : csl_irq.obj (.text)

.stack     0    00026860    00001000     UNINITIALIZED
                  00026860    00000008     rts6700.lib : boot.obj (.stack)
                  00026868    00000ff8     --HOLE--

.const     0    00027860    0000008c     
                  00027860    00000040     dsk6713bsl.lib : dsk6713_aic23_opencodec.obj (.const)
                  000278a0    00000020     main.obj (.const:_$P$T0$1)
                  000278c0    00000020     dsk6713bsl.lib : dsk6713.obj (.const)
                  000278e0    0000000c     main.obj (.const:_$P$T1$2)


GLOBAL SYMBOLS: SORTED ALPHABETICALLY BY Name 

address    name
--------   ----
00000220   $bss
00000220   .bss
00021c20   .text
00026820   C$$EXIT
00018cf8   _AIC23CfgData
000258a4   _AIC23_Config
00018ccc   _AIC_data
00022534   _CODEC_start
00022600   _CODEC_stop
000266a0   _CSL6713_LIB_
00025ee0   _Corrx_asm
00023834   _Corrx_c
000263a0   _DSK6713_AIC23_closeCodec
00018ec0   _DSK6713_AIC23_codeccontrolhandle
00018ec4   _DSK6713_AIC23_codecdatahandle
00024da0   _DSK6713_AIC23_config
000239a0   _DSK6713_AIC23_openCodec
00025b00   _DSK6713_AIC23_outGain
00024d7c   _DSK6713_AIC23_rget
00024ce0   _DSK6713_AIC23_rset
00025e20   _DSK6713_AIC23_setFreq
00025860   _DSK6713_Config
00026428   _DSK6713_DIP_get
00026420   _DSK6713_DIP_init
00024b40   _DSK6713_LED_init
00024b68   _DSK6713_LED_off
00024bc4   _DSK6713_LED_on
00024c20   _DSK6713_LED_toggle
000235d4   _DSK6713_getVersion
0002320c   _DSK6713_init
00023528   _DSK6713_rget
0002353c   _DSK6713_rset
00018ec8   _DSK6713_version
00023550   _DSK6713_wait
000235a8   _DSK6713_waitusec
00023f60   _DSPF_sp_bitrev_cplx
00022ce0   _DSPF_sp_cfftr2_dit
00023e78   _Demo_Corr
00025f80   _GPIO_intPolarity
00025be0   _GPIO_open
00026520   _GPIO_pinDirection
00026580   _GPIO_pinEnable
00025ca0   _GPIO_reset
000266c0   _IRQ_clear
000265c0   _IRQ_enable
000266e0   _IRQ_globalDisable
00026700   _IRQ_globalEnable
00024620   _IRQ_map
00026720   _IRQ_nmiEnable
00026600   _IRQ_reset
00026740   _IRQ_set
00026760   _IRQ_setVecs
00018d40   _MCBSP_SPI_Config
00021f44   _MCBSP_SPI_init
00026020   _MCBSP_close
000260c0   _MCBSP_config
00026780   _MCBSP_getXmtEventId
00025560   _MCBSP_open
000267a0   _MCBSP_read
000249a0   _MCBSP_reset
000267c0   _MCBSP_rrdy
00025660   _MCBSP_start
000267e0   _MCBSP_write
00026800   _MCBSP_xrdy
00018d3c   _MySpiHandle
00018d38   _My_GPIO
00018d34   _My_McBSP
00018d28   _Record
00022124   _SPI_READ_DATA
00022040   _SPI_WRITE_DATA
00021c68   _SPI_config
000223e8   _SendDemo
00025460   _SweepGeneration
00018320   _SweepSamples
00024e40   _TIMER_open
00025340   _TIMER_reset
000258d8   _Timer1_ConfigStart
00018e98   _Timer1sec
00018d2c   _Timer_Record
00018d24   _UnDrapeau
00024400   __CSL_init
00018e3c   __GPIO_intTable
00018cbc   __IRQ_dispatchTable
00018bf8   __IRQ_eventTable
00026840   __IRQ_hookFetchPacket
00026160   __IRQ_init
00018c7c   __IRQ_intTable
00018dd8   __MCBSP_hDev0
00018ddc   __MCBSP_hDev1
00027860   __STACK_END
00001000   __STACK_SIZE
00018e54   __TIMER_deviceTable
00018e74   __TIMER_hBios
00018e6c   __TIMER_hDev0
00018e70   __TIMER_hDev1
00000001   __TI_args_main
000262a0   ___TI_cpp_init
00018ebc   ___TI_enable_exit_profile_output
ffffffff   ___TI_pprof_out_hndl
ffffffff   ___TI_prof_data_size
ffffffff   ___TI_prof_data_start
ffffffff   ___binit__
00000220   ___bss__
ffffffff   ___c_args__
00018ed0   ___cinit__
00000220   ___end__
00026860   ___etext__
ffffffff   ___pinit__
00021c20   ___text__
00026640   __args_main
00025760   __auto_init
00024f80   __c6xabi_strasgi
00018eb4   __cleanup_ptr
00018eb8   __dtors_ptr
00018e50   __hGpioDev0
00026860   __stack
00025940   __strasg
00024f80   __strasgi
00026820   _abort
00026320   _c_int00
00025200   _c_int11
00025290   _c_int15
000250c0   _c_int4
00022ba0   _comm_intr
00022500   _comm_poll
00018cd0   _config
00025d60   _copy_in
00018d60   _cpt1
000264a0   _enableInterrupts
00018d64   _errno
00025a20   _exit
00018e9c   _fs
00018d18   _hAIC23_handle
00018aac   _hCodec
00018220   _index
000221fc   _init_ext_intr
00022a10   _input_left_sample
00022ad8   _input_right_sample
0002290c   _input_sample
00018ea0   _inputsource
00018ea4   _interrupt11Flag
00018d30   _interrupt4Flag
00023cc0   _main
000241c0   _memcpy
00018d1f   _message
00018d20   _message_treated
0002274c   _output_left_sample
0002282c   _output_right_sample
00022630   _output_sample
00018d1e   _sample
00018d1c   _sample16
00008220   _signal2
00000020   _vector1
00000140   _vector10
00000180   _vector12
000001a0   _vector13
00000040   _vector2
00000060   _vector3
000000a0   _vector5
000000c0   _vector6
000000e0   _vector7
00000100   _vector8
00000120   _vector9
00000000   _vectors
00000220   _w
00023640   _zero_P
ffffffff   binit
00018ed0   cinit
00000220   end
00026860   etext
ffffffff   pinit


GLOBAL SYMBOLS: SORTED BY Symbol Address 

address    name
--------   ----
00000000   _vectors
00000001   __TI_args_main
00000020   _vector1
00000040   _vector2
00000060   _vector3
000000a0   _vector5
000000c0   _vector6
000000e0   _vector7
00000100   _vector8
00000120   _vector9
00000140   _vector10
00000180   _vector12
000001a0   _vector13
00000220   $bss
00000220   .bss
00000220   ___bss__
00000220   ___end__
00000220   _w
00000220   end
00001000   __STACK_SIZE
00008220   _signal2
00018220   _index
00018320   _SweepSamples
00018aac   _hCodec
00018bf8   __IRQ_eventTable
00018c7c   __IRQ_intTable
00018cbc   __IRQ_dispatchTable
00018ccc   _AIC_data
00018cd0   _config
00018cf8   _AIC23CfgData
00018d18   _hAIC23_handle
00018d1c   _sample16
00018d1e   _sample
00018d1f   _message
00018d20   _message_treated
00018d24   _UnDrapeau
00018d28   _Record
00018d2c   _Timer_Record
00018d30   _interrupt4Flag
00018d34   _My_McBSP
00018d38   _My_GPIO
00018d3c   _MySpiHandle
00018d40   _MCBSP_SPI_Config
00018d60   _cpt1
00018d64   _errno
00018dd8   __MCBSP_hDev0
00018ddc   __MCBSP_hDev1
00018e3c   __GPIO_intTable
00018e50   __hGpioDev0
00018e54   __TIMER_deviceTable
00018e6c   __TIMER_hDev0
00018e70   __TIMER_hDev1
00018e74   __TIMER_hBios
00018e98   _Timer1sec
00018e9c   _fs
00018ea0   _inputsource
00018ea4   _interrupt11Flag
00018eb4   __cleanup_ptr
00018eb8   __dtors_ptr
00018ebc   ___TI_enable_exit_profile_output
00018ec0   _DSK6713_AIC23_codeccontrolhandle
00018ec4   _DSK6713_AIC23_codecdatahandle
00018ec8   _DSK6713_version
00018ed0   ___cinit__
00018ed0   cinit
00021c20   .text
00021c20   ___text__
00021c68   _SPI_config
00021f44   _MCBSP_SPI_init
00022040   _SPI_WRITE_DATA
00022124   _SPI_READ_DATA
000221fc   _init_ext_intr
000223e8   _SendDemo
00022500   _comm_poll
00022534   _CODEC_start
00022600   _CODEC_stop
00022630   _output_sample
0002274c   _output_left_sample
0002282c   _output_right_sample
0002290c   _input_sample
00022a10   _input_left_sample
00022ad8   _input_right_sample
00022ba0   _comm_intr
00022ce0   _DSPF_sp_cfftr2_dit
0002320c   _DSK6713_init
00023528   _DSK6713_rget
0002353c   _DSK6713_rset
00023550   _DSK6713_wait
000235a8   _DSK6713_waitusec
000235d4   _DSK6713_getVersion
00023640   _zero_P
00023834   _Corrx_c
000239a0   _DSK6713_AIC23_openCodec
00023cc0   _main
00023e78   _Demo_Corr
00023f60   _DSPF_sp_bitrev_cplx
000241c0   _memcpy
00024400   __CSL_init
00024620   _IRQ_map
000249a0   _MCBSP_reset
00024b40   _DSK6713_LED_init
00024b68   _DSK6713_LED_off
00024bc4   _DSK6713_LED_on
00024c20   _DSK6713_LED_toggle
00024ce0   _DSK6713_AIC23_rset
00024d7c   _DSK6713_AIC23_rget
00024da0   _DSK6713_AIC23_config
00024e40   _TIMER_open
00024f80   __c6xabi_strasgi
00024f80   __strasgi
000250c0   _c_int4
00025200   _c_int11
00025290   _c_int15
00025340   _TIMER_reset
00025460   _SweepGeneration
00025560   _MCBSP_open
00025660   _MCBSP_start
00025760   __auto_init
00025860   _DSK6713_Config
000258a4   _AIC23_Config
000258d8   _Timer1_ConfigStart
00025940   __strasg
00025a20   _exit
00025b00   _DSK6713_AIC23_outGain
00025be0   _GPIO_open
00025ca0   _GPIO_reset
00025d60   _copy_in
00025e20   _DSK6713_AIC23_setFreq
00025ee0   _Corrx_asm
00025f80   _GPIO_intPolarity
00026020   _MCBSP_close
000260c0   _MCBSP_config
00026160   __IRQ_init
000262a0   ___TI_cpp_init
00026320   _c_int00
000263a0   _DSK6713_AIC23_closeCodec
00026420   _DSK6713_DIP_init
00026428   _DSK6713_DIP_get
000264a0   _enableInterrupts
00026520   _GPIO_pinDirection
00026580   _GPIO_pinEnable
000265c0   _IRQ_enable
00026600   _IRQ_reset
00026640   __args_main
000266a0   _CSL6713_LIB_
000266c0   _IRQ_clear
000266e0   _IRQ_globalDisable
00026700   _IRQ_globalEnable
00026720   _IRQ_nmiEnable
00026740   _IRQ_set
00026760   _IRQ_setVecs
00026780   _MCBSP_getXmtEventId
000267a0   _MCBSP_read
000267c0   _MCBSP_rrdy
000267e0   _MCBSP_write
00026800   _MCBSP_xrdy
00026820   C$$EXIT
00026820   _abort
00026840   __IRQ_hookFetchPacket
00026860   ___etext__
00026860   __stack
00026860   etext
00027860   __STACK_END
ffffffff   ___TI_pprof_out_hndl
ffffffff   ___TI_prof_data_size
ffffffff   ___TI_prof_data_start
ffffffff   ___binit__
ffffffff   ___c_args__
ffffffff   ___pinit__
ffffffff   binit
ffffffff   pinit

[171 symbols]
