******************************************************************************
               TMS320C6x Linker PC v7.4.20                     
******************************************************************************
>> Linked Wed Mar 15 17:29:02 2017

OUTPUT FILE NAME:   <Projet_S5_P1.out>
ENTRY POINT SYMBOL: "_c_int00"  address: 000233e0


MEMORY CONFIGURATION

         name            origin    length      used     unused   attr    fill
----------------------  --------  ---------  --------  --------  ----  --------
  IVECS                 00000000   00000220  00000200  00000020  RWIX
  IRAM                  00000220   0002fde0  000245cc  0000b814  RWIX
  SDRAM                 80000000   01000000  00000000  01000000  RWIX
  FLASH                 90000000   00020000  00000000  00020000  RWIX


SECTION ALLOCATION MAP

 output                                  attributes/
section   page    origin      length       input sections
--------  ----  ----------  ----------   ----------------
.vectors   0    00000000    00000200     
                  00000000    00000200     Vectors_intr.obj (.vectors)

.bss       0    00000220    00000000     UNINITIALIZED

.far       0    00000220    00018244     UNINITIALIZED
                  00000220    00010002     test_fft.obj (.far)
                  00010222    00000002     dsk6713bsl.lib : dsk6713.obj (.far)
                  00010224    00000004     --HOLE--
                  00010228    00008018     main.obj (.far)
                  00018240    000000f4     csl6713.lib : csl_irq.obj (.far)
                  00018334    00000058     C6713Helper_UdeS.obj (.far)
                  0001838c    00000004     --HOLE--
                  00018390    00000040     rts6700.lib : sin.obj (.far)
                  000183d0    00000038     csl6713.lib : csl_mcbsp.obj (.far)
                  00018408    00000028     dsk6713bsl.lib : dsk6713_aic23_registers.obj (.far)
                  00018430    00000020                    : dsk6713_aic23_setfreq.obj (.far)
                  00018450    0000000c     rts6700.lib : exit.obj (.far)
                  0001845c    00000008     dsk6713bsl.lib : dsk6713_aic23_opencodec.obj (.far)

.cinit     0    00018468    0000831c     
                  00018468    00008054     main.obj (.cinit)
                  000204bc    00000004     --HOLE-- [fill = 0]
                  000204c0    0000012c     csl6713.lib : csl_irq.obj (.cinit)
                  000205ec    00000004     --HOLE-- [fill = 0]
                  000205f0    00000058     C6713Helper_UdeS.obj (.cinit)
                  00020648    00000054     csl6713.lib : csl_mcbsp.obj (.cinit)
                  0002069c    00000004     --HOLE-- [fill = 0]
                  000206a0    00000048     rts6700.lib : sin.obj (.cinit)
                  000206e8    00000030     dsk6713bsl.lib : dsk6713_aic23_registers.obj (.cinit)
                  00020718    0000002c     rts6700.lib : exit.obj (.cinit)
                  00020744    00000004     --HOLE-- [fill = 0]
                  00020748    00000028     dsk6713bsl.lib : dsk6713_aic23_setfreq.obj (.cinit)
                  00020770    0000000a     test_fft.obj (.cinit)
                  0002077a    00000006     --HOLE-- [fill = 0]
                  00020780    00000004     (.pad.cinit) [fill = 0]

.text      0    000207a0    00002fe0     
                  000207a0    000007e0     C6713Helper_UdeS.obj (.text)
                  00020f80    000004e0     dsp67x.lib : DSPF_sp_cfftr2_dit.obj (.text)
                  00021460    00000480     dsk6713bsl.lib : dsk6713.obj (.text)
                  000218e0    00000360     CorrX.obj (.text)
                  00021c40    00000320     dsk6713bsl.lib : dsk6713_aic23_opencodec.obj (.text)
                  00021f60    00000240     rts6700.lib : memcpy62.obj (.text:_memcpy)
                  000221a0    00000200     main.obj (.text:retain)
                  000223a0    000001c0     csl6713.lib : csl_irq.obj (.text:_IRQ_map)
                  00022560    000001a0                 : csl_mcbsp.obj (.text:_MCBSP_reset)
                  00022700    000001a0     main.obj (.text)
                  000228a0    00000160     dsk6713bsl.lib : dsk6713_aic23_registers.obj (.text)
                  00022a00    00000140     rts6700.lib : strasg.obj (.text:__strasgi)
                  00022b40    00000100     csl6713.lib : csl_mcbsp.obj (.text:_MCBSP_open)
                  00022c40    00000100                 : csl_mcbsp.obj (.text:_MCBSP_start)
                  00022d40    00000100     rts6700.lib : autoinit.obj (.text:__auto_init)
                  00022e40    000000e0                 : strasg.obj (.text:__strasg)
                  00022f20    000000e0                 : exit.obj (.text:_exit)
                  00023000    000000c0                 : cpy_tbl.obj (.text:_copy_in)
                  000230c0    000000c0     dsk6713bsl.lib : dsk6713_aic23_setfreq.obj (.text)
                  00023180    000000a0     csl6713.lib : csl_mcbsp.obj (.text:_MCBSP_close)
                  00023220    000000a0                 : csl_mcbsp.obj (.text:_MCBSP_config)
                  000232c0    000000a0                 : csl_irq.obj (.text:_setMux)
                  00023360    00000080     rts6700.lib : cpp_init.obj (.text:___TI_cpp_init)
                  000233e0    00000080                 : boot.obj (.text:_c_int00)
                  00023460    00000080     dsk6713bsl.lib : dsk6713_aic23_closecodec.obj (.text)
                  000234e0    00000080     enableInterrupts.obj (.text)
                  00023560    00000040     csl6713.lib : csl_irq.obj (.text:_IRQ_enable)
                  000235a0    00000040                 : csl_irq.obj (.text:_IRQ_reset)
                  000235e0    00000040     rts6700.lib : args_main.obj (.text:__args_main)
                  00023620    00000020     Vectors_intr.obj (.text)
                  00023640    00000020     csl6713.lib : csl_irq.obj (.text:_IRQ_globalDisable)
                  00023660    00000020                 : csl_irq.obj (.text:_IRQ_globalEnable)
                  00023680    00000020                 : csl_irq.obj (.text:_IRQ_nmiEnable)
                  000236a0    00000020                 : csl_mcbsp.obj (.text:_MCBSP_getXmtEventId)
                  000236c0    00000020                 : csl_mcbsp.obj (.text:_MCBSP_read)
                  000236e0    00000020                 : csl_mcbsp.obj (.text:_MCBSP_rrdy)
                  00023700    00000020                 : csl_mcbsp.obj (.text:_MCBSP_write)
                  00023720    00000020                 : csl_mcbsp.obj (.text:_MCBSP_xrdy)
                  00023740    00000020     rts6700.lib : exit.obj (.text:_abort)
                  00023760    00000020     csl6713.lib : csl_irq.obj (.text)

.stack     0    00023780    00001000     UNINITIALIZED
                  00023780    00000008     rts6700.lib : boot.obj (.stack)
                  00023788    00000ff8     --HOLE--

.const     0    00024780    0000008c     
                  00024780    00000040     dsk6713bsl.lib : dsk6713_aic23_opencodec.obj (.const)
                  000247c0    00000020     main.obj (.const:_$P$T0$1)
                  000247e0    00000020     dsk6713bsl.lib : dsk6713.obj (.const)
                  00024800    0000000c     main.obj (.const:_$P$T1$2)


GLOBAL SYMBOLS: SORTED ALPHABETICALLY BY Name 

address    name
--------   ----
00000220   $bss
00000220   .bss
000207a0   .text
00023740   C$$EXIT
00018368   _AIC23CfgData
0001833c   _AIC_data
000207d4   _CODEC_start
000208a0   _CODEC_stop
00021ad4   _Corrx_c
00023460   _DSK6713_AIC23_closeCodec
0001845c   _DSK6713_AIC23_codeccontrolhandle
00018460   _DSK6713_AIC23_codecdatahandle
00022960   _DSK6713_AIC23_config
00021c40   _DSK6713_AIC23_openCodec
0002293c   _DSK6713_AIC23_rget
000228a0   _DSK6713_AIC23_rset
000230c0   _DSK6713_AIC23_setFreq
00021874   _DSK6713_getVersion
000214ac   _DSK6713_init
000217c8   _DSK6713_rget
000217dc   _DSK6713_rset
00010222   _DSK6713_version
000217f0   _DSK6713_wait
00021848   _DSK6713_waitusec
00020f80   _DSPF_sp_cfftr2_dit
0002274c   _Demo_Corr
00023560   _IRQ_enable
00023640   _IRQ_globalDisable
00023660   _IRQ_globalEnable
000223a0   _IRQ_map
00023680   _IRQ_nmiEnable
000235a0   _IRQ_reset
00023180   _MCBSP_close
00023220   _MCBSP_config
000236a0   _MCBSP_getXmtEventId
00022b40   _MCBSP_open
000236c0   _MCBSP_read
00022560   _MCBSP_reset
000236e0   _MCBSP_rrdy
00022c40   _MCBSP_start
00023700   _MCBSP_write
00023720   _MCBSP_xrdy
00010228   _Timer1sec
0001832c   __IRQ_dispatchTable
00018268   __IRQ_eventTable
00023760   __IRQ_hookFetchPacket
000182ec   __IRQ_intTable
00018400   __MCBSP_hDev0
00018404   __MCBSP_hDev1
00024780   __STACK_END
00001000   __STACK_SIZE
00000001   __TI_args_main
00023360   ___TI_cpp_init
00018458   ___TI_enable_exit_profile_output
ffffffff   ___TI_pprof_out_hndl
ffffffff   ___TI_prof_data_size
ffffffff   ___TI_prof_data_start
ffffffff   ___binit__
00000220   ___bss__
ffffffff   ___c_args__
00018468   ___cinit__
00000220   ___end__
00023780   ___etext__
ffffffff   ___pinit__
000207a0   ___text__
000235e0   __args_main
00022d40   __auto_init
00022a00   __c6xabi_strasgi
00018450   __cleanup_ptr
00018454   __dtors_ptr
00023780   __stack
00022e40   __strasg
00022a00   __strasgi
00000220   _a
00023740   _abort
00010220   _c
000233e0   _c_int00
000221a0   _c_int11
000222e8   _c_int15
00020e40   _comm_intr
000207a0   _comm_poll
00018340   _config
0002282c   _configAndStartTimer1
00023000   _copy_in
000234e0   _enableInterrupts
00022f20   _exit
00018230   _fs
00018388   _hAIC23_handle
00020cb0   _input_left_sample
00020d78   _input_right_sample
00020bac   _input_sample
00018234   _inputsource
00022700   _main
00021f60   _memcpy
000209ec   _output_left_sample
00020acc   _output_right_sample
000208d0   _output_sample
00000020   _vector1
00000140   _vector10
00000180   _vector12
000001a0   _vector13
00000040   _vector2
00000060   _vector3
000000a0   _vector5
000000c0   _vector6
000000e0   _vector7
00000100   _vector8
00000120   _vector9
00000000   _vectors
00010230   _w
000218e0   _zero_P
ffffffff   binit
00018468   cinit
00000220   end
00023780   etext
ffffffff   pinit


GLOBAL SYMBOLS: SORTED BY Symbol Address 

address    name
--------   ----
00000000   _vectors
00000001   __TI_args_main
00000020   _vector1
00000040   _vector2
00000060   _vector3
000000a0   _vector5
000000c0   _vector6
000000e0   _vector7
00000100   _vector8
00000120   _vector9
00000140   _vector10
00000180   _vector12
000001a0   _vector13
00000220   $bss
00000220   .bss
00000220   ___bss__
00000220   ___end__
00000220   _a
00000220   end
00001000   __STACK_SIZE
00010220   _c
00010222   _DSK6713_version
00010228   _Timer1sec
00010230   _w
00018230   _fs
00018234   _inputsource
00018268   __IRQ_eventTable
000182ec   __IRQ_intTable
0001832c   __IRQ_dispatchTable
0001833c   _AIC_data
00018340   _config
00018368   _AIC23CfgData
00018388   _hAIC23_handle
00018400   __MCBSP_hDev0
00018404   __MCBSP_hDev1
00018450   __cleanup_ptr
00018454   __dtors_ptr
00018458   ___TI_enable_exit_profile_output
0001845c   _DSK6713_AIC23_codeccontrolhandle
00018460   _DSK6713_AIC23_codecdatahandle
00018468   ___cinit__
00018468   cinit
000207a0   .text
000207a0   ___text__
000207a0   _comm_poll
000207d4   _CODEC_start
000208a0   _CODEC_stop
000208d0   _output_sample
000209ec   _output_left_sample
00020acc   _output_right_sample
00020bac   _input_sample
00020cb0   _input_left_sample
00020d78   _input_right_sample
00020e40   _comm_intr
00020f80   _DSPF_sp_cfftr2_dit
000214ac   _DSK6713_init
000217c8   _DSK6713_rget
000217dc   _DSK6713_rset
000217f0   _DSK6713_wait
00021848   _DSK6713_waitusec
00021874   _DSK6713_getVersion
000218e0   _zero_P
00021ad4   _Corrx_c
00021c40   _DSK6713_AIC23_openCodec
00021f60   _memcpy
000221a0   _c_int11
000222e8   _c_int15
000223a0   _IRQ_map
00022560   _MCBSP_reset
00022700   _main
0002274c   _Demo_Corr
0002282c   _configAndStartTimer1
000228a0   _DSK6713_AIC23_rset
0002293c   _DSK6713_AIC23_rget
00022960   _DSK6713_AIC23_config
00022a00   __c6xabi_strasgi
00022a00   __strasgi
00022b40   _MCBSP_open
00022c40   _MCBSP_start
00022d40   __auto_init
00022e40   __strasg
00022f20   _exit
00023000   _copy_in
000230c0   _DSK6713_AIC23_setFreq
00023180   _MCBSP_close
00023220   _MCBSP_config
00023360   ___TI_cpp_init
000233e0   _c_int00
00023460   _DSK6713_AIC23_closeCodec
000234e0   _enableInterrupts
00023560   _IRQ_enable
000235a0   _IRQ_reset
000235e0   __args_main
00023640   _IRQ_globalDisable
00023660   _IRQ_globalEnable
00023680   _IRQ_nmiEnable
000236a0   _MCBSP_getXmtEventId
000236c0   _MCBSP_read
000236e0   _MCBSP_rrdy
00023700   _MCBSP_write
00023720   _MCBSP_xrdy
00023740   C$$EXIT
00023740   _abort
00023760   __IRQ_hookFetchPacket
00023780   ___etext__
00023780   __stack
00023780   etext
00024780   __STACK_END
ffffffff   ___TI_pprof_out_hndl
ffffffff   ___TI_prof_data_size
ffffffff   ___TI_prof_data_start
ffffffff   ___binit__
ffffffff   ___c_args__
ffffffff   ___pinit__
ffffffff   binit
ffffffff   pinit

[116 symbols]
