******************************************************************************
               TMS320C6x Linker PC v7.4.20                     
******************************************************************************
>> Linked Wed Mar 15 17:15:37 2017

OUTPUT FILE NAME:   <Projet_S5_P1.out>
ENTRY POINT SYMBOL: "_c_int00"  address: 000213c0


MEMORY CONFIGURATION

         name            origin    length      used     unused   attr    fill
----------------------  --------  ---------  --------  --------  ----  --------
  IVECS                 00000000   00000220  00000000  00000220  RWIX
  IRAM                  00000220   0002fde0  00022294  0000db4c  RWIX
  SDRAM                 80000000   01000000  00000000  01000000  RWIX
  FLASH                 90000000   00020000  00000000  00020000  RWIX


SECTION ALLOCATION MAP

 output                                  attributes/
section   page    origin      length       input sections
--------  ----  ----------  ----------   ----------------
.bss       0    00000220    00000000     UNINITIALIZED

.far       0    00000220    00018054     UNINITIALIZED
                  00000220    00010002     test_fft.obj (.far)
                  00010222    00000006     --HOLE--
                  00010228    00008000     main.obj (.far)
                  00018228    00000040     rts6700.lib : sin.obj (.far)
                  00018268    0000000c                 : exit.obj (.far)

.cinit     0    00018278    00008094     
                  00018278    00008008     main.obj (.cinit)
                  00020280    00000048     rts6700.lib : sin.obj (.cinit)
                  000202c8    0000002c                 : exit.obj (.cinit)
                  000202f4    00000004     --HOLE-- [fill = 0]
                  000202f8    0000000a     test_fft.obj (.cinit)
                  00020302    00000006     --HOLE-- [fill = 0]
                  00020308    00000004     (.pad.cinit) [fill = 0]

.text      0    00020320    00001180     
                  00020320    000004e0     dsp67x.lib : DSPF_sp_cfftr2_dit.obj (.text)
                  00020800    00000360     CorrX.obj (.text)
                  00020b60    00000240     rts6700.lib : memcpy62.obj (.text:_memcpy)
                  00020da0    00000140                 : strasg.obj (.text:__strasgi)
                  00020ee0    00000120     main.obj (.text)
                  00021000    00000100     rts6700.lib : autoinit.obj (.text:__auto_init)
                  00021100    000000e0                 : exit.obj (.text:_exit)
                  000211e0    000000c0                 : cpy_tbl.obj (.text:_copy_in)
                  000212a0    000000a0     CorrX.obj (.text)
                  00021340    00000080     rts6700.lib : cpp_init.obj (.text:___TI_cpp_init)
                  000213c0    00000080                 : boot.obj (.text:_c_int00)
                  00021440    00000040                 : args_main.obj (.text:__args_main)
                  00021480    00000020                 : exit.obj (.text:_abort)

.stack     0    000214a0    00001000     UNINITIALIZED
                  000214a0    00000008     rts6700.lib : boot.obj (.stack)
                  000214a8    00000ff8     --HOLE--

.const     0    000224a0    0000002c     
                  000224a0    00000020     main.obj (.const:_$P$T0$1)
                  000224c0    0000000c     main.obj (.const:_$P$T1$2)


GLOBAL SYMBOLS: SORTED ALPHABETICALLY BY Name 

address    name
--------   ----
00000220   $bss
00000220   .bss
00020320   .text
00021480   C$$EXIT
000212a0   _Corrx_asm
000209f4   _Corrx_c
00020320   _DSPF_sp_cfftr2_dit
00020f04   _Demo_Corr
000224a0   __STACK_END
00001000   __STACK_SIZE
00000001   __TI_args_main
00021340   ___TI_cpp_init
00018270   ___TI_enable_exit_profile_output
ffffffff   ___TI_pprof_out_hndl
ffffffff   ___TI_prof_data_size
ffffffff   ___TI_prof_data_start
ffffffff   ___binit__
00000220   ___bss__
ffffffff   ___c_args__
00018278   ___cinit__
00000220   ___end__
000214a0   ___etext__
ffffffff   ___pinit__
00020320   ___text__
00021440   __args_main
00021000   __auto_init
00020da0   __c6xabi_strasgi
00018268   __cleanup_ptr
0001826c   __dtors_ptr
000214a0   __stack
00020da0   __strasgi
00000220   _a
00021480   _abort
00010220   _c
000213c0   _c_int00
000211e0   _copy_in
00021100   _exit
00020ee0   _main
00020b60   _memcpy
00010228   _w
00020800   _zero_P
ffffffff   binit
00018278   cinit
00000220   end
000214a0   etext
ffffffff   pinit


GLOBAL SYMBOLS: SORTED BY Symbol Address 

address    name
--------   ----
00000001   __TI_args_main
00000220   $bss
00000220   .bss
00000220   ___bss__
00000220   ___end__
00000220   _a
00000220   end
00001000   __STACK_SIZE
00010220   _c
00010228   _w
00018268   __cleanup_ptr
0001826c   __dtors_ptr
00018270   ___TI_enable_exit_profile_output
00018278   ___cinit__
00018278   cinit
00020320   .text
00020320   _DSPF_sp_cfftr2_dit
00020320   ___text__
00020800   _zero_P
000209f4   _Corrx_c
00020b60   _memcpy
00020da0   __c6xabi_strasgi
00020da0   __strasgi
00020ee0   _main
00020f04   _Demo_Corr
00021000   __auto_init
00021100   _exit
000211e0   _copy_in
000212a0   _Corrx_asm
00021340   ___TI_cpp_init
000213c0   _c_int00
00021440   __args_main
00021480   C$$EXIT
00021480   _abort
000214a0   ___etext__
000214a0   __stack
000214a0   etext
000224a0   __STACK_END
ffffffff   ___TI_pprof_out_hndl
ffffffff   ___TI_prof_data_size
ffffffff   ___TI_prof_data_start
ffffffff   ___binit__
ffffffff   ___c_args__
ffffffff   ___pinit__
ffffffff   binit
ffffffff   pinit

[46 symbols]
