******************************************************************************
               TMS320C6x Linker PC v7.4.20                     
******************************************************************************
>> Linked Tue Jan 31 13:17:56 2017

OUTPUT FILE NAME:   <APP2.out>
ENTRY POINT SYMBOL: "_c_int00"  address: 00001780


MEMORY CONFIGURATION

         name            origin    length      used     unused   attr    fill
----------------------  --------  ---------  --------  --------  ----  --------
  IVECS                 00000000   00000220  00000000  00000220  RWIX
  IRAM                  00000220   0002fde0  000016e0  0002e700  RWIX
  SDRAM                 80000000   01000000  00000000  01000000  RWIX
  FLASH                 90000000   00020000  00000000  00020000  RWIX


SECTION ALLOCATION MAP

 output                                  attributes/
section   page    origin      length       input sections
--------  ----  ----------  ----------   ----------------
.bss       0    00000220    00000000     UNINITIALIZED

.stack     0    00000220    00001000     UNINITIALIZED
                  00000220    00000008     rts6700.lib : boot.obj (.stack)
                  00000228    00000ff8     --HOLE--

.text      0    00001220    000006a0     
                  00001220    00000240     rts6700.lib : memcpy62.obj (.text:_memcpy)
                  00001460    00000100                 : autoinit.obj (.text:__auto_init)
                  00001560    000000e0                 : exit.obj (.text:_exit)
                  00001640    000000c0                 : cpy_tbl.obj (.text:_copy_in)
                  00001700    00000080                 : cpp_init.obj (.text:___TI_cpp_init)
                  00001780    00000080                 : boot.obj (.text:_c_int00)
                  00001800    00000040                 : args_main.obj (.text:__args_main)
                  00001840    00000040     main.obj (.text)
                  00001880    00000020     Soustraction.obj (.text)
                  000018a0    00000020     rts6700.lib : exit.obj (.text:_abort)

.cinit     0    000018c0    00000034     
                  000018c0    0000002c     rts6700.lib : exit.obj (.cinit)
                  000018ec    00000004     --HOLE-- [fill = 0]
                  000018f0    00000004     (.pad.cinit) [fill = 0]

.far       0    000018f4    0000000c     UNINITIALIZED
                  000018f4    0000000c     rts6700.lib : exit.obj (.far)


GLOBAL SYMBOLS: SORTED ALPHABETICALLY BY Name 

address    name
--------   ----
00000220   $bss
00000220   .bss
00001220   .text
000018a0   C$$EXIT
UNDEFED    _DSPF_sp_cfftr2_dit
00001880   _SubEntierNonSigne32bits
00001220   __STACK_END
00001000   __STACK_SIZE
00000001   __TI_args_main
00001700   ___TI_cpp_init
000018fc   ___TI_enable_exit_profile_output
ffffffff   ___TI_pprof_out_hndl
ffffffff   ___TI_prof_data_size
ffffffff   ___TI_prof_data_start
ffffffff   ___binit__
00000220   ___bss__
ffffffff   ___c_args__
000018c0   ___cinit__
00000220   ___end__
000018c0   ___etext__
ffffffff   ___pinit__
00001220   ___text__
00001800   __args_main
00001460   __auto_init
000018f4   __cleanup_ptr
000018f8   __dtors_ptr
00000220   __stack
000018a0   _abort
00001780   _c_int00
00001640   _copy_in
00001560   _exit
00001840   _main
00001220   _memcpy
ffffffff   binit
000018c0   cinit
00000220   end
000018c0   etext
ffffffff   pinit


GLOBAL SYMBOLS: SORTED BY Symbol Address 

address    name
--------   ----
00000001   __TI_args_main
00000220   $bss
00000220   .bss
00000220   ___bss__
00000220   ___end__
00000220   __stack
00000220   end
00001000   __STACK_SIZE
00001220   .text
00001220   __STACK_END
00001220   ___text__
00001220   _memcpy
00001460   __auto_init
00001560   _exit
00001640   _copy_in
00001700   ___TI_cpp_init
00001780   _c_int00
00001800   __args_main
00001840   _main
00001880   _SubEntierNonSigne32bits
000018a0   C$$EXIT
000018a0   _abort
000018c0   ___cinit__
000018c0   ___etext__
000018c0   cinit
000018c0   etext
000018f4   __cleanup_ptr
000018f8   __dtors_ptr
000018fc   ___TI_enable_exit_profile_output
ffffffff   ___TI_pprof_out_hndl
ffffffff   ___TI_prof_data_size
ffffffff   ___TI_prof_data_start
ffffffff   ___binit__
ffffffff   ___c_args__
ffffffff   ___pinit__
ffffffff   binit
ffffffff   pinit
UNDEFED    _DSPF_sp_cfftr2_dit

[38 symbols]
