<?xml version="1.0"?>
<link_info>
   <banner>TMS320C6x Linker PC v7.4.20</banner>
   <copyright>Copyright (c) 1996-2015 Texas Instruments Incorporated</copyright>
   <link_time>0x58f67169</link_time>
   <output_file>Projet_S5_P1v1.out</output_file>
   <entry_point>
      <name>_c_int00</name>
      <address>0x14c20</address>
   </entry_point>
   <input_file_list>
      <input_file id="fl-2">
         <path>.\source\asm\</path>
         <kind>object</kind>
         <file>Corr.obj</file>
         <name>Corr.obj</name>
      </input_file>
      <input_file id="fl-3">
         <path>.\source\asm\</path>
         <kind>object</kind>
         <file>CorrX.obj</file>
         <name>CorrX.obj</name>
      </input_file>
      <input_file id="fl-4">
         <path>.\source\asm\</path>
         <kind>object</kind>
         <file>Vectors_intr.obj</file>
         <name>Vectors_intr.obj</name>
      </input_file>
      <input_file id="fl-5">
         <path>.\source\asm\</path>
         <kind>object</kind>
         <file>enableInterrupts.obj</file>
         <name>enableInterrupts.obj</name>
      </input_file>
      <input_file id="fl-6">
         <path>.\source\c\</path>
         <kind>object</kind>
         <file>C6713Helper_UdeS.obj</file>
         <name>C6713Helper_UdeS.obj</name>
      </input_file>
      <input_file id="fl-7">
         <path>.\source\c\</path>
         <kind>object</kind>
         <file>Config.obj</file>
         <name>Config.obj</name>
      </input_file>
      <input_file id="fl-8">
         <path>.\source\c\</path>
         <kind>object</kind>
         <file>CorrX.obj</file>
         <name>CorrX.obj</name>
      </input_file>
      <input_file id="fl-9">
         <path>.\source\c\</path>
         <kind>object</kind>
         <file>SPI_driver.obj</file>
         <name>SPI_driver.obj</name>
      </input_file>
      <input_file id="fl-a">
         <path>.\source\c\</path>
         <kind>object</kind>
         <file>TraitementSignal.obj</file>
         <name>TraitementSignal.obj</name>
      </input_file>
      <input_file id="fl-b">
         <path>.\source\c\</path>
         <kind>object</kind>
         <file>bitrev_index.obj</file>
         <name>bitrev_index.obj</name>
      </input_file>
      <input_file id="fl-c">
         <path>.\source\c\</path>
         <kind>object</kind>
         <file>main.obj</file>
         <name>main.obj</name>
      </input_file>
      <input_file id="fl-8b">
         <path>C:\ti\ccsv7\tools\compiler\c6000_7.4.20\lib\</path>
         <kind>archive</kind>
         <file>rts6700.lib</file>
         <name>boot.obj</name>
      </input_file>
      <input_file id="fl-8c">
         <path>C:\ti\ccsv7\tools\compiler\c6000_7.4.20\lib\</path>
         <kind>archive</kind>
         <file>rts6700.lib</file>
         <name>divi.obj</name>
      </input_file>
      <input_file id="fl-8d">
         <path>C:\ti\ccsv7\tools\compiler\c6000_7.4.20\lib\</path>
         <kind>archive</kind>
         <file>rts6700.lib</file>
         <name>exit.obj</name>
      </input_file>
      <input_file id="fl-8e">
         <path>C:\ti\ccsv7\tools\compiler\c6000_7.4.20\lib\</path>
         <kind>archive</kind>
         <file>rts6700.lib</file>
         <name>strasg.obj</name>
      </input_file>
      <input_file id="fl-8f">
         <path>C:\ti\ccsv7\tools\compiler\c6000_7.4.20\lib\</path>
         <kind>archive</kind>
         <file>rts6700.lib</file>
         <name>args_main.obj</name>
      </input_file>
      <input_file id="fl-90">
         <path>C:\ti\ccsv7\tools\compiler\c6000_7.4.20\lib\</path>
         <kind>archive</kind>
         <file>rts6700.lib</file>
         <name>autoinit.obj</name>
      </input_file>
      <input_file id="fl-91">
         <path>C:\ti\ccsv7\tools\compiler\c6000_7.4.20\lib\</path>
         <kind>archive</kind>
         <file>rts6700.lib</file>
         <name>cpp_init.obj</name>
      </input_file>
      <input_file id="fl-92">
         <path>C:\ti\ccsv7\tools\compiler\c6000_7.4.20\lib\</path>
         <kind>archive</kind>
         <file>rts6700.lib</file>
         <name>cpy_tbl.obj</name>
      </input_file>
      <input_file id="fl-93">
         <path>C:\ti\ccsv7\tools\compiler\c6000_7.4.20\lib\</path>
         <kind>archive</kind>
         <file>rts6700.lib</file>
         <name>memcpy62.obj</name>
      </input_file>
      <input_file id="fl-94">
         <path>C:\ti\ccsv7\ccs_base\C6xCSL\lib_3x\</path>
         <kind>archive</kind>
         <file>csl6713.lib</file>
         <name>csl.obj</name>
      </input_file>
      <input_file id="fl-95">
         <path>C:\ti\ccsv7\ccs_base\C6xCSL\lib_3x\</path>
         <kind>archive</kind>
         <file>csl6713.lib</file>
         <name>csl_gpio.obj</name>
      </input_file>
      <input_file id="fl-96">
         <path>C:\ti\ccsv7\ccs_base\C6xCSL\lib_3x\</path>
         <kind>archive</kind>
         <file>csl6713.lib</file>
         <name>csl_irq.obj</name>
      </input_file>
      <input_file id="fl-97">
         <path>C:\ti\ccsv7\ccs_base\C6xCSL\lib_3x\</path>
         <kind>archive</kind>
         <file>csl6713.lib</file>
         <name>csl_mcbsp.obj</name>
      </input_file>
      <input_file id="fl-98">
         <path>C:\ti\ccsv7\ccs_base\C6xCSL\lib_3x\</path>
         <kind>archive</kind>
         <file>csl6713.lib</file>
         <name>csl_timer.obj</name>
      </input_file>
      <input_file id="fl-99">
         <path>C:\ti\ccsv7\ccs_base\C6700\dsplib\lib\</path>
         <kind>archive</kind>
         <file>dsp67x.lib</file>
         <name>DSPF_sp_bitrev_cplx.obj</name>
      </input_file>
      <input_file id="fl-9a">
         <path>C:\ti\ccsv7\ccs_base\C6700\dsplib\lib\</path>
         <kind>archive</kind>
         <file>dsp67x.lib</file>
         <name>DSPF_sp_cfftr2_dit.obj</name>
      </input_file>
      <input_file id="fl-9b">
         <path>C:\ti\dsk6713\lib\</path>
         <kind>archive</kind>
         <file>dsk6713bsl.lib</file>
         <name>dsk6713.obj</name>
      </input_file>
      <input_file id="fl-9c">
         <path>C:\ti\dsk6713\lib\</path>
         <kind>archive</kind>
         <file>dsk6713bsl.lib</file>
         <name>dsk6713_aic23_closecodec.obj</name>
      </input_file>
      <input_file id="fl-9d">
         <path>C:\ti\dsk6713\lib\</path>
         <kind>archive</kind>
         <file>dsk6713bsl.lib</file>
         <name>dsk6713_aic23_opencodec.obj</name>
      </input_file>
      <input_file id="fl-9e">
         <path>C:\ti\dsk6713\lib\</path>
         <kind>archive</kind>
         <file>dsk6713bsl.lib</file>
         <name>dsk6713_aic23_outgain.obj</name>
      </input_file>
      <input_file id="fl-9f">
         <path>C:\ti\dsk6713\lib\</path>
         <kind>archive</kind>
         <file>dsk6713bsl.lib</file>
         <name>dsk6713_aic23_registers.obj</name>
      </input_file>
      <input_file id="fl-a0">
         <path>C:\ti\dsk6713\lib\</path>
         <kind>archive</kind>
         <file>dsk6713bsl.lib</file>
         <name>dsk6713_aic23_setfreq.obj</name>
      </input_file>
      <input_file id="fl-a1">
         <path>C:\ti\dsk6713\lib\</path>
         <kind>archive</kind>
         <file>dsk6713bsl.lib</file>
         <name>dsk6713_dip.obj</name>
      </input_file>
      <input_file id="fl-a2">
         <path>C:\ti\dsk6713\lib\</path>
         <kind>archive</kind>
         <file>dsk6713bsl.lib</file>
         <name>dsk6713_led.obj</name>
      </input_file>
   </input_file_list>
   <object_component_list>
      <object_component id="oc-18">
         <name>.vectors</name>
         <load_address>0x0</load_address>
         <run_address>0x0</run_address>
         <size>0x200</size>
         <input_file_ref idref="fl-4"/>
      </object_component>
      <object_component id="oc-cb">
         <name>.text</name>
         <load_address>0xeca0</load_address>
         <run_address>0xeca0</run_address>
         <size>0x1740</size>
         <input_file_ref idref="fl-a"/>
      </object_component>
      <object_component id="oc-b3">
         <name>.text</name>
         <load_address>0x103e0</load_address>
         <run_address>0x103e0</run_address>
         <size>0x7e0</size>
         <input_file_ref idref="fl-6"/>
      </object_component>
      <object_component id="oc-cc">
         <name>.text</name>
         <load_address>0x10bc0</load_address>
         <run_address>0x10bc0</run_address>
         <size>0x7e0</size>
         <input_file_ref idref="fl-9"/>
      </object_component>
      <object_component id="oc-bb">
         <name>.text</name>
         <load_address>0x113a0</load_address>
         <run_address>0x113a0</run_address>
         <size>0x5e0</size>
         <input_file_ref idref="fl-c"/>
      </object_component>
      <object_component id="oc-83">
         <name>.text</name>
         <load_address>0x11980</load_address>
         <run_address>0x11980</run_address>
         <size>0x4e0</size>
         <input_file_ref idref="fl-9a"/>
      </object_component>
      <object_component id="oc-87">
         <name>.text</name>
         <load_address>0x11e60</load_address>
         <run_address>0x11e60</run_address>
         <size>0x480</size>
         <input_file_ref idref="fl-9b"/>
      </object_component>
      <object_component id="oc-91">
         <name>.text</name>
         <load_address>0x122e0</load_address>
         <run_address>0x122e0</run_address>
         <size>0x320</size>
         <input_file_ref idref="fl-9d"/>
      </object_component>
      <object_component id="oc-7f">
         <name>.text</name>
         <load_address>0x12600</load_address>
         <run_address>0x12600</run_address>
         <size>0x260</size>
         <input_file_ref idref="fl-99"/>
      </object_component>
      <object_component id="oc-b9">
         <name>.text:_memcpy</name>
         <load_address>0x12860</load_address>
         <run_address>0x12860</run_address>
         <size>0x240</size>
         <input_file_ref idref="fl-93"/>
      </object_component>
      <object_component id="oc-d4">
         <name>.text</name>
         <load_address>0x12aa0</load_address>
         <run_address>0x12aa0</run_address>
         <size>0x240</size>
         <input_file_ref idref="fl-b"/>
      </object_component>
      <object_component id="oc-d9">
         <name>.text:__CSL_init</name>
         <load_address>0x12ce0</load_address>
         <run_address>0x12ce0</run_address>
         <size>0x220</size>
         <input_file_ref idref="fl-94"/>
      </object_component>
      <object_component id="oc-43">
         <name>.text:retain</name>
         <load_address>0x12f00</load_address>
         <run_address>0x12f00</run_address>
         <size>0x1e0</size>
         <input_file_ref idref="fl-c"/>
      </object_component>
      <object_component id="oc-c4">
         <name>.text:_IRQ_map</name>
         <load_address>0x130e0</load_address>
         <run_address>0x130e0</run_address>
         <size>0x1c0</size>
         <input_file_ref idref="fl-96"/>
      </object_component>
      <object_component id="oc-e3">
         <name>.text:_mux2Tables</name>
         <load_address>0x132a0</load_address>
         <run_address>0x132a0</run_address>
         <size>0x1c0</size>
         <input_file_ref idref="fl-96"/>
      </object_component>
      <object_component id="oc-c9">
         <name>.text:_MCBSP_reset</name>
         <load_address>0x13460</load_address>
         <run_address>0x13460</run_address>
         <size>0x1a0</size>
         <input_file_ref idref="fl-97"/>
      </object_component>
      <object_component id="oc-ab">
         <name>.text</name>
         <load_address>0x13600</load_address>
         <run_address>0x13600</run_address>
         <size>0x1a0</size>
         <input_file_ref idref="fl-a2"/>
      </object_component>
      <object_component id="oc-9b">
         <name>.text</name>
         <load_address>0x137a0</load_address>
         <run_address>0x137a0</run_address>
         <size>0x160</size>
         <input_file_ref idref="fl-9f"/>
      </object_component>
      <object_component id="oc-e2">
         <name>.text:_TIMER_open</name>
         <load_address>0x13900</load_address>
         <run_address>0x13900</run_address>
         <size>0x140</size>
         <input_file_ref idref="fl-98"/>
      </object_component>
      <object_component id="oc-d5">
         <name>.text:__strasgi</name>
         <load_address>0x13a40</load_address>
         <run_address>0x13a40</run_address>
         <size>0x140</size>
         <input_file_ref idref="fl-8e"/>
      </object_component>
      <object_component id="oc-e4">
         <name>.text:_TIMER_reset</name>
         <load_address>0x13b80</load_address>
         <run_address>0x13b80</run_address>
         <size>0x120</size>
         <input_file_ref idref="fl-98"/>
      </object_component>
      <object_component id="oc-e0">
         <name>.text:__divi</name>
         <load_address>0x13ca0</load_address>
         <run_address>0x13ca0</run_address>
         <size>0x120</size>
         <input_file_ref idref="fl-8c"/>
      </object_component>
      <object_component id="oc-ca">
         <name>.text</name>
         <load_address>0x13dc0</load_address>
         <run_address>0x13dc0</run_address>
         <size>0x100</size>
         <input_file_ref idref="fl-7"/>
      </object_component>
      <object_component id="oc-b6">
         <name>.text:_MCBSP_open</name>
         <load_address>0x13ec0</load_address>
         <run_address>0x13ec0</run_address>
         <size>0x100</size>
         <input_file_ref idref="fl-97"/>
      </object_component>
      <object_component id="oc-b7">
         <name>.text:_MCBSP_start</name>
         <load_address>0x13fc0</load_address>
         <run_address>0x13fc0</run_address>
         <size>0x100</size>
         <input_file_ref idref="fl-97"/>
      </object_component>
      <object_component id="oc-b0">
         <name>.text:__auto_init</name>
         <load_address>0x140c0</load_address>
         <run_address>0x140c0</run_address>
         <size>0x100</size>
         <input_file_ref idref="fl-90"/>
      </object_component>
      <object_component id="oc-b4">
         <name>.text:__strasg</name>
         <load_address>0x141c0</load_address>
         <run_address>0x141c0</run_address>
         <size>0xe0</size>
         <input_file_ref idref="fl-8e"/>
      </object_component>
      <object_component id="oc-b2">
         <name>.text:_exit</name>
         <load_address>0x142a0</load_address>
         <run_address>0x142a0</run_address>
         <size>0xe0</size>
         <input_file_ref idref="fl-8d"/>
      </object_component>
      <object_component id="oc-97">
         <name>.text</name>
         <load_address>0x14380</load_address>
         <run_address>0x14380</run_address>
         <size>0xe0</size>
         <input_file_ref idref="fl-9e"/>
      </object_component>
      <object_component id="oc-db">
         <name>.text:_GPIO_open</name>
         <load_address>0x14460</load_address>
         <run_address>0x14460</run_address>
         <size>0xc0</size>
         <input_file_ref idref="fl-95"/>
      </object_component>
      <object_component id="oc-dc">
         <name>.text:_GPIO_reset</name>
         <load_address>0x14520</load_address>
         <run_address>0x14520</run_address>
         <size>0xc0</size>
         <input_file_ref idref="fl-95"/>
      </object_component>
      <object_component id="oc-b8">
         <name>.text:_copy_in</name>
         <load_address>0x145e0</load_address>
         <run_address>0x145e0</run_address>
         <size>0xc0</size>
         <input_file_ref idref="fl-92"/>
      </object_component>
      <object_component id="oc-a1">
         <name>.text</name>
         <load_address>0x146a0</load_address>
         <run_address>0x146a0</run_address>
         <size>0xc0</size>
         <input_file_ref idref="fl-a0"/>
      </object_component>
      <object_component id="oc-13">
         <name>.text</name>
         <load_address>0x14760</load_address>
         <run_address>0x14760</run_address>
         <size>0xa0</size>
         <input_file_ref idref="fl-3"/>
      </object_component>
      <object_component id="oc-dd">
         <name>.text:_GPIO_intPolarity</name>
         <load_address>0x14800</load_address>
         <run_address>0x14800</run_address>
         <size>0xa0</size>
         <input_file_ref idref="fl-95"/>
      </object_component>
      <object_component id="oc-b5">
         <name>.text:_MCBSP_close</name>
         <load_address>0x148a0</load_address>
         <run_address>0x148a0</run_address>
         <size>0xa0</size>
         <input_file_ref idref="fl-97"/>
      </object_component>
      <object_component id="oc-bd">
         <name>.text:_MCBSP_config</name>
         <load_address>0x14940</load_address>
         <run_address>0x14940</run_address>
         <size>0xa0</size>
         <input_file_ref idref="fl-97"/>
      </object_component>
      <object_component id="oc-e1">
         <name>.text:__IRQ_init</name>
         <load_address>0x149e0</load_address>
         <run_address>0x149e0</run_address>
         <size>0xa0</size>
         <input_file_ref idref="fl-96"/>
      </object_component>
      <object_component id="oc-d1">
         <name>.text:_setMux</name>
         <load_address>0x14a80</load_address>
         <run_address>0x14a80</run_address>
         <size>0xa0</size>
         <input_file_ref idref="fl-96"/>
      </object_component>
      <object_component id="oc-f">
         <name>.text</name>
         <load_address>0x14b20</load_address>
         <run_address>0x14b20</run_address>
         <size>0x80</size>
         <input_file_ref idref="fl-2"/>
      </object_component>
      <object_component id="oc-ba">
         <name>.text:___TI_cpp_init</name>
         <load_address>0x14ba0</load_address>
         <run_address>0x14ba0</run_address>
         <size>0x80</size>
         <input_file_ref idref="fl-91"/>
      </object_component>
      <object_component id="oc-e">
         <name>.text:_c_int00</name>
         <load_address>0x14c20</load_address>
         <run_address>0x14c20</run_address>
         <size>0x80</size>
         <input_file_ref idref="fl-8b"/>
      </object_component>
      <object_component id="oc-8d">
         <name>.text</name>
         <load_address>0x14ca0</load_address>
         <run_address>0x14ca0</run_address>
         <size>0x80</size>
         <input_file_ref idref="fl-9c"/>
      </object_component>
      <object_component id="oc-a7">
         <name>.text</name>
         <load_address>0x14d20</load_address>
         <run_address>0x14d20</run_address>
         <size>0x80</size>
         <input_file_ref idref="fl-a1"/>
      </object_component>
      <object_component id="oc-1c">
         <name>.text</name>
         <load_address>0x14da0</load_address>
         <run_address>0x14da0</run_address>
         <size>0x80</size>
         <input_file_ref idref="fl-5"/>
      </object_component>
      <object_component id="oc-ce">
         <name>.text:_GPIO_pinDirection</name>
         <load_address>0x14e20</load_address>
         <run_address>0x14e20</run_address>
         <size>0x60</size>
         <input_file_ref idref="fl-95"/>
      </object_component>
      <object_component id="oc-cd">
         <name>.text:_GPIO_pinEnable</name>
         <load_address>0x14e80</load_address>
         <run_address>0x14e80</run_address>
         <size>0x40</size>
         <input_file_ref idref="fl-95"/>
      </object_component>
      <object_component id="oc-d0">
         <name>.text:_GPIO_pinRead</name>
         <load_address>0x14ec0</load_address>
         <run_address>0x14ec0</run_address>
         <size>0x40</size>
         <input_file_ref idref="fl-95"/>
      </object_component>
      <object_component id="oc-cf">
         <name>.text:_GPIO_pinWrite</name>
         <load_address>0x14f00</load_address>
         <run_address>0x14f00</run_address>
         <size>0x40</size>
         <input_file_ref idref="fl-95"/>
      </object_component>
      <object_component id="oc-c8">
         <name>.text:_IRQ_enable</name>
         <load_address>0x14f40</load_address>
         <run_address>0x14f40</run_address>
         <size>0x40</size>
         <input_file_ref idref="fl-96"/>
      </object_component>
      <object_component id="oc-c5">
         <name>.text:_IRQ_reset</name>
         <load_address>0x14f80</load_address>
         <run_address>0x14f80</run_address>
         <size>0x40</size>
         <input_file_ref idref="fl-96"/>
      </object_component>
      <object_component id="oc-b1">
         <name>.text:__args_main</name>
         <load_address>0x14fc0</load_address>
         <run_address>0x14fc0</run_address>
         <size>0x40</size>
         <input_file_ref idref="fl-8f"/>
      </object_component>
      <object_component id="oc-32">
         <name>.text:retain</name>
         <load_address>0x15000</load_address>
         <run_address>0x15000</run_address>
         <size>0x40</size>
         <input_file_ref idref="fl-9"/>
      </object_component>
      <object_component id="oc-17">
         <name>.text</name>
         <load_address>0x15040</load_address>
         <run_address>0x15040</run_address>
         <size>0x20</size>
         <input_file_ref idref="fl-4"/>
      </object_component>
      <object_component id="oc-d8">
         <name>.text:_CSL6713_LIB_</name>
         <load_address>0x15060</load_address>
         <run_address>0x15060</run_address>
         <size>0x20</size>
         <input_file_ref idref="fl-94"/>
      </object_component>
      <object_component id="oc-da">
         <name>.text:_IRQ_clear</name>
         <load_address>0x15080</load_address>
         <run_address>0x15080</run_address>
         <size>0x20</size>
         <input_file_ref idref="fl-96"/>
      </object_component>
      <object_component id="oc-c2">
         <name>.text:_IRQ_globalDisable</name>
         <load_address>0x150a0</load_address>
         <run_address>0x150a0</run_address>
         <size>0x20</size>
         <input_file_ref idref="fl-96"/>
      </object_component>
      <object_component id="oc-c6">
         <name>.text:_IRQ_globalEnable</name>
         <load_address>0x150c0</load_address>
         <run_address>0x150c0</run_address>
         <size>0x20</size>
         <input_file_ref idref="fl-96"/>
      </object_component>
      <object_component id="oc-c7">
         <name>.text:_IRQ_nmiEnable</name>
         <load_address>0x150e0</load_address>
         <run_address>0x150e0</run_address>
         <size>0x20</size>
         <input_file_ref idref="fl-96"/>
      </object_component>
      <object_component id="oc-df">
         <name>.text:_IRQ_set</name>
         <load_address>0x15100</load_address>
         <run_address>0x15100</run_address>
         <size>0x20</size>
         <input_file_ref idref="fl-96"/>
      </object_component>
      <object_component id="oc-de">
         <name>.text:_IRQ_setVecs</name>
         <load_address>0x15120</load_address>
         <run_address>0x15120</run_address>
         <size>0x20</size>
         <input_file_ref idref="fl-96"/>
      </object_component>
      <object_component id="oc-c3">
         <name>.text:_MCBSP_getXmtEventId</name>
         <load_address>0x15140</load_address>
         <run_address>0x15140</run_address>
         <size>0x20</size>
         <input_file_ref idref="fl-97"/>
      </object_component>
      <object_component id="oc-c1">
         <name>.text:_MCBSP_read</name>
         <load_address>0x15160</load_address>
         <run_address>0x15160</run_address>
         <size>0x20</size>
         <input_file_ref idref="fl-97"/>
      </object_component>
      <object_component id="oc-c0">
         <name>.text:_MCBSP_rrdy</name>
         <load_address>0x15180</load_address>
         <run_address>0x15180</run_address>
         <size>0x20</size>
         <input_file_ref idref="fl-97"/>
      </object_component>
      <object_component id="oc-bf">
         <name>.text:_MCBSP_write</name>
         <load_address>0x151a0</load_address>
         <run_address>0x151a0</run_address>
         <size>0x20</size>
         <input_file_ref idref="fl-97"/>
      </object_component>
      <object_component id="oc-be">
         <name>.text:_MCBSP_xrdy</name>
         <load_address>0x151c0</load_address>
         <run_address>0x151c0</run_address>
         <size>0x20</size>
         <input_file_ref idref="fl-97"/>
      </object_component>
      <object_component id="oc-bc">
         <name>.text:_abort</name>
         <load_address>0x151e0</load_address>
         <run_address>0x151e0</run_address>
         <size>0x20</size>
         <input_file_ref idref="fl-8d"/>
      </object_component>
      <object_component id="oc-6f">
         <name>.text</name>
         <load_address>0x15200</load_address>
         <run_address>0x15200</run_address>
         <size>0x20</size>
         <input_file_ref idref="fl-96"/>
      </object_component>
      <object_component id="oc-37">
         <name>.cinit</name>
         <load_address>0x15220</load_address>
         <run_address>0x15220</run_address>
         <size>0x282c</size>
         <input_file_ref idref="fl-a"/>
      </object_component>
      <object_component id="oc-70">
         <name>.cinit</name>
         <load_address>0x17a50</load_address>
         <run_address>0x17a50</run_address>
         <size>0x12c</size>
         <input_file_ref idref="fl-96"/>
      </object_component>
      <object_component id="oc-41">
         <name>.cinit</name>
         <load_address>0x17b80</load_address>
         <run_address>0x17b80</run_address>
         <size>0x9c</size>
         <input_file_ref idref="fl-c"/>
      </object_component>
      <object_component id="oc-21">
         <name>.cinit</name>
         <load_address>0x17c20</load_address>
         <run_address>0x17c20</run_address>
         <size>0x58</size>
         <input_file_ref idref="fl-6"/>
      </object_component>
      <object_component id="oc-75">
         <name>.cinit</name>
         <load_address>0x17c78</load_address>
         <run_address>0x17c78</run_address>
         <size>0x54</size>
         <input_file_ref idref="fl-97"/>
      </object_component>
      <object_component id="oc-7a">
         <name>.cinit</name>
         <load_address>0x17cd0</load_address>
         <run_address>0x17cd0</run_address>
         <size>0x4c</size>
         <input_file_ref idref="fl-98"/>
      </object_component>
      <object_component id="oc-30">
         <name>.cinit</name>
         <load_address>0x17d20</load_address>
         <run_address>0x17d20</run_address>
         <size>0x44</size>
         <input_file_ref idref="fl-9"/>
      </object_component>
      <object_component id="oc-6a">
         <name>.cinit</name>
         <load_address>0x17d68</load_address>
         <run_address>0x17d68</run_address>
         <size>0x44</size>
         <input_file_ref idref="fl-95"/>
      </object_component>
      <object_component id="oc-65">
         <name>.cinit</name>
         <load_address>0x17db0</load_address>
         <run_address>0x17db0</run_address>
         <size>0x3c</size>
         <input_file_ref idref="fl-94"/>
      </object_component>
      <object_component id="oc-9c">
         <name>.cinit</name>
         <load_address>0x17df0</load_address>
         <run_address>0x17df0</run_address>
         <size>0x30</size>
         <input_file_ref idref="fl-9f"/>
      </object_component>
      <object_component id="oc-4f">
         <name>.cinit</name>
         <load_address>0x17e20</load_address>
         <run_address>0x17e20</run_address>
         <size>0x2c</size>
         <input_file_ref idref="fl-8d"/>
      </object_component>
      <object_component id="oc-a2">
         <name>.cinit</name>
         <load_address>0x17e50</load_address>
         <run_address>0x17e50</run_address>
         <size>0x28</size>
         <input_file_ref idref="fl-a0"/>
      </object_component>
      <object_component id="oc-48">
         <name>.stack</name>
         <uninitialized>true</uninitialized>
         <run_address>0x17e80</run_address>
         <size>0x8</size>
         <input_file_ref idref="fl-8b"/>
      </object_component>
      <object_component id="oc-fa">
         <name>.stack</name>
         <uninitialized>true</uninitialized>
         <run_address>0x17e80</run_address>
         <size>0x0</size>
      </object_component>
      <object_component id="oc-d6">
         <name>.const:_$P$T0$4</name>
         <load_address>0x18f38</load_address>
         <run_address>0x18f38</run_address>
         <size>0x44</size>
         <input_file_ref idref="fl-a"/>
      </object_component>
      <object_component id="oc-93">
         <name>.const</name>
         <load_address>0x18f7c</load_address>
         <run_address>0x18f7c</run_address>
         <size>0x40</size>
         <input_file_ref idref="fl-9d"/>
      </object_component>
      <object_component id="oc-89">
         <name>.const</name>
         <load_address>0x18fbc</load_address>
         <run_address>0x18fbc</run_address>
         <size>0x20</size>
         <input_file_ref idref="fl-9b"/>
      </object_component>
      <object_component id="oc-d2">
         <name>.switch:_faireCorr</name>
         <load_address>0x18e80</load_address>
         <run_address>0x18e80</run_address>
         <size>0x5c</size>
         <input_file_ref idref="fl-a"/>
      </object_component>
      <object_component id="oc-d3">
         <name>.switch:_faireAction</name>
         <load_address>0x18edc</load_address>
         <run_address>0x18edc</run_address>
         <size>0x40</size>
         <input_file_ref idref="fl-a"/>
      </object_component>
      <object_component id="oc-d7">
         <name>.switch:_Traitement</name>
         <load_address>0x18f1c</load_address>
         <run_address>0x18f1c</run_address>
         <size>0x1c</size>
         <input_file_ref idref="fl-a"/>
      </object_component>
      <object_component id="oc-22">
         <name>.far</name>
         <uninitialized>true</uninitialized>
         <run_address>0xeabc</run_address>
         <size>0x58</size>
         <input_file_ref idref="fl-6"/>
      </object_component>
      <object_component id="oc-27">
         <name>.far</name>
         <uninitialized>true</uninitialized>
         <run_address>0xec88</run_address>
         <size>0x4</size>
         <input_file_ref idref="fl-7"/>
      </object_component>
      <object_component id="oc-31">
         <name>.far</name>
         <uninitialized>true</uninitialized>
         <run_address>0xeb14</run_address>
         <size>0x48</size>
         <input_file_ref idref="fl-9"/>
      </object_component>
      <object_component id="oc-38">
         <name>.far</name>
         <uninitialized>true</uninitialized>
         <run_address>0x220</run_address>
         <size>0xe7a8</size>
         <input_file_ref idref="fl-a"/>
      </object_component>
      <object_component id="oc-42">
         <name>.far</name>
         <uninitialized>true</uninitialized>
         <run_address>0xebe4</run_address>
         <size>0x28</size>
         <input_file_ref idref="fl-c"/>
      </object_component>
      <object_component id="oc-50">
         <name>.far</name>
         <uninitialized>true</uninitialized>
         <run_address>0xec74</run_address>
         <size>0xc</size>
         <input_file_ref idref="fl-8d"/>
      </object_component>
      <object_component id="oc-66">
         <name>.far</name>
         <uninitialized>true</uninitialized>
         <run_address>0xeb94</run_address>
         <size>0x28</size>
         <input_file_ref idref="fl-94"/>
      </object_component>
      <object_component id="oc-6b">
         <name>.far</name>
         <uninitialized>true</uninitialized>
         <run_address>0xec0c</run_address>
         <size>0x24</size>
         <input_file_ref idref="fl-95"/>
      </object_component>
      <object_component id="oc-71">
         <name>.far</name>
         <uninitialized>true</uninitialized>
         <run_address>0xe9c8</run_address>
         <size>0xf4</size>
         <input_file_ref idref="fl-96"/>
      </object_component>
      <object_component id="oc-76">
         <name>.far</name>
         <uninitialized>true</uninitialized>
         <run_address>0xeb5c</run_address>
         <size>0x38</size>
         <input_file_ref idref="fl-97"/>
      </object_component>
      <object_component id="oc-7b">
         <name>.far</name>
         <uninitialized>true</uninitialized>
         <run_address>0xec30</run_address>
         <size>0x24</size>
         <input_file_ref idref="fl-98"/>
      </object_component>
      <object_component id="oc-88">
         <name>.far</name>
         <uninitialized>true</uninitialized>
         <run_address>0xec8c</run_address>
         <size>0x2</size>
         <input_file_ref idref="fl-9b"/>
      </object_component>
      <object_component id="oc-92">
         <name>.far</name>
         <uninitialized>true</uninitialized>
         <run_address>0xec80</run_address>
         <size>0x8</size>
         <input_file_ref idref="fl-9d"/>
      </object_component>
      <object_component id="oc-9d">
         <name>.far</name>
         <uninitialized>true</uninitialized>
         <run_address>0xebbc</run_address>
         <size>0x28</size>
         <input_file_ref idref="fl-9f"/>
      </object_component>
      <object_component id="oc-a3">
         <name>.far</name>
         <uninitialized>true</uninitialized>
         <run_address>0xec54</run_address>
         <size>0x20</size>
         <input_file_ref idref="fl-a0"/>
      </object_component>
      <object_component id="oc-ac">
         <name>.far</name>
         <uninitialized>true</uninitialized>
         <run_address>0xec8e</run_address>
         <size>0x2</size>
         <input_file_ref idref="fl-a2"/>
      </object_component>
      <object_component id="oc-10">
         <name>.debug_info</name>
         <load_address>0x0</load_address>
         <run_address>0x0</run_address>
         <size>0x107</size>
         <input_file_ref idref="fl-2"/>
      </object_component>
      <object_component id="oc-14">
         <name>.debug_info</name>
         <load_address>0x107</load_address>
         <run_address>0x107</run_address>
         <size>0x109</size>
         <input_file_ref idref="fl-3"/>
      </object_component>
      <object_component id="oc-19">
         <name>.debug_info</name>
         <load_address>0x210</load_address>
         <run_address>0x210</run_address>
         <size>0x148</size>
         <input_file_ref idref="fl-4"/>
      </object_component>
      <object_component id="oc-1d">
         <name>.debug_info</name>
         <load_address>0x358</load_address>
         <run_address>0x358</run_address>
         <size>0x11a</size>
         <input_file_ref idref="fl-5"/>
      </object_component>
      <object_component id="oc-20">
         <name>.debug_info</name>
         <load_address>0x472</load_address>
         <run_address>0x472</run_address>
         <size>0x16fb</size>
         <input_file_ref idref="fl-6"/>
      </object_component>
      <object_component id="oc-26">
         <name>.debug_info</name>
         <load_address>0x1b6d</load_address>
         <run_address>0x1b6d</run_address>
         <size>0x8df</size>
         <input_file_ref idref="fl-7"/>
      </object_component>
      <object_component id="oc-2b">
         <name>.debug_info</name>
         <load_address>0x244c</load_address>
         <run_address>0x244c</run_address>
         <size>0x610</size>
         <input_file_ref idref="fl-8"/>
      </object_component>
      <object_component id="oc-2f">
         <name>.debug_info</name>
         <load_address>0x2a5c</load_address>
         <run_address>0x2a5c</run_address>
         <size>0x19a9</size>
         <input_file_ref idref="fl-9"/>
      </object_component>
      <object_component id="oc-36">
         <name>.debug_info</name>
         <load_address>0x4405</load_address>
         <run_address>0x4405</run_address>
         <size>0x20ca</size>
         <input_file_ref idref="fl-a"/>
      </object_component>
      <object_component id="oc-3c">
         <name>.debug_info</name>
         <load_address>0x64cf</load_address>
         <run_address>0x64cf</run_address>
         <size>0x8f2</size>
         <input_file_ref idref="fl-b"/>
      </object_component>
      <object_component id="oc-40">
         <name>.debug_info</name>
         <load_address>0x6dc1</load_address>
         <run_address>0x6dc1</run_address>
         <size>0x1099</size>
         <input_file_ref idref="fl-c"/>
      </object_component>
      <object_component id="oc-47">
         <name>.debug_info</name>
         <load_address>0x7e5a</load_address>
         <run_address>0x7e5a</run_address>
         <size>0x70b</size>
         <input_file_ref idref="fl-8b"/>
      </object_component>
      <object_component id="oc-4b">
         <name>.debug_info</name>
         <load_address>0x8565</load_address>
         <run_address>0x8565</run_address>
         <size>0xd0</size>
         <input_file_ref idref="fl-8c"/>
      </object_component>
      <object_component id="oc-4e">
         <name>.debug_info</name>
         <load_address>0x8635</load_address>
         <run_address>0x8635</run_address>
         <size>0x7ff</size>
         <input_file_ref idref="fl-8d"/>
      </object_component>
      <object_component id="oc-53">
         <name>.debug_info</name>
         <load_address>0x8e34</load_address>
         <run_address>0x8e34</run_address>
         <size>0x10c</size>
         <input_file_ref idref="fl-8e"/>
      </object_component>
      <object_component id="oc-56">
         <name>.debug_info</name>
         <load_address>0x8f40</load_address>
         <run_address>0x8f40</run_address>
         <size>0x6e1</size>
         <input_file_ref idref="fl-8f"/>
      </object_component>
      <object_component id="oc-59">
         <name>.debug_info</name>
         <load_address>0x9621</load_address>
         <run_address>0x9621</run_address>
         <size>0x871</size>
         <input_file_ref idref="fl-90"/>
      </object_component>
      <object_component id="oc-5c">
         <name>.debug_info</name>
         <load_address>0x9e92</load_address>
         <run_address>0x9e92</run_address>
         <size>0x6e9</size>
         <input_file_ref idref="fl-91"/>
      </object_component>
      <object_component id="oc-5f">
         <name>.debug_info</name>
         <load_address>0xa57b</load_address>
         <run_address>0xa57b</run_address>
         <size>0x7df</size>
         <input_file_ref idref="fl-92"/>
      </object_component>
      <object_component id="oc-62">
         <name>.debug_info</name>
         <load_address>0xad5a</load_address>
         <run_address>0xad5a</run_address>
         <size>0x792</size>
         <input_file_ref idref="fl-93"/>
      </object_component>
      <object_component id="oc-68">
         <name>.debug_info</name>
         <load_address>0xb4ec</load_address>
         <run_address>0xb4ec</run_address>
         <size>0xa13</size>
         <input_file_ref idref="fl-94"/>
      </object_component>
      <object_component id="oc-6d">
         <name>.debug_info</name>
         <load_address>0xbeff</load_address>
         <run_address>0xbeff</run_address>
         <size>0xcba</size>
         <input_file_ref idref="fl-95"/>
      </object_component>
      <object_component id="oc-73">
         <name>.debug_info</name>
         <load_address>0xcbb9</load_address>
         <run_address>0xcbb9</run_address>
         <size>0x107d</size>
         <input_file_ref idref="fl-96"/>
      </object_component>
      <object_component id="oc-78">
         <name>.debug_info</name>
         <load_address>0xdc36</load_address>
         <run_address>0xdc36</run_address>
         <size>0xf6e</size>
         <input_file_ref idref="fl-97"/>
      </object_component>
      <object_component id="oc-7d">
         <name>.debug_info</name>
         <load_address>0xeba4</load_address>
         <run_address>0xeba4</run_address>
         <size>0x93b</size>
         <input_file_ref idref="fl-98"/>
      </object_component>
      <object_component id="oc-81">
         <name>.debug_info</name>
         <load_address>0xf4df</load_address>
         <run_address>0xf4df</run_address>
         <size>0xb1</size>
         <input_file_ref idref="fl-99"/>
      </object_component>
      <object_component id="oc-85">
         <name>.debug_info</name>
         <load_address>0xf590</load_address>
         <run_address>0xf590</run_address>
         <size>0xaf</size>
         <input_file_ref idref="fl-9a"/>
      </object_component>
      <object_component id="oc-8b">
         <name>.debug_info</name>
         <load_address>0xf63f</load_address>
         <run_address>0xf63f</run_address>
         <size>0xa4e</size>
         <input_file_ref idref="fl-9b"/>
      </object_component>
      <object_component id="oc-8f">
         <name>.debug_info</name>
         <load_address>0x1008d</load_address>
         <run_address>0x1008d</run_address>
         <size>0x7c9</size>
         <input_file_ref idref="fl-9c"/>
      </object_component>
      <object_component id="oc-95">
         <name>.debug_info</name>
         <load_address>0x10856</load_address>
         <run_address>0x10856</run_address>
         <size>0xa20</size>
         <input_file_ref idref="fl-9d"/>
      </object_component>
      <object_component id="oc-99">
         <name>.debug_info</name>
         <load_address>0x11276</load_address>
         <run_address>0x11276</run_address>
         <size>0x688</size>
         <input_file_ref idref="fl-9e"/>
      </object_component>
      <object_component id="oc-9f">
         <name>.debug_info</name>
         <load_address>0x118fe</load_address>
         <run_address>0x118fe</run_address>
         <size>0xaa0</size>
         <input_file_ref idref="fl-9f"/>
      </object_component>
      <object_component id="oc-a5">
         <name>.debug_info</name>
         <load_address>0x1239e</load_address>
         <run_address>0x1239e</run_address>
         <size>0x723</size>
         <input_file_ref idref="fl-a0"/>
      </object_component>
      <object_component id="oc-a9">
         <name>.debug_info</name>
         <load_address>0x12ac1</load_address>
         <run_address>0x12ac1</run_address>
         <size>0x632</size>
         <input_file_ref idref="fl-a1"/>
      </object_component>
      <object_component id="oc-ae">
         <name>.debug_info</name>
         <load_address>0x130f3</load_address>
         <run_address>0x130f3</run_address>
         <size>0x787</size>
         <input_file_ref idref="fl-a2"/>
      </object_component>
      <object_component id="oc-fb">
         <name>.debug_info</name>
         <load_address>0x1387a</load_address>
         <run_address>0x1387a</run_address>
         <size>0x6e</size>
      </object_component>
      <object_component id="oc-11">
         <name>.debug_line</name>
         <load_address>0x0</load_address>
         <run_address>0x0</run_address>
         <size>0x5f</size>
         <input_file_ref idref="fl-2"/>
      </object_component>
      <object_component id="oc-15">
         <name>.debug_line</name>
         <load_address>0x5f</load_address>
         <run_address>0x5f</run_address>
         <size>0x63</size>
         <input_file_ref idref="fl-3"/>
      </object_component>
      <object_component id="oc-1a">
         <name>.debug_line</name>
         <load_address>0xc2</load_address>
         <run_address>0xc2</run_address>
         <size>0xd8</size>
         <input_file_ref idref="fl-4"/>
      </object_component>
      <object_component id="oc-1e">
         <name>.debug_line</name>
         <load_address>0x19a</load_address>
         <run_address>0x19a</run_address>
         <size>0x68</size>
         <input_file_ref idref="fl-5"/>
      </object_component>
      <object_component id="oc-24">
         <name>.debug_line</name>
         <load_address>0x202</load_address>
         <run_address>0x202</run_address>
         <size>0x189</size>
         <input_file_ref idref="fl-6"/>
      </object_component>
      <object_component id="oc-29">
         <name>.debug_line</name>
         <load_address>0x38b</load_address>
         <run_address>0x38b</run_address>
         <size>0x97</size>
         <input_file_ref idref="fl-7"/>
      </object_component>
      <object_component id="oc-2d">
         <name>.debug_line</name>
         <load_address>0x422</load_address>
         <run_address>0x422</run_address>
         <size>0x31</size>
         <input_file_ref idref="fl-8"/>
      </object_component>
      <object_component id="oc-34">
         <name>.debug_line</name>
         <load_address>0x453</load_address>
         <run_address>0x453</run_address>
         <size>0x1aa</size>
         <input_file_ref idref="fl-9"/>
      </object_component>
      <object_component id="oc-3a">
         <name>.debug_line</name>
         <load_address>0x5fd</load_address>
         <run_address>0x5fd</run_address>
         <size>0x4c6</size>
         <input_file_ref idref="fl-a"/>
      </object_component>
      <object_component id="oc-3e">
         <name>.debug_line</name>
         <load_address>0xac3</load_address>
         <run_address>0xac3</run_address>
         <size>0x8b</size>
         <input_file_ref idref="fl-b"/>
      </object_component>
      <object_component id="oc-45">
         <name>.debug_line</name>
         <load_address>0xb4e</load_address>
         <run_address>0xb4e</run_address>
         <size>0x116</size>
         <input_file_ref idref="fl-c"/>
      </object_component>
      <object_component id="oc-49">
         <name>.debug_line</name>
         <load_address>0xc64</load_address>
         <run_address>0xc64</run_address>
         <size>0x3d</size>
         <input_file_ref idref="fl-8b"/>
      </object_component>
      <object_component id="oc-4c">
         <name>.debug_line</name>
         <load_address>0xca1</load_address>
         <run_address>0xca1</run_address>
         <size>0x45</size>
         <input_file_ref idref="fl-8c"/>
      </object_component>
      <object_component id="oc-51">
         <name>.debug_line</name>
         <load_address>0xce6</load_address>
         <run_address>0xce6</run_address>
         <size>0x4f</size>
         <input_file_ref idref="fl-8d"/>
      </object_component>
      <object_component id="oc-54">
         <name>.debug_line</name>
         <load_address>0xd35</load_address>
         <run_address>0xd35</run_address>
         <size>0x6a</size>
         <input_file_ref idref="fl-8e"/>
      </object_component>
      <object_component id="oc-57">
         <name>.debug_line</name>
         <load_address>0xd9f</load_address>
         <run_address>0xd9f</run_address>
         <size>0x41</size>
         <input_file_ref idref="fl-8f"/>
      </object_component>
      <object_component id="oc-5a">
         <name>.debug_line</name>
         <load_address>0xde0</load_address>
         <run_address>0xde0</run_address>
         <size>0x47</size>
         <input_file_ref idref="fl-90"/>
      </object_component>
      <object_component id="oc-5d">
         <name>.debug_line</name>
         <load_address>0xe27</load_address>
         <run_address>0xe27</run_address>
         <size>0x45</size>
         <input_file_ref idref="fl-91"/>
      </object_component>
      <object_component id="oc-60">
         <name>.debug_line</name>
         <load_address>0xe6c</load_address>
         <run_address>0xe6c</run_address>
         <size>0x44</size>
         <input_file_ref idref="fl-92"/>
      </object_component>
      <object_component id="oc-63">
         <name>.debug_line</name>
         <load_address>0xeb0</load_address>
         <run_address>0xeb0</run_address>
         <size>0x4e</size>
         <input_file_ref idref="fl-93"/>
      </object_component>
      <object_component id="oc-69">
         <name>.debug_line</name>
         <load_address>0xefe</load_address>
         <run_address>0xefe</run_address>
         <size>0x6a</size>
         <input_file_ref idref="fl-94"/>
      </object_component>
      <object_component id="oc-6e">
         <name>.debug_line</name>
         <load_address>0xf68</load_address>
         <run_address>0xf68</run_address>
         <size>0x109</size>
         <input_file_ref idref="fl-95"/>
      </object_component>
      <object_component id="oc-74">
         <name>.debug_line</name>
         <load_address>0x1071</load_address>
         <run_address>0x1071</run_address>
         <size>0x183</size>
         <input_file_ref idref="fl-96"/>
      </object_component>
      <object_component id="oc-79">
         <name>.debug_line</name>
         <load_address>0x11f4</load_address>
         <run_address>0x11f4</run_address>
         <size>0x15c</size>
         <input_file_ref idref="fl-97"/>
      </object_component>
      <object_component id="oc-7e">
         <name>.debug_line</name>
         <load_address>0x1350</load_address>
         <run_address>0x1350</run_address>
         <size>0xa4</size>
         <input_file_ref idref="fl-98"/>
      </object_component>
      <object_component id="oc-82">
         <name>.debug_line</name>
         <load_address>0x13f4</load_address>
         <run_address>0x13f4</run_address>
         <size>0x8f</size>
         <input_file_ref idref="fl-99"/>
      </object_component>
      <object_component id="oc-86">
         <name>.debug_line</name>
         <load_address>0x1483</load_address>
         <run_address>0x1483</run_address>
         <size>0x8a</size>
         <input_file_ref idref="fl-9a"/>
      </object_component>
      <object_component id="oc-8c">
         <name>.debug_line</name>
         <load_address>0x150d</load_address>
         <run_address>0x150d</run_address>
         <size>0xb2</size>
         <input_file_ref idref="fl-9b"/>
      </object_component>
      <object_component id="oc-90">
         <name>.debug_line</name>
         <load_address>0x15bf</load_address>
         <run_address>0x15bf</run_address>
         <size>0x4c</size>
         <input_file_ref idref="fl-9c"/>
      </object_component>
      <object_component id="oc-96">
         <name>.debug_line</name>
         <load_address>0x160b</load_address>
         <run_address>0x160b</run_address>
         <size>0x4f</size>
         <input_file_ref idref="fl-9d"/>
      </object_component>
      <object_component id="oc-9a">
         <name>.debug_line</name>
         <load_address>0x165a</load_address>
         <run_address>0x165a</run_address>
         <size>0x49</size>
         <input_file_ref idref="fl-9e"/>
      </object_component>
      <object_component id="oc-a0">
         <name>.debug_line</name>
         <load_address>0x16a3</load_address>
         <run_address>0x16a3</run_address>
         <size>0x7e</size>
         <input_file_ref idref="fl-9f"/>
      </object_component>
      <object_component id="oc-a6">
         <name>.debug_line</name>
         <load_address>0x1721</load_address>
         <run_address>0x1721</run_address>
         <size>0x50</size>
         <input_file_ref idref="fl-a0"/>
      </object_component>
      <object_component id="oc-aa">
         <name>.debug_line</name>
         <load_address>0x1771</load_address>
         <run_address>0x1771</run_address>
         <size>0x53</size>
         <input_file_ref idref="fl-a1"/>
      </object_component>
      <object_component id="oc-af">
         <name>.debug_line</name>
         <load_address>0x17c4</load_address>
         <run_address>0x17c4</run_address>
         <size>0x77</size>
         <input_file_ref idref="fl-a2"/>
      </object_component>
      <object_component id="oc-12">
         <name>.debug_abbrev</name>
         <load_address>0x0</load_address>
         <run_address>0x0</run_address>
         <size>0x21</size>
         <input_file_ref idref="fl-2"/>
      </object_component>
      <object_component id="oc-16">
         <name>.debug_abbrev</name>
         <load_address>0x21</load_address>
         <run_address>0x21</run_address>
         <size>0x21</size>
         <input_file_ref idref="fl-3"/>
      </object_component>
      <object_component id="oc-1b">
         <name>.debug_abbrev</name>
         <load_address>0x42</load_address>
         <run_address>0x42</run_address>
         <size>0x21</size>
         <input_file_ref idref="fl-4"/>
      </object_component>
      <object_component id="oc-1f">
         <name>.debug_abbrev</name>
         <load_address>0x63</load_address>
         <run_address>0x63</run_address>
         <size>0x27</size>
         <input_file_ref idref="fl-5"/>
      </object_component>
      <object_component id="oc-25">
         <name>.debug_abbrev</name>
         <load_address>0x8a</load_address>
         <run_address>0x8a</run_address>
         <size>0x18e</size>
         <input_file_ref idref="fl-6"/>
      </object_component>
      <object_component id="oc-2a">
         <name>.debug_abbrev</name>
         <load_address>0x218</load_address>
         <run_address>0x218</run_address>
         <size>0xb5</size>
         <input_file_ref idref="fl-7"/>
      </object_component>
      <object_component id="oc-2e">
         <name>.debug_abbrev</name>
         <load_address>0x2cd</load_address>
         <run_address>0x2cd</run_address>
         <size>0xab</size>
         <input_file_ref idref="fl-8"/>
      </object_component>
      <object_component id="oc-35">
         <name>.debug_abbrev</name>
         <load_address>0x378</load_address>
         <run_address>0x378</run_address>
         <size>0x211</size>
         <input_file_ref idref="fl-9"/>
      </object_component>
      <object_component id="oc-3b">
         <name>.debug_abbrev</name>
         <load_address>0x589</load_address>
         <run_address>0x589</run_address>
         <size>0x1ca</size>
         <input_file_ref idref="fl-a"/>
      </object_component>
      <object_component id="oc-3f">
         <name>.debug_abbrev</name>
         <load_address>0x753</load_address>
         <run_address>0x753</run_address>
         <size>0xb9</size>
         <input_file_ref idref="fl-b"/>
      </object_component>
      <object_component id="oc-46">
         <name>.debug_abbrev</name>
         <load_address>0x80c</load_address>
         <run_address>0x80c</run_address>
         <size>0x16d</size>
         <input_file_ref idref="fl-c"/>
      </object_component>
      <object_component id="oc-4a">
         <name>.debug_abbrev</name>
         <load_address>0x979</load_address>
         <run_address>0x979</run_address>
         <size>0xfe</size>
         <input_file_ref idref="fl-8b"/>
      </object_component>
      <object_component id="oc-4d">
         <name>.debug_abbrev</name>
         <load_address>0xa77</load_address>
         <run_address>0xa77</run_address>
         <size>0x3b</size>
         <input_file_ref idref="fl-8c"/>
      </object_component>
      <object_component id="oc-52">
         <name>.debug_abbrev</name>
         <load_address>0xab2</load_address>
         <run_address>0xab2</run_address>
         <size>0x119</size>
         <input_file_ref idref="fl-8d"/>
      </object_component>
      <object_component id="oc-55">
         <name>.debug_abbrev</name>
         <load_address>0xbcb</load_address>
         <run_address>0xbcb</run_address>
         <size>0x3b</size>
         <input_file_ref idref="fl-8e"/>
      </object_component>
      <object_component id="oc-58">
         <name>.debug_abbrev</name>
         <load_address>0xc06</load_address>
         <run_address>0xc06</run_address>
         <size>0xe1</size>
         <input_file_ref idref="fl-8f"/>
      </object_component>
      <object_component id="oc-5b">
         <name>.debug_abbrev</name>
         <load_address>0xce7</load_address>
         <run_address>0xce7</run_address>
         <size>0x13f</size>
         <input_file_ref idref="fl-90"/>
      </object_component>
      <object_component id="oc-5e">
         <name>.debug_abbrev</name>
         <load_address>0xe26</load_address>
         <run_address>0xe26</run_address>
         <size>0xdd</size>
         <input_file_ref idref="fl-91"/>
      </object_component>
      <object_component id="oc-61">
         <name>.debug_abbrev</name>
         <load_address>0xf03</load_address>
         <run_address>0xf03</run_address>
         <size>0x10c</size>
         <input_file_ref idref="fl-92"/>
      </object_component>
      <object_component id="oc-64">
         <name>.debug_abbrev</name>
         <load_address>0x100f</load_address>
         <run_address>0x100f</run_address>
         <size>0xd5</size>
         <input_file_ref idref="fl-93"/>
      </object_component>
      <object_component id="oc-67">
         <name>.debug_abbrev</name>
         <load_address>0x10e4</load_address>
         <run_address>0x10e4</run_address>
         <size>0x165</size>
         <input_file_ref idref="fl-94"/>
      </object_component>
      <object_component id="oc-6c">
         <name>.debug_abbrev</name>
         <load_address>0x1249</load_address>
         <run_address>0x1249</run_address>
         <size>0x17d</size>
         <input_file_ref idref="fl-95"/>
      </object_component>
      <object_component id="oc-72">
         <name>.debug_abbrev</name>
         <load_address>0x13c6</load_address>
         <run_address>0x13c6</run_address>
         <size>0x1b7</size>
         <input_file_ref idref="fl-96"/>
      </object_component>
      <object_component id="oc-77">
         <name>.debug_abbrev</name>
         <load_address>0x157d</load_address>
         <run_address>0x157d</run_address>
         <size>0x1a3</size>
         <input_file_ref idref="fl-97"/>
      </object_component>
      <object_component id="oc-7c">
         <name>.debug_abbrev</name>
         <load_address>0x1720</load_address>
         <run_address>0x1720</run_address>
         <size>0x1ed</size>
         <input_file_ref idref="fl-98"/>
      </object_component>
      <object_component id="oc-80">
         <name>.debug_abbrev</name>
         <load_address>0x190d</load_address>
         <run_address>0x190d</run_address>
         <size>0x1f</size>
         <input_file_ref idref="fl-99"/>
      </object_component>
      <object_component id="oc-84">
         <name>.debug_abbrev</name>
         <load_address>0x192c</load_address>
         <run_address>0x192c</run_address>
         <size>0x1f</size>
         <input_file_ref idref="fl-9a"/>
      </object_component>
      <object_component id="oc-8a">
         <name>.debug_abbrev</name>
         <load_address>0x194b</load_address>
         <run_address>0x194b</run_address>
         <size>0x19a</size>
         <input_file_ref idref="fl-9b"/>
      </object_component>
      <object_component id="oc-8e">
         <name>.debug_abbrev</name>
         <load_address>0x1ae5</load_address>
         <run_address>0x1ae5</run_address>
         <size>0xd9</size>
         <input_file_ref idref="fl-9c"/>
      </object_component>
      <object_component id="oc-94">
         <name>.debug_abbrev</name>
         <load_address>0x1bbe</load_address>
         <run_address>0x1bbe</run_address>
         <size>0x12a</size>
         <input_file_ref idref="fl-9d"/>
      </object_component>
      <object_component id="oc-98">
         <name>.debug_abbrev</name>
         <load_address>0x1ce8</load_address>
         <run_address>0x1ce8</run_address>
         <size>0xb8</size>
         <input_file_ref idref="fl-9e"/>
      </object_component>
      <object_component id="oc-9e">
         <name>.debug_abbrev</name>
         <load_address>0x1da0</load_address>
         <run_address>0x1da0</run_address>
         <size>0x152</size>
         <input_file_ref idref="fl-9f"/>
      </object_component>
      <object_component id="oc-a4">
         <name>.debug_abbrev</name>
         <load_address>0x1ef2</load_address>
         <run_address>0x1ef2</run_address>
         <size>0xf5</size>
         <input_file_ref idref="fl-a0"/>
      </object_component>
      <object_component id="oc-a8">
         <name>.debug_abbrev</name>
         <load_address>0x1fe7</load_address>
         <run_address>0x1fe7</run_address>
         <size>0xd3</size>
         <input_file_ref idref="fl-a1"/>
      </object_component>
      <object_component id="oc-ad">
         <name>.debug_abbrev</name>
         <load_address>0x20ba</load_address>
         <run_address>0x20ba</run_address>
         <size>0xde</size>
         <input_file_ref idref="fl-a2"/>
      </object_component>
      <object_component id="oc-fc">
         <name>.debug_abbrev</name>
         <load_address>0x2198</load_address>
         <run_address>0x2198</run_address>
         <size>0xd</size>
      </object_component>
      <object_component id="oc-23">
         <name>.debug_frame</name>
         <load_address>0x0</load_address>
         <run_address>0x0</run_address>
         <size>0x36d</size>
         <input_file_ref idref="fl-6"/>
      </object_component>
      <object_component id="oc-28">
         <name>.debug_frame</name>
         <load_address>0x36d</load_address>
         <run_address>0x36d</run_address>
         <size>0x2a7</size>
         <input_file_ref idref="fl-7"/>
      </object_component>
      <object_component id="oc-2c">
         <name>.debug_frame</name>
         <load_address>0x614</load_address>
         <run_address>0x614</run_address>
         <size>0x23f</size>
         <input_file_ref idref="fl-8"/>
      </object_component>
      <object_component id="oc-33">
         <name>.debug_frame</name>
         <load_address>0x853</load_address>
         <run_address>0x853</run_address>
         <size>0x318</size>
         <input_file_ref idref="fl-9"/>
      </object_component>
      <object_component id="oc-39">
         <name>.debug_frame</name>
         <load_address>0xb6b</load_address>
         <run_address>0xb6b</run_address>
         <size>0x368</size>
         <input_file_ref idref="fl-a"/>
      </object_component>
      <object_component id="oc-3d">
         <name>.debug_frame</name>
         <load_address>0xed3</load_address>
         <run_address>0xed3</run_address>
         <size>0x25e</size>
         <input_file_ref idref="fl-b"/>
      </object_component>
      <object_component id="oc-44">
         <name>.debug_frame</name>
         <load_address>0x1131</load_address>
         <run_address>0x1131</run_address>
         <size>0x364</size>
         <input_file_ref idref="fl-c"/>
      </object_component>
   </object_component_list>
   <logical_group_list>
      <logical_group id="lg-2">
         <name>.EXT_RAM</name>
         <run_address>0x0</run_address>
         <size>0x0</size>
         <contents>
         </contents>
      </logical_group>
      <logical_group id="lg-3">
         <name>.vectors</name>
         <load_address>0x0</load_address>
         <run_address>0x0</run_address>
         <size>0x200</size>
         <contents>
            <object_component_ref idref="oc-18"/>
         </contents>
      </logical_group>
      <logical_group id="lg-4">
         <name>.text</name>
         <load_address>0xeca0</load_address>
         <run_address>0xeca0</run_address>
         <size>0x6580</size>
         <contents>
            <object_component_ref idref="oc-cb"/>
            <object_component_ref idref="oc-b3"/>
            <object_component_ref idref="oc-cc"/>
            <object_component_ref idref="oc-bb"/>
            <object_component_ref idref="oc-83"/>
            <object_component_ref idref="oc-87"/>
            <object_component_ref idref="oc-91"/>
            <object_component_ref idref="oc-7f"/>
            <object_component_ref idref="oc-b9"/>
            <object_component_ref idref="oc-d4"/>
            <object_component_ref idref="oc-d9"/>
            <object_component_ref idref="oc-43"/>
            <object_component_ref idref="oc-c4"/>
            <object_component_ref idref="oc-e3"/>
            <object_component_ref idref="oc-c9"/>
            <object_component_ref idref="oc-ab"/>
            <object_component_ref idref="oc-9b"/>
            <object_component_ref idref="oc-e2"/>
            <object_component_ref idref="oc-d5"/>
            <object_component_ref idref="oc-e4"/>
            <object_component_ref idref="oc-e0"/>
            <object_component_ref idref="oc-ca"/>
            <object_component_ref idref="oc-b6"/>
            <object_component_ref idref="oc-b7"/>
            <object_component_ref idref="oc-b0"/>
            <object_component_ref idref="oc-b4"/>
            <object_component_ref idref="oc-b2"/>
            <object_component_ref idref="oc-97"/>
            <object_component_ref idref="oc-db"/>
            <object_component_ref idref="oc-dc"/>
            <object_component_ref idref="oc-b8"/>
            <object_component_ref idref="oc-a1"/>
            <object_component_ref idref="oc-13"/>
            <object_component_ref idref="oc-dd"/>
            <object_component_ref idref="oc-b5"/>
            <object_component_ref idref="oc-bd"/>
            <object_component_ref idref="oc-e1"/>
            <object_component_ref idref="oc-d1"/>
            <object_component_ref idref="oc-f"/>
            <object_component_ref idref="oc-ba"/>
            <object_component_ref idref="oc-e"/>
            <object_component_ref idref="oc-8d"/>
            <object_component_ref idref="oc-a7"/>
            <object_component_ref idref="oc-1c"/>
            <object_component_ref idref="oc-ce"/>
            <object_component_ref idref="oc-cd"/>
            <object_component_ref idref="oc-d0"/>
            <object_component_ref idref="oc-cf"/>
            <object_component_ref idref="oc-c8"/>
            <object_component_ref idref="oc-c5"/>
            <object_component_ref idref="oc-b1"/>
            <object_component_ref idref="oc-32"/>
            <object_component_ref idref="oc-17"/>
            <object_component_ref idref="oc-d8"/>
            <object_component_ref idref="oc-da"/>
            <object_component_ref idref="oc-c2"/>
            <object_component_ref idref="oc-c6"/>
            <object_component_ref idref="oc-c7"/>
            <object_component_ref idref="oc-df"/>
            <object_component_ref idref="oc-de"/>
            <object_component_ref idref="oc-c3"/>
            <object_component_ref idref="oc-c1"/>
            <object_component_ref idref="oc-c0"/>
            <object_component_ref idref="oc-bf"/>
            <object_component_ref idref="oc-be"/>
            <object_component_ref idref="oc-bc"/>
            <object_component_ref idref="oc-6f"/>
         </contents>
      </logical_group>
      <logical_group id="lg-5">
         <name>.bss</name>
         <run_address>0x220</run_address>
         <size>0x0</size>
         <contents>
         </contents>
      </logical_group>
      <logical_group id="lg-6">
         <name>.cinit</name>
         <load_address>0x15220</load_address>
         <run_address>0x15220</run_address>
         <size>0x2c5c</size>
         <contents>
            <object_component_ref idref="oc-37"/>
            <object_component_ref idref="oc-70"/>
            <object_component_ref idref="oc-41"/>
            <object_component_ref idref="oc-21"/>
            <object_component_ref idref="oc-75"/>
            <object_component_ref idref="oc-7a"/>
            <object_component_ref idref="oc-30"/>
            <object_component_ref idref="oc-6a"/>
            <object_component_ref idref="oc-65"/>
            <object_component_ref idref="oc-9c"/>
            <object_component_ref idref="oc-4f"/>
            <object_component_ref idref="oc-a2"/>
         </contents>
      </logical_group>
      <logical_group id="lg-7">
         <name>.stack</name>
         <run_address>0x17e80</run_address>
         <size>0x1000</size>
         <contents>
            <object_component_ref idref="oc-48"/>
            <object_component_ref idref="oc-fa"/>
         </contents>
      </logical_group>
      <logical_group id="lg-8">
         <name>.sysmem</name>
         <run_address>0x0</run_address>
         <size>0x0</size>
         <contents>
         </contents>
      </logical_group>
      <logical_group id="lg-9">
         <name>.const</name>
         <load_address>0x18f38</load_address>
         <run_address>0x18f38</run_address>
         <size>0xa4</size>
         <contents>
            <object_component_ref idref="oc-d6"/>
            <object_component_ref idref="oc-93"/>
            <object_component_ref idref="oc-89"/>
         </contents>
      </logical_group>
      <logical_group id="lg-a">
         <name>.switch</name>
         <load_address>0x18e80</load_address>
         <run_address>0x18e80</run_address>
         <size>0xb8</size>
         <contents>
            <object_component_ref idref="oc-d2"/>
            <object_component_ref idref="oc-d3"/>
            <object_component_ref idref="oc-d7"/>
         </contents>
      </logical_group>
      <logical_group id="lg-b">
         <name>.far</name>
         <run_address>0x220</run_address>
         <size>0xea70</size>
         <contents>
            <object_component_ref idref="oc-22"/>
            <object_component_ref idref="oc-27"/>
            <object_component_ref idref="oc-31"/>
            <object_component_ref idref="oc-38"/>
            <object_component_ref idref="oc-42"/>
            <object_component_ref idref="oc-50"/>
            <object_component_ref idref="oc-66"/>
            <object_component_ref idref="oc-6b"/>
            <object_component_ref idref="oc-71"/>
            <object_component_ref idref="oc-76"/>
            <object_component_ref idref="oc-7b"/>
            <object_component_ref idref="oc-88"/>
            <object_component_ref idref="oc-92"/>
            <object_component_ref idref="oc-9d"/>
            <object_component_ref idref="oc-a3"/>
            <object_component_ref idref="oc-ac"/>
         </contents>
      </logical_group>
      <logical_group id="lg-c">
         <name>.cio</name>
         <run_address>0x0</run_address>
         <size>0x0</size>
         <contents>
         </contents>
      </logical_group>
      <logical_group id="lg-d">
         <name>.csldata</name>
         <run_address>0x0</run_address>
         <size>0x0</size>
         <contents>
         </contents>
      </logical_group>
      <logical_group id="lg-f1">
         <name>.debug_info</name>
         <load_address>0x0</load_address>
         <run_address>0x0</run_address>
         <size>0x138e8</size>
         <contents>
            <object_component_ref idref="oc-10"/>
            <object_component_ref idref="oc-14"/>
            <object_component_ref idref="oc-19"/>
            <object_component_ref idref="oc-1d"/>
            <object_component_ref idref="oc-20"/>
            <object_component_ref idref="oc-26"/>
            <object_component_ref idref="oc-2b"/>
            <object_component_ref idref="oc-2f"/>
            <object_component_ref idref="oc-36"/>
            <object_component_ref idref="oc-3c"/>
            <object_component_ref idref="oc-40"/>
            <object_component_ref idref="oc-47"/>
            <object_component_ref idref="oc-4b"/>
            <object_component_ref idref="oc-4e"/>
            <object_component_ref idref="oc-53"/>
            <object_component_ref idref="oc-56"/>
            <object_component_ref idref="oc-59"/>
            <object_component_ref idref="oc-5c"/>
            <object_component_ref idref="oc-5f"/>
            <object_component_ref idref="oc-62"/>
            <object_component_ref idref="oc-68"/>
            <object_component_ref idref="oc-6d"/>
            <object_component_ref idref="oc-73"/>
            <object_component_ref idref="oc-78"/>
            <object_component_ref idref="oc-7d"/>
            <object_component_ref idref="oc-81"/>
            <object_component_ref idref="oc-85"/>
            <object_component_ref idref="oc-8b"/>
            <object_component_ref idref="oc-8f"/>
            <object_component_ref idref="oc-95"/>
            <object_component_ref idref="oc-99"/>
            <object_component_ref idref="oc-9f"/>
            <object_component_ref idref="oc-a5"/>
            <object_component_ref idref="oc-a9"/>
            <object_component_ref idref="oc-ae"/>
            <object_component_ref idref="oc-fb"/>
         </contents>
      </logical_group>
      <logical_group id="lg-f3">
         <name>.debug_line</name>
         <load_address>0x0</load_address>
         <run_address>0x0</run_address>
         <size>0x183b</size>
         <contents>
            <object_component_ref idref="oc-11"/>
            <object_component_ref idref="oc-15"/>
            <object_component_ref idref="oc-1a"/>
            <object_component_ref idref="oc-1e"/>
            <object_component_ref idref="oc-24"/>
            <object_component_ref idref="oc-29"/>
            <object_component_ref idref="oc-2d"/>
            <object_component_ref idref="oc-34"/>
            <object_component_ref idref="oc-3a"/>
            <object_component_ref idref="oc-3e"/>
            <object_component_ref idref="oc-45"/>
            <object_component_ref idref="oc-49"/>
            <object_component_ref idref="oc-4c"/>
            <object_component_ref idref="oc-51"/>
            <object_component_ref idref="oc-54"/>
            <object_component_ref idref="oc-57"/>
            <object_component_ref idref="oc-5a"/>
            <object_component_ref idref="oc-5d"/>
            <object_component_ref idref="oc-60"/>
            <object_component_ref idref="oc-63"/>
            <object_component_ref idref="oc-69"/>
            <object_component_ref idref="oc-6e"/>
            <object_component_ref idref="oc-74"/>
            <object_component_ref idref="oc-79"/>
            <object_component_ref idref="oc-7e"/>
            <object_component_ref idref="oc-82"/>
            <object_component_ref idref="oc-86"/>
            <object_component_ref idref="oc-8c"/>
            <object_component_ref idref="oc-90"/>
            <object_component_ref idref="oc-96"/>
            <object_component_ref idref="oc-9a"/>
            <object_component_ref idref="oc-a0"/>
            <object_component_ref idref="oc-a6"/>
            <object_component_ref idref="oc-aa"/>
            <object_component_ref idref="oc-af"/>
         </contents>
      </logical_group>
      <logical_group id="lg-f5">
         <name>.debug_abbrev</name>
         <load_address>0x0</load_address>
         <run_address>0x0</run_address>
         <size>0x21a5</size>
         <contents>
            <object_component_ref idref="oc-12"/>
            <object_component_ref idref="oc-16"/>
            <object_component_ref idref="oc-1b"/>
            <object_component_ref idref="oc-1f"/>
            <object_component_ref idref="oc-25"/>
            <object_component_ref idref="oc-2a"/>
            <object_component_ref idref="oc-2e"/>
            <object_component_ref idref="oc-35"/>
            <object_component_ref idref="oc-3b"/>
            <object_component_ref idref="oc-3f"/>
            <object_component_ref idref="oc-46"/>
            <object_component_ref idref="oc-4a"/>
            <object_component_ref idref="oc-4d"/>
            <object_component_ref idref="oc-52"/>
            <object_component_ref idref="oc-55"/>
            <object_component_ref idref="oc-58"/>
            <object_component_ref idref="oc-5b"/>
            <object_component_ref idref="oc-5e"/>
            <object_component_ref idref="oc-61"/>
            <object_component_ref idref="oc-64"/>
            <object_component_ref idref="oc-67"/>
            <object_component_ref idref="oc-6c"/>
            <object_component_ref idref="oc-72"/>
            <object_component_ref idref="oc-77"/>
            <object_component_ref idref="oc-7c"/>
            <object_component_ref idref="oc-80"/>
            <object_component_ref idref="oc-84"/>
            <object_component_ref idref="oc-8a"/>
            <object_component_ref idref="oc-8e"/>
            <object_component_ref idref="oc-94"/>
            <object_component_ref idref="oc-98"/>
            <object_component_ref idref="oc-9e"/>
            <object_component_ref idref="oc-a4"/>
            <object_component_ref idref="oc-a8"/>
            <object_component_ref idref="oc-ad"/>
            <object_component_ref idref="oc-fc"/>
         </contents>
      </logical_group>
      <logical_group id="lg-f7">
         <name>.debug_frame</name>
         <load_address>0x0</load_address>
         <run_address>0x0</run_address>
         <size>0x1495</size>
         <contents>
            <object_component_ref idref="oc-23"/>
            <object_component_ref idref="oc-28"/>
            <object_component_ref idref="oc-2c"/>
            <object_component_ref idref="oc-33"/>
            <object_component_ref idref="oc-39"/>
            <object_component_ref idref="oc-3d"/>
            <object_component_ref idref="oc-44"/>
         </contents>
      </logical_group>
   </logical_group_list>
   <placement_map>
      <memory_area>
         <name>IVECS</name>
         <page_id>0x0</page_id>
         <origin>0x0</origin>
         <length>0x220</length>
         <used_space>0x200</used_space>
         <unused_space>0x20</unused_space>
         <attributes>RWIX</attributes>
         <usage_details>
            <allocated_space>
               <start_address>0x0</start_address>
               <size>0x200</size>
               <logical_group_ref idref="lg-3"/>
            </allocated_space>
            <available_space>
               <start_address>0x200</start_address>
               <size>0x20</size>
            </available_space>
         </usage_details>
      </memory_area>
      <memory_area>
         <name>IRAM</name>
         <page_id>0x0</page_id>
         <origin>0x220</origin>
         <length>0x2fde0</length>
         <used_space>0x18da8</used_space>
         <unused_space>0x17038</unused_space>
         <attributes>RWIX</attributes>
         <usage_details>
            <allocated_space>
               <start_address>0x220</start_address>
               <size>0x0</size>
               <logical_group_ref idref="lg-5"/>
            </allocated_space>
            <allocated_space>
               <start_address>0x220</start_address>
               <size>0xea70</size>
               <logical_group_ref idref="lg-b"/>
            </allocated_space>
            <available_space>
               <start_address>0xec90</start_address>
               <size>0x10</size>
            </available_space>
            <allocated_space>
               <start_address>0xeca0</start_address>
               <size>0x6580</size>
               <logical_group_ref idref="lg-4"/>
            </allocated_space>
            <allocated_space>
               <start_address>0x15220</start_address>
               <size>0x2c5c</size>
               <logical_group_ref idref="lg-6"/>
            </allocated_space>
            <available_space>
               <start_address>0x17e7c</start_address>
               <size>0x4</size>
            </available_space>
            <allocated_space>
               <start_address>0x17e80</start_address>
               <size>0x1000</size>
               <logical_group_ref idref="lg-7"/>
            </allocated_space>
            <allocated_space>
               <start_address>0x18e80</start_address>
               <size>0xb8</size>
               <logical_group_ref idref="lg-a"/>
            </allocated_space>
            <allocated_space>
               <start_address>0x18f38</start_address>
               <size>0xa4</size>
               <logical_group_ref idref="lg-9"/>
            </allocated_space>
            <available_space>
               <start_address>0x18fdc</start_address>
               <size>0x17024</size>
            </available_space>
         </usage_details>
      </memory_area>
      <memory_area>
         <name>SDRAM</name>
         <page_id>0x0</page_id>
         <origin>0x80000000</origin>
         <length>0x1000000</length>
         <used_space>0x0</used_space>
[...]
         <name>_TabCorr2</name>
         <value>0x91a8</value>
         <object_component_ref idref="oc-38"/>
      </symbol>
      <symbol id="sm-24f">
         <name>_TabCorr1</name>
         <value>0x8da8</value>
         <object_component_ref idref="oc-38"/>
      </symbol>
      <symbol id="sm-250">
         <name>_TabCorr0</name>
         <value>0x89a8</value>
         <object_component_ref idref="oc-38"/>
      </symbol>
      <symbol id="sm-251">
         <name>_TabCorr7</name>
         <value>0xa5a8</value>
         <object_component_ref idref="oc-38"/>
      </symbol>
      <symbol id="sm-252">
         <name>_TabCorr6</name>
         <value>0xa1a8</value>
         <object_component_ref idref="oc-38"/>
      </symbol>
      <symbol id="sm-253">
         <name>_TabCorr5</name>
         <value>0x9da8</value>
         <object_component_ref idref="oc-38"/>
      </symbol>
      <symbol id="sm-254">
         <name>_TabCorr4</name>
         <value>0x99a8</value>
         <object_component_ref idref="oc-38"/>
      </symbol>
      <symbol id="sm-255">
         <name>_TabCorr14</name>
         <value>0xc1a8</value>
         <object_component_ref idref="oc-38"/>
      </symbol>
      <symbol id="sm-256">
         <name>_TabCorr15</name>
         <value>0xc5a8</value>
         <object_component_ref idref="oc-38"/>
      </symbol>
      <symbol id="sm-257">
         <name>_TabCorr12</name>
         <value>0xb9a8</value>
         <object_component_ref idref="oc-38"/>
      </symbol>
      <symbol id="sm-258">
         <name>_TabCorr13</name>
         <value>0xbda8</value>
         <object_component_ref idref="oc-38"/>
      </symbol>
      <symbol id="sm-259">
         <name>_TabCorr10</name>
         <value>0xb1a8</value>
         <object_component_ref idref="oc-38"/>
      </symbol>
      <symbol id="sm-25a">
         <name>_TabCorr11</name>
         <value>0xb5a8</value>
         <object_component_ref idref="oc-38"/>
      </symbol>
      <symbol id="sm-25b">
         <name>_twiddly</name>
         <value>0x9a0</value>
         <object_component_ref idref="oc-38"/>
      </symbol>
      <symbol id="sm-25c">
         <name>_faireFFT</name>
         <value>0xf998</value>
         <object_component_ref idref="oc-cb"/>
      </symbol>
      <symbol id="sm-25d">
         <name>_ResCorr</name>
         <value>0x29a4</value>
         <object_component_ref idref="oc-38"/>
      </symbol>
      <symbol id="sm-25e">
         <name>_SweepSamples</name>
         <value>0x220</value>
         <object_component_ref idref="oc-38"/>
      </symbol>
      <symbol id="sm-25f">
         <name>_index</name>
         <value>0xc9a8</value>
         <object_component_ref idref="oc-38"/>
      </symbol>
      <symbol id="sm-260">
         <name>_Acquisition</name>
         <value>0xeca0</value>
         <object_component_ref idref="oc-cb"/>
      </symbol>
      <symbol id="sm-261">
         <name>_Traitement</name>
         <value>0x101d8</value>
         <object_component_ref idref="oc-cb"/>
      </symbol>
      <symbol id="sm-262">
         <name>_faireMoyenne</name>
         <value>0xfac8</value>
         <object_component_ref idref="oc-cb"/>
      </symbol>
      <symbol id="sm-263">
         <name>_faireCorrelation</name>
         <value>0xfe9c</value>
         <object_component_ref idref="oc-cb"/>
      </symbol>
      <symbol id="sm-264">
         <name>_ProccessingState</name>
         <value>0xe9b4</value>
         <object_component_ref idref="oc-38"/>
      </symbol>
      <symbol id="sm-265">
         <name>_faireAction</name>
         <value>0xf700</value>
         <object_component_ref idref="oc-cb"/>
      </symbol>
      <symbol id="sm-266">
         <name>_resPrecedent</name>
         <value>0xe9b8</value>
         <object_component_ref idref="oc-38"/>
      </symbol>
      <symbol id="sm-281">
         <name>_bitrev_index</name>
         <value>0x12aa0</value>
         <object_component_ref idref="oc-d4"/>
      </symbol>
      <symbol id="sm-2cc">
         <name>_main</name>
         <value>0x113a0</value>
         <object_component_ref idref="oc-bb"/>
      </symbol>
      <symbol id="sm-2cd">
         <name>_AcquisitionEnCours</name>
         <value>0xec00</value>
         <object_component_ref idref="oc-42"/>
      </symbol>
      <symbol id="sm-2ce">
         <name>_inputsource</name>
         <value>0xebec</value>
         <object_component_ref idref="oc-42"/>
      </symbol>
      <symbol id="sm-2cf">
         <name>_c_int11</name>
         <value>0x12f00</value>
         <object_component_ref idref="oc-43"/>
      </symbol>
      <symbol id="sm-2d0">
         <name>_c_int15</name>
         <value>0x13024</value>
         <object_component_ref idref="oc-43"/>
      </symbol>
      <symbol id="sm-2d1">
         <name>_interrupt15Flag</name>
         <value>0xebf4</value>
         <object_component_ref idref="oc-42"/>
      </symbol>
      <symbol id="sm-2d2">
         <name>_echActuel</name>
         <value>0xebf8</value>
         <object_component_ref idref="oc-42"/>
      </symbol>
      <symbol id="sm-2d3">
         <name>_initGPIO</name>
         <value>0x11518</value>
         <object_component_ref idref="oc-bb"/>
      </symbol>
      <symbol id="sm-2d4">
         <name>_fs</name>
         <value>0xebe8</value>
         <object_component_ref idref="oc-42"/>
      </symbol>
      <symbol id="sm-2d5">
         <name>_Timer1sec</name>
         <value>0xebe4</value>
         <object_component_ref idref="oc-42"/>
      </symbol>
      <symbol id="sm-2d6">
         <name>_CharIn</name>
         <value>0xec04</value>
         <object_component_ref idref="oc-42"/>
      </symbol>
      <symbol id="sm-2d7">
         <name>_interrupt11Flag</name>
         <value>0xebf0</value>
         <object_component_ref idref="oc-42"/>
      </symbol>
      <symbol id="sm-2d8">
         <name>_resetGPIO</name>
         <value>0x118c8</value>
         <object_component_ref idref="oc-bb"/>
      </symbol>
      <symbol id="sm-2d9">
         <name>_NoSignalEnr</name>
         <value>0xebfc</value>
         <object_component_ref idref="oc-42"/>
      </symbol>
      <symbol id="sm-2da">
         <name>_toggleGPIO</name>
         <value>0x11810</value>
         <object_component_ref idref="oc-bb"/>
      </symbol>
      <symbol id="sm-2e6">
         <name>_c_int00</name>
         <value>0x14c20</value>
         <object_component_ref idref="oc-e"/>
      </symbol>
      <symbol id="sm-2e7">
         <name>__stack</name>
         <value>0x17e80</value>
         <object_component_ref idref="oc-48"/>
      </symbol>
      <symbol id="sm-2ef">
         <name>__c6xabi_divi</name>
         <value>0x13ca0</value>
         <object_component_ref idref="oc-e0"/>
      </symbol>
      <symbol id="sm-2f0">
         <name>__divi</name>
         <value>0x13ca0</value>
         <object_component_ref idref="oc-e0"/>
      </symbol>
      <symbol id="sm-300">
         <name>C$$EXIT</name>
         <value>0x151e0</value>
         <object_component_ref idref="oc-bc"/>
      </symbol>
      <symbol id="sm-301">
         <name>_exit</name>
         <value>0x142a0</value>
         <object_component_ref idref="oc-b2"/>
      </symbol>
      <symbol id="sm-302">
         <name>___TI_enable_exit_profile_output</name>
         <value>0xec7c</value>
         <object_component_ref idref="oc-50"/>
      </symbol>
      <symbol id="sm-303">
         <name>_abort</name>
         <value>0x151e0</value>
         <object_component_ref idref="oc-bc"/>
      </symbol>
      <symbol id="sm-304">
         <name>__cleanup_ptr</name>
         <value>0xec74</value>
         <object_component_ref idref="oc-50"/>
      </symbol>
      <symbol id="sm-305">
         <name>__dtors_ptr</name>
         <value>0xec78</value>
         <object_component_ref idref="oc-50"/>
      </symbol>
      <symbol id="sm-30f">
         <name>__c6xabi_strasgi</name>
         <value>0x13a40</value>
         <object_component_ref idref="oc-d5"/>
      </symbol>
      <symbol id="sm-310">
         <name>__strasg</name>
         <value>0x141c0</value>
         <object_component_ref idref="oc-b4"/>
      </symbol>
      <symbol id="sm-311">
         <name>__strasgi</name>
         <value>0x13a40</value>
         <object_component_ref idref="oc-d5"/>
      </symbol>
      <symbol id="sm-31b">
         <name>__args_main</name>
         <value>0x14fc0</value>
         <object_component_ref idref="oc-b1"/>
      </symbol>
      <symbol id="sm-31c">
         <name>__TI_args_main</name>
         <value>0x1</value>
      </symbol>
      <symbol id="sm-326">
         <name>__auto_init</name>
         <value>0x140c0</value>
         <object_component_ref idref="oc-b0"/>
      </symbol>
      <symbol id="sm-330">
         <name>___TI_cpp_init</name>
         <value>0x14ba0</value>
         <object_component_ref idref="oc-ba"/>
      </symbol>
      <symbol id="sm-33a">
         <name>_copy_in</name>
         <value>0x145e0</value>
         <object_component_ref idref="oc-b8"/>
      </symbol>
      <symbol id="sm-344">
         <name>_memcpy</name>
         <value>0x12860</value>
         <object_component_ref idref="oc-b9"/>
      </symbol>
      <symbol id="sm-354">
         <name>_CSL6713_LIB_</name>
         <value>0x15060</value>
         <object_component_ref idref="oc-d8"/>
      </symbol>
      <symbol id="sm-355">
         <name>__CSL_init</name>
         <value>0x12ce0</value>
         <object_component_ref idref="oc-d9"/>
      </symbol>
      <symbol id="sm-36f">
         <name>_GPIO_open</name>
         <value>0x14460</value>
         <object_component_ref idref="oc-db"/>
      </symbol>
      <symbol id="sm-370">
         <name>_GPIO_pinRead</name>
         <value>0x14ec0</value>
         <object_component_ref idref="oc-d0"/>
      </symbol>
      <symbol id="sm-371">
         <name>_GPIO_pinEnable</name>
         <value>0x14e80</value>
         <object_component_ref idref="oc-cd"/>
      </symbol>
      <symbol id="sm-372">
         <name>__GPIO_intTable</name>
         <value>0xec18</value>
         <object_component_ref idref="oc-6b"/>
      </symbol>
      <symbol id="sm-373">
         <name>_GPIO_intPolarity</name>
         <value>0x14800</value>
         <object_component_ref idref="oc-dd"/>
      </symbol>
      <symbol id="sm-374">
         <name>_GPIO_pinDirection</name>
         <value>0x14e20</value>
         <object_component_ref idref="oc-ce"/>
      </symbol>
      <symbol id="sm-375">
         <name>__hGpioDev0</name>
         <value>0xec2c</value>
         <object_component_ref idref="oc-6b"/>
      </symbol>
      <symbol id="sm-376">
         <name>_GPIO_reset</name>
         <value>0x14520</value>
         <object_component_ref idref="oc-dc"/>
      </symbol>
      <symbol id="sm-377">
         <name>_GPIO_pinWrite</name>
         <value>0x14f00</value>
         <object_component_ref idref="oc-cf"/>
      </symbol>
      <symbol id="sm-39d">
         <name>_IRQ_setVecs</name>
         <value>0x15120</value>
         <object_component_ref idref="oc-de"/>
      </symbol>
      <symbol id="sm-39e">
         <name>_IRQ_clear</name>
         <value>0x15080</value>
         <object_component_ref idref="oc-da"/>
      </symbol>
      <symbol id="sm-39f">
         <name>__IRQ_eventTable</name>
         <value>0xe9f0</value>
         <object_component_ref idref="oc-71"/>
      </symbol>
      <symbol id="sm-3a0">
         <name>_IRQ_nmiEnable</name>
         <value>0x150e0</value>
         <object_component_ref idref="oc-c7"/>
      </symbol>
      <symbol id="sm-3a1">
         <name>_IRQ_reset</name>
         <value>0x14f80</value>
         <object_component_ref idref="oc-c5"/>
      </symbol>
      <symbol id="sm-3a2">
         <name>__IRQ_intTable</name>
         <value>0xea74</value>
         <object_component_ref idref="oc-71"/>
      </symbol>
      <symbol id="sm-3a3">
         <name>_IRQ_globalEnable</name>
         <value>0x150c0</value>
         <object_component_ref idref="oc-c6"/>
      </symbol>
      <symbol id="sm-3a4">
         <name>_IRQ_globalDisable</name>
         <value>0x150a0</value>
         <object_component_ref idref="oc-c2"/>
      </symbol>
      <symbol id="sm-3a5">
         <name>_IRQ_map</name>
         <value>0x130e0</value>
         <object_component_ref idref="oc-c4"/>
      </symbol>
      <symbol id="sm-3a6">
         <name>__IRQ_init</name>
         <value>0x149e0</value>
         <object_component_ref idref="oc-e1"/>
      </symbol>
      <symbol id="sm-3a7">
         <name>_IRQ_set</name>
         <value>0x15100</value>
         <object_component_ref idref="oc-df"/>
      </symbol>
      <symbol id="sm-3a8">
         <name>_IRQ_enable</name>
         <value>0x14f40</value>
         <object_component_ref idref="oc-c8"/>
      </symbol>
      <symbol id="sm-3a9">
         <name>__IRQ_dispatchTable</name>
         <value>0xeab4</value>
         <object_component_ref idref="oc-71"/>
      </symbol>
      <symbol id="sm-3aa">
         <name>__IRQ_hookFetchPacket</name>
         <value>0x15200</value>
         <object_component_ref idref="oc-6f"/>
      </symbol>
      <symbol id="sm-3ca">
         <name>_MCBSP_reset</name>
         <value>0x13460</value>
         <object_component_ref idref="oc-c9"/>
      </symbol>
      <symbol id="sm-3cb">
         <name>_MCBSP_read</name>
         <value>0x15160</value>
         <object_component_ref idref="oc-c1"/>
      </symbol>
      <symbol id="sm-3cc">
         <name>_MCBSP_close</name>
         <value>0x148a0</value>
         <object_component_ref idref="oc-b5"/>
      </symbol>
      <symbol id="sm-3cd">
         <name>_MCBSP_getXmtEventId</name>
         <value>0x15140</value>
         <object_component_ref idref="oc-c3"/>
      </symbol>
      <symbol id="sm-3ce">
         <name>_MCBSP_open</name>
         <value>0x13ec0</value>
         <object_component_ref idref="oc-b6"/>
      </symbol>
      <symbol id="sm-3cf">
         <name>__MCBSP_hDev0</name>
         <value>0xeb8c</value>
         <object_component_ref idref="oc-76"/>
      </symbol>
      <symbol id="sm-3d0">
         <name>__MCBSP_hDev1</name>
         <value>0xeb90</value>
         <object_component_ref idref="oc-76"/>
      </symbol>
      <symbol id="sm-3d1">
         <name>_MCBSP_start</name>
         <value>0x13fc0</value>
         <object_component_ref idref="oc-b7"/>
      </symbol>
      <symbol id="sm-3d2">
         <name>_MCBSP_rrdy</name>
         <value>0x15180</value>
         <object_component_ref idref="oc-c0"/>
      </symbol>
      <symbol id="sm-3d3">
         <name>_MCBSP_config</name>
         <value>0x14940</value>
         <object_component_ref idref="oc-bd"/>
      </symbol>
      <symbol id="sm-3d4">
         <name>_MCBSP_xrdy</name>
         <value>0x151c0</value>
         <object_component_ref idref="oc-be"/>
      </symbol>
      <symbol id="sm-3d5">
         <name>_MCBSP_write</name>
         <value>0x151a0</value>
         <object_component_ref idref="oc-bf"/>
      </symbol>
      <symbol id="sm-3e5">
         <name>_TIMER_reset</name>
         <value>0x13b80</value>
         <object_component_ref idref="oc-e4"/>
      </symbol>
      <symbol id="sm-3e6">
         <name>_TIMER_open</name>
         <value>0x13900</value>
         <object_component_ref idref="oc-e2"/>
      </symbol>
      <symbol id="sm-3e7">
         <name>__TIMER_hDev0</name>
         <value>0xec48</value>
         <object_component_ref idref="oc-7b"/>
      </symbol>
      <symbol id="sm-3e8">
         <name>__TIMER_hDev1</name>
         <value>0xec4c</value>
         <object_component_ref idref="oc-7b"/>
      </symbol>
      <symbol id="sm-3e9">
         <name>__TIMER_hBios</name>
         <value>0xec50</value>
         <object_component_ref idref="oc-7b"/>
      </symbol>
      <symbol id="sm-3ea">
         <name>__TIMER_deviceTable</name>
         <value>0xec30</value>
         <object_component_ref idref="oc-7b"/>
      </symbol>
      <symbol id="sm-3f4">
         <name>_DSPF_sp_bitrev_cplx</name>
         <value>0x12600</value>
         <object_component_ref idref="oc-7f"/>
      </symbol>
      <symbol id="sm-3fe">
         <name>_DSPF_sp_cfftr2_dit</name>
         <value>0x11980</value>
         <object_component_ref idref="oc-83"/>
      </symbol>
      <symbol id="sm-40c">
         <name>_DSK6713_init</name>
         <value>0x11eac</value>
         <object_component_ref idref="oc-87"/>
      </symbol>
      <symbol id="sm-40d">
         <name>_DSK6713_version</name>
         <value>0xec8c</value>
         <object_component_ref idref="oc-88"/>
      </symbol>
      <symbol id="sm-40e">
         <name>_DSK6713_rget</name>
         <value>0x121c8</value>
         <object_component_ref idref="oc-87"/>
      </symbol>
      <symbol id="sm-40f">
         <name>_DSK6713_wait</name>
         <value>0x121f0</value>
         <object_component_ref idref="oc-87"/>
      </symbol>
      <symbol id="sm-410">
         <name>_DSK6713_rset</name>
         <value>0x121dc</value>
         <object_component_ref idref="oc-87"/>
      </symbol>
      <symbol id="sm-411">
         <name>_DSK6713_waitusec</name>
         <value>0x12248</value>
         <object_component_ref idref="oc-87"/>
      </symbol>
      <symbol id="sm-412">
         <name>_DSK6713_getVersion</name>
         <value>0x12274</value>
         <object_component_ref idref="oc-87"/>
      </symbol>
      <symbol id="sm-41c">
         <name>_DSK6713_AIC23_closeCodec</name>
         <value>0x14ca0</value>
         <object_component_ref idref="oc-8d"/>
      </symbol>
      <symbol id="sm-42a">
         <name>_DSK6713_AIC23_codeccontrolhandle</name>
         <value>0xec80</value>
         <object_component_ref idref="oc-92"/>
      </symbol>
      <symbol id="sm-42b">
         <name>_DSK6713_AIC23_codecdatahandle</name>
         <value>0xec84</value>
         <object_component_ref idref="oc-92"/>
      </symbol>
      <symbol id="sm-42c">
         <name>_DSK6713_AIC23_openCodec</name>
         <value>0x122e0</value>
         <object_component_ref idref="oc-91"/>
      </symbol>
      <symbol id="sm-436">
         <name>_DSK6713_AIC23_outGain</name>
         <value>0x14380</value>
         <object_component_ref idref="oc-97"/>
      </symbol>
      <symbol id="sm-444">
         <name>_DSK6713_AIC23_config</name>
         <value>0x13860</value>
         <object_component_ref idref="oc-9b"/>
      </symbol>
      <symbol id="sm-445">
         <name>_DSK6713_AIC23_rget</name>
         <value>0x1383c</value>
         <object_component_ref idref="oc-9b"/>
      </symbol>
      <symbol id="sm-446">
         <name>_DSK6713_AIC23_rset</name>
         <value>0x137a0</value>
         <object_component_ref idref="oc-9b"/>
      </symbol>
      <symbol id="sm-454">
         <name>_DSK6713_AIC23_setFreq</name>
         <value>0x146a0</value>
         <object_component_ref idref="oc-a1"/>
      </symbol>
      <symbol id="sm-45e">
         <name>_DSK6713_DIP_init</name>
         <value>0x14d20</value>
         <object_component_ref idref="oc-a7"/>
      </symbol>
      <symbol id="sm-45f">
         <name>_DSK6713_DIP_get</name>
         <value>0x14d28</value>
         <object_component_ref idref="oc-a7"/>
      </symbol>
      <symbol id="sm-46b">
         <name>_DSK6713_LED_init</name>
         <value>0x13600</value>
         <object_component_ref idref="oc-ab"/>
      </symbol>
      <symbol id="sm-46c">
         <name>_DSK6713_LED_on</name>
         <value>0x13684</value>
         <object_component_ref idref="oc-ab"/>
      </symbol>
      <symbol id="sm-46d">
         <name>_DSK6713_LED_toggle</name>
         <value>0x136e0</value>
         <object_component_ref idref="oc-ab"/>
      </symbol>
      <symbol id="sm-46e">
         <name>_DSK6713_LED_off</name>
         <value>0x13628</value>
         <object_component_ref idref="oc-ab"/>
      </symbol>
   </symbol_table>
</link_info>
