******************************************************************************
               TMS320C6x Linker PC v7.4.20                     
******************************************************************************
>> Linked Tue Apr 18 15:04:57 2017

OUTPUT FILE NAME:   <Projet_S5_P1v1.out>
ENTRY POINT SYMBOL: "_c_int00"  address: 00014c20


MEMORY CONFIGURATION

         name            origin    length      used     unused   attr    fill
----------------------  --------  ---------  --------  --------  ----  --------
  IVECS                 00000000   00000220  00000200  00000020  RWIX
  IRAM                  00000220   0002fde0  00018da8  00017038  RWIX
  SDRAM                 80000000   01000000  00000000  01000000  RWIX
  FLASH                 90000000   00020000  00000000  00020000  RWIX


SECTION ALLOCATION MAP

 output                                  attributes/
section   page    origin      length       input sections
--------  ----  ----------  ----------   ----------------
.vectors   0    00000000    00000200     
                  00000000    00000200     Vectors_intr.obj (.vectors)

.bss       0    00000220    00000000     UNINITIALIZED

.far       0    00000220    0000ea70     UNINITIALIZED
                  00000220    0000e7a8     TraitementSignal.obj (.far)
                  0000e9c8    000000f4     csl6713.lib : csl_irq.obj (.far)
                  0000eabc    00000058     C6713Helper_UdeS.obj (.far)
                  0000eb14    00000048     SPI_driver.obj (.far)
                  0000eb5c    00000038     csl6713.lib : csl_mcbsp.obj (.far)
                  0000eb94    00000028                 : csl.obj (.far)
                  0000ebbc    00000028     dsk6713bsl.lib : dsk6713_aic23_registers.obj (.far)
                  0000ebe4    00000028     main.obj (.far)
                  0000ec0c    00000024     csl6713.lib : csl_gpio.obj (.far)
                  0000ec30    00000024                 : csl_timer.obj (.far)
                  0000ec54    00000020     dsk6713bsl.lib : dsk6713_aic23_setfreq.obj (.far)
                  0000ec74    0000000c     rts6700.lib : exit.obj (.far)
                  0000ec80    00000008     dsk6713bsl.lib : dsk6713_aic23_opencodec.obj (.far)
                  0000ec88    00000004     Config.obj (.far)
                  0000ec8c    00000002     dsk6713bsl.lib : dsk6713.obj (.far)
                  0000ec8e    00000002                    : dsk6713_led.obj (.far)

.text      0    0000eca0    00006580     
                  0000eca0    00001740     TraitementSignal.obj (.text)
                  000103e0    000007e0     C6713Helper_UdeS.obj (.text)
                  00010bc0    000007e0     SPI_driver.obj (.text)
                  000113a0    000005e0     main.obj (.text)
                  00011980    000004e0     dsp67x.lib : DSPF_sp_cfftr2_dit.obj (.text)
                  00011e60    00000480     dsk6713bsl.lib : dsk6713.obj (.text)
                  000122e0    00000320                    : dsk6713_aic23_opencodec.obj (.text)
                  00012600    00000260     dsp67x.lib : DSPF_sp_bitrev_cplx.obj (.text)
                  00012860    00000240     rts6700.lib : memcpy62.obj (.text:_memcpy)
                  00012aa0    00000240     bitrev_index.obj (.text)
                  00012ce0    00000220     csl6713.lib : csl.obj (.text:__CSL_init)
                  00012f00    000001e0     main.obj (.text:retain)
                  000130e0    000001c0     csl6713.lib : csl_irq.obj (.text:_IRQ_map)
                  000132a0    000001c0                 : csl_irq.obj (.text:_mux2Tables)
                  00013460    000001a0                 : csl_mcbsp.obj (.text:_MCBSP_reset)
                  00013600    000001a0     dsk6713bsl.lib : dsk6713_led.obj (.text)
                  000137a0    00000160                    : dsk6713_aic23_registers.obj (.text)
                  00013900    00000140     csl6713.lib : csl_timer.obj (.text:_TIMER_open)
                  00013a40    00000140     rts6700.lib : strasg.obj (.text:__strasgi)
                  00013b80    00000120     csl6713.lib : csl_timer.obj (.text:_TIMER_reset)
                  00013ca0    00000120     rts6700.lib : divi.obj (.text:__divi)
                  00013dc0    00000100     Config.obj (.text)
                  00013ec0    00000100     csl6713.lib : csl_mcbsp.obj (.text:_MCBSP_open)
                  00013fc0    00000100                 : csl_mcbsp.obj (.text:_MCBSP_start)
                  000140c0    00000100     rts6700.lib : autoinit.obj (.text:__auto_init)
                  000141c0    000000e0                 : strasg.obj (.text:__strasg)
                  000142a0    000000e0                 : exit.obj (.text:_exit)
                  00014380    000000e0     dsk6713bsl.lib : dsk6713_aic23_outgain.obj (.text)
                  00014460    000000c0     csl6713.lib : csl_gpio.obj (.text:_GPIO_open)
                  00014520    000000c0                 : csl_gpio.obj (.text:_GPIO_reset)
                  000145e0    000000c0     rts6700.lib : cpy_tbl.obj (.text:_copy_in)
                  000146a0    000000c0     dsk6713bsl.lib : dsk6713_aic23_setfreq.obj (.text)
                  00014760    000000a0     CorrX.obj (.text)
                  00014800    000000a0     csl6713.lib : csl_gpio.obj (.text:_GPIO_intPolarity)
                  000148a0    000000a0                 : csl_mcbsp.obj (.text:_MCBSP_close)
                  00014940    000000a0                 : csl_mcbsp.obj (.text:_MCBSP_config)
                  000149e0    000000a0                 : csl_irq.obj (.text:__IRQ_init)
                  00014a80    000000a0                 : csl_irq.obj (.text:_setMux)
                  00014b20    00000080     Corr.obj (.text)
                  00014ba0    00000080     rts6700.lib : cpp_init.obj (.text:___TI_cpp_init)
                  00014c20    00000080                 : boot.obj (.text:_c_int00)
                  00014ca0    00000080     dsk6713bsl.lib : dsk6713_aic23_closecodec.obj (.text)
                  00014d20    00000080                    : dsk6713_dip.obj (.text)
                  00014da0    00000080     enableInterrupts.obj (.text)
                  00014e20    00000060     csl6713.lib : csl_gpio.obj (.text:_GPIO_pinDirection)
                  00014e80    00000040                 : csl_gpio.obj (.text:_GPIO_pinEnable)
                  00014ec0    00000040                 : csl_gpio.obj (.text:_GPIO_pinRead)
                  00014f00    00000040                 : csl_gpio.obj (.text:_GPIO_pinWrite)
                  00014f40    00000040                 : csl_irq.obj (.text:_IRQ_enable)
                  00014f80    00000040                 : csl_irq.obj (.text:_IRQ_reset)
                  00014fc0    00000040     rts6700.lib : args_main.obj (.text:__args_main)
                  00015000    00000040     SPI_driver.obj (.text:retain)
                  00015040    00000020     Vectors_intr.obj (.text)
                  00015060    00000020     csl6713.lib : csl.obj (.text:_CSL6713_LIB_)
                  00015080    00000020                 : csl_irq.obj (.text:_IRQ_clear)
                  000150a0    00000020                 : csl_irq.obj (.text:_IRQ_globalDisable)
                  000150c0    00000020                 : csl_irq.obj (.text:_IRQ_globalEnable)
                  000150e0    00000020                 : csl_irq.obj (.text:_IRQ_nmiEnable)
                  00015100    00000020                 : csl_irq.obj (.text:_IRQ_set)
                  00015120    00000020                 : csl_irq.obj (.text:_IRQ_setVecs)
                  00015140    00000020                 : csl_mcbsp.obj (.text:_MCBSP_getXmtEventId)
                  00015160    00000020                 : csl_mcbsp.obj (.text:_MCBSP_read)
                  00015180    00000020                 : csl_mcbsp.obj (.text:_MCBSP_rrdy)
                  000151a0    00000020                 : csl_mcbsp.obj (.text:_MCBSP_write)
                  000151c0    00000020                 : csl_mcbsp.obj (.text:_MCBSP_xrdy)
                  000151e0    00000020     rts6700.lib : exit.obj (.text:_abort)
                  00015200    00000020     csl6713.lib : csl_irq.obj (.text)

.cinit     0    00015220    00002c5c     
                  00015220    0000282c     TraitementSignal.obj (.cinit)
                  00017a4c    00000004     --HOLE-- [fill = 0]
                  00017a50    0000012c     csl6713.lib : csl_irq.obj (.cinit)
                  00017b7c    00000004     --HOLE-- [fill = 0]
                  00017b80    0000009c     main.obj (.cinit)
                  00017c1c    00000004     --HOLE-- [fill = 0]
                  00017c20    00000058     C6713Helper_UdeS.obj (.cinit)
                  00017c78    00000054     csl6713.lib : csl_mcbsp.obj (.cinit)
                  00017ccc    00000004     --HOLE-- [fill = 0]
                  00017cd0    0000004c                 : csl_timer.obj (.cinit)
                  00017d1c    00000004     --HOLE-- [fill = 0]
                  00017d20    00000044     SPI_driver.obj (.cinit)
                  00017d64    00000004     --HOLE-- [fill = 0]
                  00017d68    00000044     csl6713.lib : csl_gpio.obj (.cinit)
                  00017dac    00000004     --HOLE-- [fill = 0]
                  00017db0    0000003c                 : csl.obj (.cinit)
                  00017dec    00000004     --HOLE-- [fill = 0]
                  00017df0    00000030     dsk6713bsl.lib : dsk6713_aic23_registers.obj (.cinit)
                  00017e20    0000002c     rts6700.lib : exit.obj (.cinit)
                  00017e4c    00000004     --HOLE-- [fill = 0]
                  00017e50    00000028     dsk6713bsl.lib : dsk6713_aic23_setfreq.obj (.cinit)
                  00017e78    00000004     --HOLE-- [fill = 0]

.stack     0    00017e80    00001000     UNINITIALIZED
                  00017e80    00000008     rts6700.lib : boot.obj (.stack)
                  00017e88    00000ff8     --HOLE--

.switch    0    00018e80    000000b8     
                  00018e80    0000005c     TraitementSignal.obj (.switch:_faireCorr)
                  00018edc    00000040     TraitementSignal.obj (.switch:_faireAction)
                  00018f1c    0000001c     TraitementSignal.obj (.switch:_Traitement)

.const     0    00018f38    000000a4     
                  00018f38    00000044     TraitementSignal.obj (.const:_$P$T0$4)
                  00018f7c    00000040     dsk6713bsl.lib : dsk6713_aic23_opencodec.obj (.const)
                  00018fbc    00000020                    : dsk6713.obj (.const)


GLOBAL SYMBOLS: SORTED ALPHABETICALLY BY Name 

address    name
--------   ----
00000220   $bss
00000220   .bss
0000eca0   .text
000151e0   C$$EXIT
0000eaf0   _AIC23CfgData
00013e04   _AIC23_Config
0000eac4   _AIC_data
0000eca0   _Acquisition
0000ec00   _AcquisitionEnCours
00010414   _CODEC_start
000104e0   _CODEC_stop
00015060   _CSL6713_LIB_
0000ec04   _CharIn
00014b20   _Corr_asm
00014760   _Corrx_asm
00014ca0   _DSK6713_AIC23_closeCodec
0000ec80   _DSK6713_AIC23_codeccontrolhandle
0000ec84   _DSK6713_AIC23_codecdatahandle
00013860   _DSK6713_AIC23_config
000122e0   _DSK6713_AIC23_openCodec
00014380   _DSK6713_AIC23_outGain
0001383c   _DSK6713_AIC23_rget
000137a0   _DSK6713_AIC23_rset
000146a0   _DSK6713_AIC23_setFreq
00013dc0   _DSK6713_Config
00014d28   _DSK6713_DIP_get
00014d20   _DSK6713_DIP_init
00013600   _DSK6713_LED_init
00013628   _DSK6713_LED_off
00013684   _DSK6713_LED_on
000136e0   _DSK6713_LED_toggle
00012274   _DSK6713_getVersion
00011eac   _DSK6713_init
000121c8   _DSK6713_rget
000121dc   _DSK6713_rset
0000ec8c   _DSK6713_version
000121f0   _DSK6713_wait
00012248   _DSK6713_waitusec
00012600   _DSPF_sp_bitrev_cplx
00011980   _DSPF_sp_cfftr2_dit
00014800   _GPIO_intPolarity
00014460   _GPIO_open
00014e20   _GPIO_pinDirection
00014e80   _GPIO_pinEnable
00014ec0   _GPIO_pinRead
00014f00   _GPIO_pinWrite
00014520   _GPIO_reset
00015080   _IRQ_clear
00014f40   _IRQ_enable
000150a0   _IRQ_globalDisable
000150c0   _IRQ_globalEnable
000130e0   _IRQ_map
000150e0   _IRQ_nmiEnable
00014f80   _IRQ_reset
00015100   _IRQ_set
00015120   _IRQ_setVecs
0000eb38   _MCBSP_SPI_Config
00010ef4   _MCBSP_SPI_init
000148a0   _MCBSP_close
00014940   _MCBSP_config
00015140   _MCBSP_getXmtEventId
00013ec0   _MCBSP_open
00015160   _MCBSP_read
00013460   _MCBSP_reset
00015180   _MCBSP_rrdy
00013fc0   _MCBSP_start
000151a0   _MCBSP_write
000151c0   _MCBSP_xrdy
0000eb34   _MySpiHandle
0000eb30   _My_GPIO
0000eb2c   _My_McBSP
0000e9ac   _NoEch
0000ebfc   _NoSignalEnr
0000e9b4   _ProccessingState
0000eb20   _Record
000029a4   _ResCorr
000110d4   _SPI_READ_DATA
00010fec   _SPI_WRITE_DATA
00010c08   _SPI_config
000029a0   _SeuilDetect
0000fbc4   _Smooth
0000ed80   _SweepGeneration
00000220   _SweepSamples
00013900   _TIMER_open
00013b80   _TIMER_reset
000029a8   _TabAcq
000089a8   _TabCorr0
00008da8   _TabCorr1
0000b1a8   _TabCorr10
0000b5a8   _TabCorr11
0000b9a8   _TabCorr12
0000bda8   _TabCorr13
0000c1a8   _TabCorr14
0000c5a8   _TabCorr15
000091a8   _TabCorr2
000095a8   _TabCorr3
000099a8   _TabCorr4
00009da8   _TabCorr5
0000a1a8   _TabCorr6
0000a5a8   _TabCorr7
0000a9a8   _TabCorr8
0000ada8   _TabCorr9
000069a8   _TabMoyenne
000079a8   _TabSmooth
00013e38   _Timer1_ConfigStart
00013e9c   _Timer1_ResetStart
0000ebe4   _Timer1sec
0000eb24   _Timer_Record
0000e9b0   _ToucheSimilaire
000101d8   _Traitement
0000eb1c   _UnDrapeau
00012ce0   __CSL_init
0000ec18   __GPIO_intTable
0000eab4   __IRQ_dispatchTable
0000e9f0   __IRQ_eventTable
00015200   __IRQ_hookFetchPacket
000149e0   __IRQ_init
0000ea74   __IRQ_intTable
0000eb8c   __MCBSP_hDev0
0000eb90   __MCBSP_hDev1
00018e80   __STACK_END
00001000   __STACK_SIZE
0000ec30   __TIMER_deviceTable
0000ec50   __TIMER_hBios
0000ec48   __TIMER_hDev0
0000ec4c   __TIMER_hDev1
00000001   __TI_args_main
00014ba0   ___TI_cpp_init
0000ec7c   ___TI_enable_exit_profile_output
ffffffff   ___TI_pprof_out_hndl
ffffffff   ___TI_prof_data_size
ffffffff   ___TI_prof_data_start
ffffffff   ___binit__
00000220   ___bss__
ffffffff   ___c_args__
00015220   ___cinit__
00000220   ___end__
00015220   ___etext__
ffffffff   ___pinit__
0000eca0   ___text__
00014fc0   __args_main
000140c0   __auto_init
00013ca0   __c6xabi_divi
00013a40   __c6xabi_strasgi
0000ec74   __cleanup_ptr
00013ca0   __divi
0000ec78   __dtors_ptr
0000ec2c   __hGpioDev0
00017e80   __stack
000141c0   __strasg
00013a40   __strasgi
000151e0   _abort
00012aa0   _bitrev_index
00014c20   _c_int00
00012f00   _c_int11
00013024   _c_int15
00015000   _c_int4
00010a80   _comm_intr
000103e0   _comm_poll
0000eac8   _config
000145e0   _copy_in
0000eb58   _cpt1
0000ebf8   _echActuel
00014da0   _enableInterrupts
000142a0   _exit
0000f700   _faireAction
0000ee38   _faireCorr
0000fe9c   _faireCorrelation
0000f998   _faireFFT
0000fac8   _faireMoyenne
0000ebe8   _fs
0000eb10   _hAIC23_handle
0000ec88   _hCodec
0000c9a8   _index
00011518   _initGPIO
0000fd80   _initTraitementSignal
000111ac   _init_ext_intr
000108f0   _input_left_sample
000109b8   _input_right_sample
000107ec   _input_sample
0000ebec   _inputsource
0000ebf0   _interrupt11Flag
0000ebf4   _interrupt15Flag
0000eb28   _interrupt4Flag
000113a0   _main
00012860   _memcpy
0000eb17   _message
0000eb18   _message_treated
0001062c   _output_left_sample
0001070c   _output_right_sample
00010510   _output_sample
0000e9b8   _resPrecedent
000118c8   _resetGPIO
0000eb16   _sample
0000eb14   _sample16
00011810   _toggleGPIO
000009a0   _twiddly
00000020   _vector1
00000140   _vector10
00000180   _vector12
000001a0   _vector13
00000040   _vector2
00000060   _vector3
000000a0   _vector5
000000c0   _vector6
000000e0   _vector7
00000100   _vector8
00000120   _vector9
00000000   _vectors
ffffffff   binit
00015220   cinit
00000220   end
00015220   etext
ffffffff   pinit


GLOBAL SYMBOLS: SORTED BY Symbol Address 

address    name
--------   ----
00000000   _vectors
00000001   __TI_args_main
00000020   _vector1
00000040   _vector2
00000060   _vector3
000000a0   _vector5
000000c0   _vector6
000000e0   _vector7
00000100   _vector8
00000120   _vector9
00000140   _vector10
00000180   _vector12
000001a0   _vector13
00000220   $bss
00000220   .bss
00000220   _SweepSamples
00000220   ___bss__
00000220   ___end__
00000220   end
000009a0   _twiddly
00001000   __STACK_SIZE
000029a0   _SeuilDetect
000029a4   _ResCorr
000029a8   _TabAcq
000069a8   _TabMoyenne
000079a8   _TabSmooth
000089a8   _TabCorr0
00008da8   _TabCorr1
000091a8   _TabCorr2
000095a8   _TabCorr3
000099a8   _TabCorr4
00009da8   _TabCorr5
0000a1a8   _TabCorr6
0000a5a8   _TabCorr7
0000a9a8   _TabCorr8
0000ada8   _TabCorr9
0000b1a8   _TabCorr10
0000b5a8   _TabCorr11
0000b9a8   _TabCorr12
0000bda8   _TabCorr13
0000c1a8   _TabCorr14
0000c5a8   _TabCorr15
0000c9a8   _index
0000e9ac   _NoEch
0000e9b0   _ToucheSimilaire
0000e9b4   _ProccessingState
0000e9b8   _resPrecedent
0000e9f0   __IRQ_eventTable
0000ea74   __IRQ_intTable
0000eab4   __IRQ_dispatchTable
0000eac4   _AIC_data
0000eac8   _config
0000eaf0   _AIC23CfgData
0000eb10   _hAIC23_handle
0000eb14   _sample16
0000eb16   _sample
0000eb17   _message
0000eb18   _message_treated
0000eb1c   _UnDrapeau
0000eb20   _Record
0000eb24   _Timer_Record
0000eb28   _interrupt4Flag
0000eb2c   _My_McBSP
0000eb30   _My_GPIO
0000eb34   _MySpiHandle
0000eb38   _MCBSP_SPI_Config
0000eb58   _cpt1
0000eb8c   __MCBSP_hDev0
0000eb90   __MCBSP_hDev1
0000ebe4   _Timer1sec
0000ebe8   _fs
0000ebec   _inputsource
0000ebf0   _interrupt11Flag
0000ebf4   _interrupt15Flag
0000ebf8   _echActuel
0000ebfc   _NoSignalEnr
0000ec00   _AcquisitionEnCours
0000ec04   _CharIn
0000ec18   __GPIO_intTable
0000ec2c   __hGpioDev0
0000ec30   __TIMER_deviceTable
0000ec48   __TIMER_hDev0
0000ec4c   __TIMER_hDev1
0000ec50   __TIMER_hBios
0000ec74   __cleanup_ptr
0000ec78   __dtors_ptr
0000ec7c   ___TI_enable_exit_profile_output
0000ec80   _DSK6713_AIC23_codeccontrolhandle
0000ec84   _DSK6713_AIC23_codecdatahandle
0000ec88   _hCodec
0000ec8c   _DSK6713_version
0000eca0   .text
0000eca0   _Acquisition
0000eca0   ___text__
0000ed80   _SweepGeneration
0000ee38   _faireCorr
0000f700   _faireAction
0000f998   _faireFFT
0000fac8   _faireMoyenne
0000fbc4   _Smooth
0000fd80   _initTraitementSignal
0000fe9c   _faireCorrelation
000101d8   _Traitement
000103e0   _comm_poll
00010414   _CODEC_start
000104e0   _CODEC_stop
00010510   _output_sample
0001062c   _output_left_sample
0001070c   _output_right_sample
000107ec   _input_sample
000108f0   _input_left_sample
000109b8   _input_right_sample
00010a80   _comm_intr
00010c08   _SPI_config
00010ef4   _MCBSP_SPI_init
00010fec   _SPI_WRITE_DATA
000110d4   _SPI_READ_DATA
000111ac   _init_ext_intr
000113a0   _main
00011518   _initGPIO
00011810   _toggleGPIO
000118c8   _resetGPIO
00011980   _DSPF_sp_cfftr2_dit
00011eac   _DSK6713_init
000121c8   _DSK6713_rget
000121dc   _DSK6713_rset
000121f0   _DSK6713_wait
00012248   _DSK6713_waitusec
00012274   _DSK6713_getVersion
000122e0   _DSK6713_AIC23_openCodec
00012600   _DSPF_sp_bitrev_cplx
00012860   _memcpy
00012aa0   _bitrev_index
00012ce0   __CSL_init
00012f00   _c_int11
00013024   _c_int15
000130e0   _IRQ_map
00013460   _MCBSP_reset
00013600   _DSK6713_LED_init
00013628   _DSK6713_LED_off
00013684   _DSK6713_LED_on
000136e0   _DSK6713_LED_toggle
000137a0   _DSK6713_AIC23_rset
0001383c   _DSK6713_AIC23_rget
00013860   _DSK6713_AIC23_config
00013900   _TIMER_open
00013a40   __c6xabi_strasgi
00013a40   __strasgi
00013b80   _TIMER_reset
00013ca0   __c6xabi_divi
00013ca0   __divi
00013dc0   _DSK6713_Config
00013e04   _AIC23_Config
00013e38   _Timer1_ConfigStart
00013e9c   _Timer1_ResetStart
00013ec0   _MCBSP_open
00013fc0   _MCBSP_start
000140c0   __auto_init
000141c0   __strasg
000142a0   _exit
00014380   _DSK6713_AIC23_outGain
00014460   _GPIO_open
00014520   _GPIO_reset
000145e0   _copy_in
000146a0   _DSK6713_AIC23_setFreq
00014760   _Corrx_asm
00014800   _GPIO_intPolarity
000148a0   _MCBSP_close
00014940   _MCBSP_config
000149e0   __IRQ_init
00014b20   _Corr_asm
00014ba0   ___TI_cpp_init
00014c20   _c_int00
00014ca0   _DSK6713_AIC23_closeCodec
00014d20   _DSK6713_DIP_init
00014d28   _DSK6713_DIP_get
00014da0   _enableInterrupts
00014e20   _GPIO_pinDirection
00014e80   _GPIO_pinEnable
00014ec0   _GPIO_pinRead
00014f00   _GPIO_pinWrite
00014f40   _IRQ_enable
00014f80   _IRQ_reset
00014fc0   __args_main
00015000   _c_int4
00015060   _CSL6713_LIB_
00015080   _IRQ_clear
000150a0   _IRQ_globalDisable
000150c0   _IRQ_globalEnable
000150e0   _IRQ_nmiEnable
00015100   _IRQ_set
00015120   _IRQ_setVecs
00015140   _MCBSP_getXmtEventId
00015160   _MCBSP_read
00015180   _MCBSP_rrdy
000151a0   _MCBSP_write
000151c0   _MCBSP_xrdy
000151e0   C$$EXIT
000151e0   _abort
00015200   __IRQ_hookFetchPacket
00015220   ___cinit__
00015220   ___etext__
00015220   cinit
00015220   etext
00017e80   __stack
00018e80   __STACK_END
ffffffff   ___TI_pprof_out_hndl
ffffffff   ___TI_prof_data_size
ffffffff   ___TI_prof_data_start
ffffffff   ___binit__
ffffffff   ___c_args__
ffffffff   ___pinit__
ffffffff   binit
ffffffff   pinit

[214 symbols]
