******************************************************************************
               TMS320C6x Linker PC v7.4.20                     
******************************************************************************
>> Linked Mon Apr 17 15:29:00 2017

OUTPUT FILE NAME:   <Projet_S5_P1v1.out>
ENTRY POINT SYMBOL: "_c_int00"  address: 000148a0


MEMORY CONFIGURATION

         name            origin    length      used     unused   attr    fill
----------------------  --------  ---------  --------  --------  ----  --------
  IVECS                 00000000   00000220  00000200  00000020  RWIX
  IRAM                  00000220   0002fde0  000189c0  00017420  RWIX
  SDRAM                 80000000   01000000  00000000  01000000  RWIX
  FLASH                 90000000   00020000  00000000  00020000  RWIX


SECTION ALLOCATION MAP

 output                                  attributes/
section   page    origin      length       input sections
--------  ----  ----------  ----------   ----------------
.vectors   0    00000000    00000200     
                  00000000    00000200     Vectors_intr.obj (.vectors)

.bss       0    00000220    00000000     UNINITIALIZED

.far       0    00000220    0000ea68     UNINITIALIZED
                  00000220    0000e7a0     TraitementSignal.obj (.far)
                  0000e9c0    000000f4     csl6713.lib : csl_irq.obj (.far)
                  0000eab4    00000058     C6713Helper_UdeS.obj (.far)
                  0000eb0c    00000048     SPI_driver.obj (.far)
                  0000eb54    00000038     csl6713.lib : csl_mcbsp.obj (.far)
                  0000eb8c    00000028                 : csl.obj (.far)
                  0000ebb4    00000028     dsk6713bsl.lib : dsk6713_aic23_registers.obj (.far)
                  0000ebdc    00000028     main.obj (.far)
                  0000ec04    00000024     csl6713.lib : csl_gpio.obj (.far)
                  0000ec28    00000024                 : csl_timer.obj (.far)
                  0000ec4c    00000020     dsk6713bsl.lib : dsk6713_aic23_setfreq.obj (.far)
                  0000ec6c    0000000c     rts6700.lib : exit.obj (.far)
                  0000ec78    00000008     dsk6713bsl.lib : dsk6713_aic23_opencodec.obj (.far)
                  0000ec80    00000004     Config.obj (.far)
                  0000ec84    00000002     dsk6713bsl.lib : dsk6713.obj (.far)
                  0000ec86    00000002                    : dsk6713_led.obj (.far)

.text      0    0000eca0    000061c0     
                  0000eca0    000017a0     TraitementSignal.obj (.text)
                  00010440    000007e0     C6713Helper_UdeS.obj (.text)
                  00010c20    000007e0     SPI_driver.obj (.text)
                  00011400    000004e0     dsp67x.lib : DSPF_sp_cfftr2_dit.obj (.text)
                  000118e0    00000480     dsk6713bsl.lib : dsk6713.obj (.text)
                  00011d60    00000320                    : dsk6713_aic23_opencodec.obj (.text)
                  00012080    00000260     dsp67x.lib : DSPF_sp_bitrev_cplx.obj (.text)
                  000122e0    00000240     rts6700.lib : memcpy62.obj (.text:_memcpy)
                  00012520    00000240     bitrev_index.obj (.text)
                  00012760    00000220     csl6713.lib : csl.obj (.text:__CSL_init)
                  00012980    00000200     main.obj (.text)
                  00012b80    000001e0     main.obj (.text:retain)
                  00012d60    000001c0     csl6713.lib : csl_irq.obj (.text:_IRQ_map)
                  00012f20    000001c0                 : csl_irq.obj (.text:_mux2Tables)
                  000130e0    000001a0                 : csl_mcbsp.obj (.text:_MCBSP_reset)
                  00013280    000001a0     dsk6713bsl.lib : dsk6713_led.obj (.text)
                  00013420    00000160                    : dsk6713_aic23_registers.obj (.text)
                  00013580    00000140     csl6713.lib : csl_timer.obj (.text:_TIMER_open)
                  000136c0    00000140     rts6700.lib : strasg.obj (.text:__strasgi)
                  00013800    00000120     csl6713.lib : csl_timer.obj (.text:_TIMER_reset)
                  00013920    00000120     rts6700.lib : divi.obj (.text:__divi)
                  00013a40    00000100     Config.obj (.text)
                  00013b40    00000100     csl6713.lib : csl_mcbsp.obj (.text:_MCBSP_open)
                  00013c40    00000100                 : csl_mcbsp.obj (.text:_MCBSP_start)
                  00013d40    00000100     rts6700.lib : autoinit.obj (.text:__auto_init)
                  00013e40    000000e0                 : strasg.obj (.text:__strasg)
                  00013f20    000000e0                 : exit.obj (.text:_exit)
                  00014000    000000e0     dsk6713bsl.lib : dsk6713_aic23_outgain.obj (.text)
                  000140e0    000000c0     csl6713.lib : csl_gpio.obj (.text:_GPIO_open)
                  000141a0    000000c0                 : csl_gpio.obj (.text:_GPIO_reset)
                  00014260    000000c0     rts6700.lib : cpy_tbl.obj (.text:_copy_in)
                  00014320    000000c0     dsk6713bsl.lib : dsk6713_aic23_setfreq.obj (.text)
                  000143e0    000000a0     CorrX.obj (.text)
                  00014480    000000a0     csl6713.lib : csl_gpio.obj (.text:_GPIO_intPolarity)
                  00014520    000000a0                 : csl_mcbsp.obj (.text:_MCBSP_close)
                  000145c0    000000a0                 : csl_mcbsp.obj (.text:_MCBSP_config)
                  00014660    000000a0                 : csl_irq.obj (.text:__IRQ_init)
                  00014700    000000a0                 : csl_irq.obj (.text:_setMux)
                  000147a0    00000080     Corr.obj (.text)
                  00014820    00000080     rts6700.lib : cpp_init.obj (.text:___TI_cpp_init)
                  000148a0    00000080                 : boot.obj (.text:_c_int00)
                  00014920    00000080     dsk6713bsl.lib : dsk6713_aic23_closecodec.obj (.text)
                  000149a0    00000080                    : dsk6713_dip.obj (.text)
                  00014a20    00000080     enableInterrupts.obj (.text)
                  00014aa0    00000060     csl6713.lib : csl_gpio.obj (.text:_GPIO_pinDirection)
                  00014b00    00000040                 : csl_gpio.obj (.text:_GPIO_pinEnable)
                  00014b40    00000040                 : csl_gpio.obj (.text:_GPIO_write)
                  00014b80    00000040                 : csl_irq.obj (.text:_IRQ_enable)
                  00014bc0    00000040                 : csl_irq.obj (.text:_IRQ_reset)
                  00014c00    00000040     rts6700.lib : args_main.obj (.text:__args_main)
                  00014c40    00000040     SPI_driver.obj (.text:retain)
                  00014c80    00000020     Vectors_intr.obj (.text)
                  00014ca0    00000020     csl6713.lib : csl.obj (.text:_CSL6713_LIB_)
                  00014cc0    00000020                 : csl_irq.obj (.text:_IRQ_clear)
                  00014ce0    00000020                 : csl_irq.obj (.text:_IRQ_globalDisable)
                  00014d00    00000020                 : csl_irq.obj (.text:_IRQ_globalEnable)
                  00014d20    00000020                 : csl_irq.obj (.text:_IRQ_nmiEnable)
                  00014d40    00000020                 : csl_irq.obj (.text:_IRQ_set)
                  00014d60    00000020                 : csl_irq.obj (.text:_IRQ_setVecs)
                  00014d80    00000020                 : csl_mcbsp.obj (.text:_MCBSP_getXmtEventId)
                  00014da0    00000020                 : csl_mcbsp.obj (.text:_MCBSP_read)
                  00014dc0    00000020                 : csl_mcbsp.obj (.text:_MCBSP_rrdy)
                  00014de0    00000020                 : csl_mcbsp.obj (.text:_MCBSP_write)
                  00014e00    00000020                 : csl_mcbsp.obj (.text:_MCBSP_xrdy)
                  00014e20    00000020     rts6700.lib : exit.obj (.text:_abort)
                  00014e40    00000020     csl6713.lib : csl_irq.obj (.text)

.cinit     0    00014e60    00002c3c     
                  00014e60    0000280c     TraitementSignal.obj (.cinit)
                  0001766c    00000004     --HOLE-- [fill = 0]
                  00017670    0000012c     csl6713.lib : csl_irq.obj (.cinit)
                  0001779c    00000004     --HOLE-- [fill = 0]
                  000177a0    0000009c     main.obj (.cinit)
                  0001783c    00000004     --HOLE-- [fill = 0]
                  00017840    00000058     C6713Helper_UdeS.obj (.cinit)
                  00017898    00000054     csl6713.lib : csl_mcbsp.obj (.cinit)
                  000178ec    00000004     --HOLE-- [fill = 0]
                  000178f0    0000004c                 : csl_timer.obj (.cinit)
                  0001793c    00000004     --HOLE-- [fill = 0]
                  00017940    00000044     SPI_driver.obj (.cinit)
                  00017984    00000004     --HOLE-- [fill = 0]
                  00017988    00000044     csl6713.lib : csl_gpio.obj (.cinit)
                  000179cc    00000004     --HOLE-- [fill = 0]
                  000179d0    0000003c                 : csl.obj (.cinit)
                  00017a0c    00000004     --HOLE-- [fill = 0]
                  00017a10    00000030     dsk6713bsl.lib : dsk6713_aic23_registers.obj (.cinit)
                  00017a40    0000002c     rts6700.lib : exit.obj (.cinit)
                  00017a6c    00000004     --HOLE-- [fill = 0]
                  00017a70    00000028     dsk6713bsl.lib : dsk6713_aic23_setfreq.obj (.cinit)
                  00017a98    00000004     --HOLE-- [fill = 0]

.stack     0    00017aa0    00001000     UNINITIALIZED
                  00017aa0    00000008     rts6700.lib : boot.obj (.stack)
                  00017aa8    00000ff8     --HOLE--

.switch    0    00018aa0    000000b8     
                  00018aa0    0000005c     TraitementSignal.obj (.switch:_faireCorr)
                  00018afc    00000040     TraitementSignal.obj (.switch:_faireAction)
                  00018b3c    0000001c     TraitementSignal.obj (.switch:_Traitement)

.const     0    00018b58    000000a4     
                  00018b58    00000044     TraitementSignal.obj (.const:_$P$T0$3)
                  00018b9c    00000040     dsk6713bsl.lib : dsk6713_aic23_opencodec.obj (.const)
                  00018bdc    00000020                    : dsk6713.obj (.const)


GLOBAL SYMBOLS: SORTED ALPHABETICALLY BY Name 

address    name
--------   ----
00000220   $bss
00000220   .bss
0000eca0   .text
00014e20   C$$EXIT
0000eae8   _AIC23CfgData
00013a84   _AIC23_Config
0000eabc   _AIC_data
0000eca0   _Acquisition
0000ebf8   _AcquisitionEnCours
00010474   _CODEC_start
00010540   _CODEC_stop
00014ca0   _CSL6713_LIB_
0000ebfc   _CharIn
000147a0   _Corr_asm
000143e0   _Corrx_asm
00014920   _DSK6713_AIC23_closeCodec
0000ec78   _DSK6713_AIC23_codeccontrolhandle
0000ec7c   _DSK6713_AIC23_codecdatahandle
000134e0   _DSK6713_AIC23_config
00011d60   _DSK6713_AIC23_openCodec
00014000   _DSK6713_AIC23_outGain
000134bc   _DSK6713_AIC23_rget
00013420   _DSK6713_AIC23_rset
00014320   _DSK6713_AIC23_setFreq
00013a40   _DSK6713_Config
000149a8   _DSK6713_DIP_get
000149a0   _DSK6713_DIP_init
00013280   _DSK6713_LED_init
000132a8   _DSK6713_LED_off
00013304   _DSK6713_LED_on
00013360   _DSK6713_LED_toggle
00011cf4   _DSK6713_getVersion
0001192c   _DSK6713_init
00011c48   _DSK6713_rget
00011c5c   _DSK6713_rset
0000ec84   _DSK6713_version
00011c70   _DSK6713_wait
00011cc8   _DSK6713_waitusec
00012080   _DSPF_sp_bitrev_cplx
00011400   _DSPF_sp_cfftr2_dit
00014480   _GPIO_intPolarity
000140e0   _GPIO_open
00014aa0   _GPIO_pinDirection
00014b00   _GPIO_pinEnable
000141a0   _GPIO_reset
00014b40   _GPIO_write
00014cc0   _IRQ_clear
00014b80   _IRQ_enable
00014ce0   _IRQ_globalDisable
00014d00   _IRQ_globalEnable
00012d60   _IRQ_map
00014d20   _IRQ_nmiEnable
00014bc0   _IRQ_reset
00014d40   _IRQ_set
00014d60   _IRQ_setVecs
0000eb30   _MCBSP_SPI_Config
00010f54   _MCBSP_SPI_init
00014520   _MCBSP_close
000145c0   _MCBSP_config
00014d80   _MCBSP_getXmtEventId
00013b40   _MCBSP_open
00014da0   _MCBSP_read
000130e0   _MCBSP_reset
00014dc0   _MCBSP_rrdy
00013c40   _MCBSP_start
00014de0   _MCBSP_write
00014e00   _MCBSP_xrdy
0000eb2c   _MySpiHandle
0000eb28   _My_GPIO
0000eb24   _My_McBSP
0000e9ac   _NoEch
0000ebf4   _NoSignalEnr
0000e9b0   _ProccessingState
0000eb18   _Record
000029a4   _ResCorr
00011134   _SPI_READ_DATA
0001104c   _SPI_WRITE_DATA
00010c68   _SPI_config
000029a0   _SeuilDetect
0000fa84   _Smooth
0000ed80   _SweepGeneration
00000220   _SweepSamples
00013580   _TIMER_open
00013800   _TIMER_reset
000029a8   _TabAcq
000089a8   _TabCorr0
00008da8   _TabCorr1
0000b1a8   _TabCorr10
0000b5a8   _TabCorr11
0000b9a8   _TabCorr12
0000bda8   _TabCorr13
0000c1a8   _TabCorr14
0000c5a8   _TabCorr15
000091a8   _TabCorr2
000095a8   _TabCorr3
000099a8   _TabCorr4
00009da8   _TabCorr5
0000a1a8   _TabCorr6
0000a5a8   _TabCorr7
0000a9a8   _TabCorr8
0000ada8   _TabCorr9
000069a8   _TabMoyenne
000079a8   _TabSmooth
00013ab8   _Timer1_ConfigStart
00013b1c   _Timer1_ResetStart
0000ebdc   _Timer1sec
0000eb1c   _Timer_Record
00010230   _Traitement
0000eb14   _UnDrapeau
00012760   __CSL_init
0000ec10   __GPIO_intTable
0000eaac   __IRQ_dispatchTable
0000e9e8   __IRQ_eventTable
00014e40   __IRQ_hookFetchPacket
00014660   __IRQ_init
0000ea6c   __IRQ_intTable
0000eb84   __MCBSP_hDev0
0000eb88   __MCBSP_hDev1
00018aa0   __STACK_END
00001000   __STACK_SIZE
0000ec28   __TIMER_deviceTable
0000ec48   __TIMER_hBios
0000ec40   __TIMER_hDev0
0000ec44   __TIMER_hDev1
00000001   __TI_args_main
00014820   ___TI_cpp_init
0000ec74   ___TI_enable_exit_profile_output
ffffffff   ___TI_pprof_out_hndl
ffffffff   ___TI_prof_data_size
ffffffff   ___TI_prof_data_start
ffffffff   ___binit__
00000220   ___bss__
ffffffff   ___c_args__
00014e60   ___cinit__
00000220   ___end__
00014e60   ___etext__
ffffffff   ___pinit__
0000eca0   ___text__
00014c00   __args_main
00013d40   __auto_init
00013920   __c6xabi_divi
000136c0   __c6xabi_strasgi
0000ec6c   __cleanup_ptr
00013920   __divi
0000ec70   __dtors_ptr
0000ec24   __hGpioDev0
00017aa0   __stack
00013e40   __strasg
000136c0   __strasgi
00014e20   _abort
00012520   _bitrev_index
000148a0   _c_int00
00012b80   _c_int11
00012ca4   _c_int15
00014c40   _c_int4
00010ae0   _comm_intr
00010440   _comm_poll
0000eac0   _config
00014260   _copy_in
0000eb50   _cpt1
0000ebf0   _echActuel
00014a20   _enableInterrupts
00013f20   _exit
0000f624   _faireAction
0000ee38   _faireCorr
0000fe04   _faireCorrelation
0000f86c   _faireFFT
0000f988   _faireMoyenne
0000ebe0   _fs
0000eb08   _hAIC23_handle
0000ec80   _hCodec
0000c9a8   _index
00012ae8   _initGPIO
0000fc40   _initTraitementSignal
0001120c   _init_ext_intr
00010950   _input_left_sample
00010a18   _input_right_sample
0001084c   _input_sample
0000ebe4   _inputsource
0000ebe8   _interrupt11Flag
0000ebec   _interrupt15Flag
0000eb20   _interrupt4Flag
00012980   _main
000122e0   _memcpy
0000eb0f   _message
0000eb10   _message_treated
0001068c   _output_left_sample
0001076c   _output_right_sample
00010570   _output_sample
0000e9b4   _resPrecedent
0000eb0e   _sample
0000eb0c   _sample16
000009a0   _twiddly
00000020   _vector1
00000140   _vector10
00000180   _vector12
000001a0   _vector13
00000040   _vector2
00000060   _vector3
000000a0   _vector5
000000c0   _vector6
000000e0   _vector7
00000100   _vector8
00000120   _vector9
00000000   _vectors
ffffffff   binit
00014e60   cinit
00000220   end
00014e60   etext
ffffffff   pinit


GLOBAL SYMBOLS: SORTED BY Symbol Address 

address    name
--------   ----
00000000   _vectors
00000001   __TI_args_main
00000020   _vector1
00000040   _vector2
00000060   _vector3
000000a0   _vector5
000000c0   _vector6
000000e0   _vector7
00000100   _vector8
00000120   _vector9
00000140   _vector10
00000180   _vector12
000001a0   _vector13
00000220   $bss
00000220   .bss
00000220   _SweepSamples
00000220   ___bss__
00000220   ___end__
00000220   end
000009a0   _twiddly
00001000   __STACK_SIZE
000029a0   _SeuilDetect
000029a4   _ResCorr
000029a8   _TabAcq
000069a8   _TabMoyenne
000079a8   _TabSmooth
000089a8   _TabCorr0
00008da8   _TabCorr1
000091a8   _TabCorr2
000095a8   _TabCorr3
000099a8   _TabCorr4
00009da8   _TabCorr5
0000a1a8   _TabCorr6
0000a5a8   _TabCorr7
0000a9a8   _TabCorr8
0000ada8   _TabCorr9
0000b1a8   _TabCorr10
0000b5a8   _TabCorr11
0000b9a8   _TabCorr12
0000bda8   _TabCorr13
0000c1a8   _TabCorr14
0000c5a8   _TabCorr15
0000c9a8   _index
0000e9ac   _NoEch
0000e9b0   _ProccessingState
0000e9b4   _resPrecedent
0000e9e8   __IRQ_eventTable
0000ea6c   __IRQ_intTable
0000eaac   __IRQ_dispatchTable
0000eabc   _AIC_data
0000eac0   _config
0000eae8   _AIC23CfgData
0000eb08   _hAIC23_handle
0000eb0c   _sample16
0000eb0e   _sample
0000eb0f   _message
0000eb10   _message_treated
0000eb14   _UnDrapeau
0000eb18   _Record
0000eb1c   _Timer_Record
0000eb20   _interrupt4Flag
0000eb24   _My_McBSP
0000eb28   _My_GPIO
0000eb2c   _MySpiHandle
0000eb30   _MCBSP_SPI_Config
0000eb50   _cpt1
0000eb84   __MCBSP_hDev0
0000eb88   __MCBSP_hDev1
0000ebdc   _Timer1sec
0000ebe0   _fs
0000ebe4   _inputsource
0000ebe8   _interrupt11Flag
0000ebec   _interrupt15Flag
0000ebf0   _echActuel
0000ebf4   _NoSignalEnr
0000ebf8   _AcquisitionEnCours
0000ebfc   _CharIn
0000ec10   __GPIO_intTable
0000ec24   __hGpioDev0
0000ec28   __TIMER_deviceTable
0000ec40   __TIMER_hDev0
0000ec44   __TIMER_hDev1
0000ec48   __TIMER_hBios
0000ec6c   __cleanup_ptr
0000ec70   __dtors_ptr
0000ec74   ___TI_enable_exit_profile_output
0000ec78   _DSK6713_AIC23_codeccontrolhandle
0000ec7c   _DSK6713_AIC23_codecdatahandle
0000ec80   _hCodec
0000ec84   _DSK6713_version
0000eca0   .text
0000eca0   _Acquisition
0000eca0   ___text__
0000ed80   _SweepGeneration
0000ee38   _faireCorr
0000f624   _faireAction
0000f86c   _faireFFT
0000f988   _faireMoyenne
0000fa84   _Smooth
0000fc40   _initTraitementSignal
0000fe04   _faireCorrelation
00010230   _Traitement
00010440   _comm_poll
00010474   _CODEC_start
00010540   _CODEC_stop
00010570   _output_sample
0001068c   _output_left_sample
0001076c   _output_right_sample
0001084c   _input_sample
00010950   _input_left_sample
00010a18   _input_right_sample
00010ae0   _comm_intr
00010c68   _SPI_config
00010f54   _MCBSP_SPI_init
0001104c   _SPI_WRITE_DATA
00011134   _SPI_READ_DATA
0001120c   _init_ext_intr
00011400   _DSPF_sp_cfftr2_dit
0001192c   _DSK6713_init
00011c48   _DSK6713_rget
00011c5c   _DSK6713_rset
00011c70   _DSK6713_wait
00011cc8   _DSK6713_waitusec
00011cf4   _DSK6713_getVersion
00011d60   _DSK6713_AIC23_openCodec
00012080   _DSPF_sp_bitrev_cplx
000122e0   _memcpy
00012520   _bitrev_index
00012760   __CSL_init
00012980   _main
00012ae8   _initGPIO
00012b80   _c_int11
00012ca4   _c_int15
00012d60   _IRQ_map
000130e0   _MCBSP_reset
00013280   _DSK6713_LED_init
000132a8   _DSK6713_LED_off
00013304   _DSK6713_LED_on
00013360   _DSK6713_LED_toggle
00013420   _DSK6713_AIC23_rset
000134bc   _DSK6713_AIC23_rget
000134e0   _DSK6713_AIC23_config
00013580   _TIMER_open
000136c0   __c6xabi_strasgi
000136c0   __strasgi
00013800   _TIMER_reset
00013920   __c6xabi_divi
00013920   __divi
00013a40   _DSK6713_Config
00013a84   _AIC23_Config
00013ab8   _Timer1_ConfigStart
00013b1c   _Timer1_ResetStart
00013b40   _MCBSP_open
00013c40   _MCBSP_start
00013d40   __auto_init
00013e40   __strasg
00013f20   _exit
00014000   _DSK6713_AIC23_outGain
000140e0   _GPIO_open
000141a0   _GPIO_reset
00014260   _copy_in
00014320   _DSK6713_AIC23_setFreq
000143e0   _Corrx_asm
00014480   _GPIO_intPolarity
00014520   _MCBSP_close
000145c0   _MCBSP_config
00014660   __IRQ_init
000147a0   _Corr_asm
00014820   ___TI_cpp_init
000148a0   _c_int00
00014920   _DSK6713_AIC23_closeCodec
000149a0   _DSK6713_DIP_init
000149a8   _DSK6713_DIP_get
00014a20   _enableInterrupts
00014aa0   _GPIO_pinDirection
00014b00   _GPIO_pinEnable
00014b40   _GPIO_write
00014b80   _IRQ_enable
00014bc0   _IRQ_reset
00014c00   __args_main
00014c40   _c_int4
00014ca0   _CSL6713_LIB_
00014cc0   _IRQ_clear
00014ce0   _IRQ_globalDisable
00014d00   _IRQ_globalEnable
00014d20   _IRQ_nmiEnable
00014d40   _IRQ_set
00014d60   _IRQ_setVecs
00014d80   _MCBSP_getXmtEventId
00014da0   _MCBSP_read
00014dc0   _MCBSP_rrdy
00014de0   _MCBSP_write
00014e00   _MCBSP_xrdy
00014e20   C$$EXIT
00014e20   _abort
00014e40   __IRQ_hookFetchPacket
00014e60   ___cinit__
00014e60   ___etext__
00014e60   cinit
00014e60   etext
00017aa0   __stack
00018aa0   __STACK_END
ffffffff   ___TI_pprof_out_hndl
ffffffff   ___TI_prof_data_size
ffffffff   ___TI_prof_data_start
ffffffff   ___binit__
ffffffff   ___c_args__
ffffffff   ___pinit__
ffffffff   binit
ffffffff   pinit

[210 symbols]
