******************************************************************************
               TMS320C6x Linker PC v7.4.20                     
******************************************************************************
>> Linked Sat Apr 15 12:32:46 2017

OUTPUT FILE NAME:   <Projet_S5_P1v1.out>
ENTRY POINT SYMBOL: "_c_int00"  address: 00014660


MEMORY CONFIGURATION

         name            origin    length      used     unused   attr    fill
----------------------  --------  ---------  --------  --------  ----  --------
  IVECS                 00000000   00000220  00000200  00000020  RWIX
  IRAM                  00000220   0002fde0  0001868e  00017752  RWIX
  SDRAM                 80000000   01000000  00000000  01000000  RWIX
  FLASH                 90000000   00020000  00000000  00020000  RWIX


SECTION ALLOCATION MAP

 output                                  attributes/
section   page    origin      length       input sections
--------  ----  ----------  ----------   ----------------
.vectors   0    00000000    00000200     
                  00000000    00000200     Vectors_intr.obj (.vectors)

.bss       0    00000220    00000000     UNINITIALIZED

.far       0    00000220    0000ea66     UNINITIALIZED
                  00000220    0000e79a     TraitementSignal.obj (.far)
                  0000e9ba    00000002     dsk6713bsl.lib : dsk6713.obj (.far)
                  0000e9bc    000000f4     csl6713.lib : csl_irq.obj (.far)
                  0000eab0    00000058     C6713Helper_UdeS.obj (.far)
                  0000eb08    00000048     SPI_driver.obj (.far)
                  0000eb50    00000038     csl6713.lib : csl_mcbsp.obj (.far)
                  0000eb88    0000002c     main.obj (.far)
                  0000ebb4    00000028     csl6713.lib : csl.obj (.far)
                  0000ebdc    00000028     dsk6713bsl.lib : dsk6713_aic23_registers.obj (.far)
                  0000ec04    00000024     csl6713.lib : csl_gpio.obj (.far)
                  0000ec28    00000024                 : csl_timer.obj (.far)
                  0000ec4c    00000020     dsk6713bsl.lib : dsk6713_aic23_setfreq.obj (.far)
                  0000ec6c    0000000c     rts6700.lib : exit.obj (.far)
                  0000ec78    00000008     dsk6713bsl.lib : dsk6713_aic23_opencodec.obj (.far)
                  0000ec80    00000004     Config.obj (.far)
                  0000ec84    00000002     dsk6713bsl.lib : dsk6713_led.obj (.far)

.text      0    0000eca0    00005f00     
                  0000eca0    00001400     TraitementSignal.obj (.text)
                  000100a0    000007e0     C6713Helper_UdeS.obj (.text)
                  00010880    000007e0     SPI_driver.obj (.text)
                  00011060    000004e0     dsp67x.lib : DSPF_sp_cfftr2_dit.obj (.text)
                  00011540    00000480     dsk6713bsl.lib : dsk6713.obj (.text)
                  000119c0    00000320                    : dsk6713_aic23_opencodec.obj (.text)
                  00011ce0    00000260     dsp67x.lib : DSPF_sp_bitrev_cplx.obj (.text)
                  00011f40    00000240     rts6700.lib : memcpy62.obj (.text:_memcpy)
                  00012180    00000240     bitrev_index.obj (.text)
                  000123c0    00000220     csl6713.lib : csl.obj (.text:__CSL_init)
                  000125e0    00000200     main.obj (.text)
                  000127e0    000001c0     csl6713.lib : csl_irq.obj (.text:_IRQ_map)
                  000129a0    000001c0                 : csl_irq.obj (.text:_mux2Tables)
                  00012b60    000001a0                 : csl_mcbsp.obj (.text:_MCBSP_reset)
                  00012d00    000001a0     dsk6713bsl.lib : dsk6713_led.obj (.text)
                  00012ea0    00000160                    : dsk6713_aic23_registers.obj (.text)
                  00013000    00000140     csl6713.lib : csl_timer.obj (.text:_TIMER_open)
                  00013140    00000140     rts6700.lib : strasg.obj (.text:__strasgi)
                  00013280    00000140     SPI_driver.obj (.text:retain)
                  000133c0    00000120     csl6713.lib : csl_timer.obj (.text:_TIMER_reset)
                  000134e0    00000120     rts6700.lib : divi.obj (.text:__divi)
                  00013600    00000120                 : memset.obj (.text:_memset)
                  00013720    00000100     Config.obj (.text)
                  00013820    00000100     csl6713.lib : csl_mcbsp.obj (.text:_MCBSP_open)
                  00013920    00000100                 : csl_mcbsp.obj (.text:_MCBSP_start)
                  00013a20    00000100     rts6700.lib : autoinit.obj (.text:__auto_init)
                  00013b20    000000e0                 : strasg.obj (.text:__strasg)
                  00013c00    000000e0                 : exit.obj (.text:_exit)
                  00013ce0    000000e0     dsk6713bsl.lib : dsk6713_aic23_outgain.obj (.text)
                  00013dc0    000000e0     main.obj (.text:retain)
                  00013ea0    000000c0     csl6713.lib : csl_gpio.obj (.text:_GPIO_open)
                  00013f60    000000c0                 : csl_gpio.obj (.text:_GPIO_reset)
                  00014020    000000c0     rts6700.lib : cpy_tbl.obj (.text:_copy_in)
                  000140e0    000000c0     dsk6713bsl.lib : dsk6713_aic23_setfreq.obj (.text)
                  000141a0    000000a0     CorrX.obj (.text)
                  00014240    000000a0     csl6713.lib : csl_gpio.obj (.text:_GPIO_intPolarity)
                  000142e0    000000a0                 : csl_mcbsp.obj (.text:_MCBSP_close)
                  00014380    000000a0                 : csl_mcbsp.obj (.text:_MCBSP_config)
                  00014420    000000a0                 : csl_irq.obj (.text:__IRQ_init)
                  000144c0    000000a0                 : csl_irq.obj (.text:_setMux)
                  00014560    00000080     Corr.obj (.text)
                  000145e0    00000080     rts6700.lib : cpp_init.obj (.text:___TI_cpp_init)
                  00014660    00000080                 : boot.obj (.text:_c_int00)
                  000146e0    00000080     dsk6713bsl.lib : dsk6713_aic23_closecodec.obj (.text)
                  00014760    00000080                    : dsk6713_dip.obj (.text)
                  000147e0    00000080     enableInterrupts.obj (.text)
                  00014860    00000060     csl6713.lib : csl_gpio.obj (.text:_GPIO_pinDirection)
                  000148c0    00000040                 : csl_gpio.obj (.text:_GPIO_pinEnable)
                  00014900    00000040                 : csl_irq.obj (.text:_IRQ_enable)
                  00014940    00000040                 : csl_irq.obj (.text:_IRQ_reset)
                  00014980    00000040     rts6700.lib : args_main.obj (.text:__args_main)
                  000149c0    00000020     Vectors_intr.obj (.text)
                  000149e0    00000020     csl6713.lib : csl.obj (.text:_CSL6713_LIB_)
                  00014a00    00000020                 : csl_irq.obj (.text:_IRQ_clear)
                  00014a20    00000020                 : csl_irq.obj (.text:_IRQ_globalDisable)
                  00014a40    00000020                 : csl_irq.obj (.text:_IRQ_globalEnable)
                  00014a60    00000020                 : csl_irq.obj (.text:_IRQ_nmiEnable)
                  00014a80    00000020                 : csl_irq.obj (.text:_IRQ_set)
                  00014aa0    00000020                 : csl_irq.obj (.text:_IRQ_setVecs)
                  00014ac0    00000020                 : csl_mcbsp.obj (.text:_MCBSP_getXmtEventId)
                  00014ae0    00000020                 : csl_mcbsp.obj (.text:_MCBSP_read)
                  00014b00    00000020                 : csl_mcbsp.obj (.text:_MCBSP_rrdy)
                  00014b20    00000020                 : csl_mcbsp.obj (.text:_MCBSP_write)
                  00014b40    00000020                 : csl_mcbsp.obj (.text:_MCBSP_xrdy)
                  00014b60    00000020     rts6700.lib : exit.obj (.text:_abort)
                  00014b80    00000020     csl6713.lib : csl_irq.obj (.text)

.cinit     0    00014ba0    00002c2c     
                  00014ba0    000027ec     TraitementSignal.obj (.cinit)
                  0001738c    00000004     --HOLE-- [fill = 0]
                  00017390    0000012c     csl6713.lib : csl_irq.obj (.cinit)
                  000174bc    00000004     --HOLE-- [fill = 0]
                  000174c0    000000ac     main.obj (.cinit)
                  0001756c    00000004     --HOLE-- [fill = 0]
                  00017570    00000058     C6713Helper_UdeS.obj (.cinit)
                  000175c8    00000054     csl6713.lib : csl_mcbsp.obj (.cinit)
                  0001761c    00000004     --HOLE-- [fill = 0]
                  00017620    0000004c                 : csl_timer.obj (.cinit)
                  0001766c    00000004     --HOLE-- [fill = 0]
                  00017670    00000044     SPI_driver.obj (.cinit)
                  000176b4    00000004     --HOLE-- [fill = 0]
                  000176b8    00000044     csl6713.lib : csl_gpio.obj (.cinit)
                  000176fc    00000004     --HOLE-- [fill = 0]
                  00017700    0000003c                 : csl.obj (.cinit)
                  0001773c    00000004     --HOLE-- [fill = 0]
                  00017740    00000030     dsk6713bsl.lib : dsk6713_aic23_registers.obj (.cinit)
                  00017770    0000002c     rts6700.lib : exit.obj (.cinit)
                  0001779c    00000004     --HOLE-- [fill = 0]
                  000177a0    00000028     dsk6713bsl.lib : dsk6713_aic23_setfreq.obj (.cinit)
                  000177c8    00000004     --HOLE-- [fill = 0]

.stack     0    000177d0    00001000     UNINITIALIZED
                  000177d0    00000008     rts6700.lib : boot.obj (.stack)
                  000177d8    00000ff8     --HOLE--

.const     0    000187d0    000000a0     
                  000187d0    00000040     dsk6713bsl.lib : dsk6713_aic23_opencodec.obj (.const)
                  00018810    00000020     main.obj (.const:_$P$T0$1)
                  00018830    00000020     main.obj (.const:_$P$T1$2)
                  00018850    00000020     dsk6713bsl.lib : dsk6713.obj (.const)

.switch    0    00018870    0000005c     
                  00018870    0000005c     TraitementSignal.obj (.switch:_Traitement2)


GLOBAL SYMBOLS: SORTED ALPHABETICALLY BY Name 

address    name
--------   ----
00000220   $bss
00000220   .bss
0000eca0   .text
00014b60   C$$EXIT
0000eae4   _AIC23CfgData
00013764   _AIC23_Config
0000eab8   _AIC_data
0000eca0   _Acquisition
0000eba0   _AcquisitionEnCours
000100d4   _CODEC_start
000101a0   _CODEC_stop
000149e0   _CSL6713_LIB_
0000eba4   _CharIn
00014560   _Corr_asm
000141a0   _Corrx_asm
000146e0   _DSK6713_AIC23_closeCodec
0000ec78   _DSK6713_AIC23_codeccontrolhandle
0000ec7c   _DSK6713_AIC23_codecdatahandle
00012f60   _DSK6713_AIC23_config
000119c0   _DSK6713_AIC23_openCodec
00013ce0   _DSK6713_AIC23_outGain
00012f3c   _DSK6713_AIC23_rget
00012ea0   _DSK6713_AIC23_rset
000140e0   _DSK6713_AIC23_setFreq
00013720   _DSK6713_Config
00014768   _DSK6713_DIP_get
00014760   _DSK6713_DIP_init
00012d00   _DSK6713_LED_init
00012d28   _DSK6713_LED_off
00012d84   _DSK6713_LED_on
00012de0   _DSK6713_LED_toggle
00011954   _DSK6713_getVersion
0001158c   _DSK6713_init
000118a8   _DSK6713_rget
000118bc   _DSK6713_rset
0000e9ba   _DSK6713_version
000118d0   _DSK6713_wait
00011928   _DSK6713_waitusec
00011ce0   _DSPF_sp_bitrev_cplx
00011060   _DSPF_sp_cfftr2_dit
00012724   _Demo_Corr
00014240   _GPIO_intPolarity
00013ea0   _GPIO_open
00014860   _GPIO_pinDirection
000148c0   _GPIO_pinEnable
00013f60   _GPIO_reset
00014a00   _IRQ_clear
00014900   _IRQ_enable
00014a20   _IRQ_globalDisable
00014a40   _IRQ_globalEnable
000127e0   _IRQ_map
00014a60   _IRQ_nmiEnable
00014940   _IRQ_reset
00014a80   _IRQ_set
00014aa0   _IRQ_setVecs
0000eb2c   _MCBSP_SPI_Config
00010ba4   _MCBSP_SPI_init
000142e0   _MCBSP_close
00014380   _MCBSP_config
00014ac0   _MCBSP_getXmtEventId
00013820   _MCBSP_open
00014ae0   _MCBSP_read
00012b60   _MCBSP_reset
00014b00   _MCBSP_rrdy
00013920   _MCBSP_start
00014b20   _MCBSP_write
00014b40   _MCBSP_xrdy
0000eb28   _MySpiHandle
0000eb24   _My_GPIO
0000eb20   _My_McBSP
0000e9ac   _NoEch
0000eb9c   _NoSignalEnr
0000eb14   _Record
000029a4   _ResCorr
00010d84   _SPI_READ_DATA
00010ca0   _SPI_WRITE_DATA
000108c8   _SPI_config
000029a0   _SeuilDetect
0000f984   _Smooth
0000ed98   _SweepGeneration
00000220   _SweepSamples
00013000   _TIMER_open
000133c0   _TIMER_reset
000029a8   _TabAcq
000089a8   _TabCorr0
00008da8   _TabCorr1
0000b1a8   _TabCorr10
0000b5a8   _TabCorr11
0000b9a8   _TabCorr12
0000bda8   _TabCorr13
0000c1a8   _TabCorr14
0000c5a8   _TabCorr15
000091a8   _TabCorr2
000095a8   _TabCorr3
000099a8   _TabCorr4
00009da8   _TabCorr5
0000a1a8   _TabCorr6
0000a5a8   _TabCorr7
0000a9a8   _TabCorr8
0000ada8   _TabCorr9
000069a8   _TabMoyenne
000079a8   _TabSmooth
00013798   _Timer1_ConfigStart
000137e4   _Timer1_ResetStart
0000eb88   _Timer1sec
0000eb18   _Timer_Record
0000ee94   _Traitement1
0000ef24   _Traitement2
0000eb10   _UnDrapeau
000123c0   __CSL_init
0000ec10   __GPIO_intTable
0000eaa8   __IRQ_dispatchTable
0000e9e4   __IRQ_eventTable
00014b80   __IRQ_hookFetchPacket
00014420   __IRQ_init
0000ea68   __IRQ_intTable
0000eb80   __MCBSP_hDev0
0000eb84   __MCBSP_hDev1
000187d0   __STACK_END
00001000   __STACK_SIZE
0000ec28   __TIMER_deviceTable
0000ec48   __TIMER_hBios
0000ec40   __TIMER_hDev0
0000ec44   __TIMER_hDev1
00000001   __TI_args_main
000145e0   ___TI_cpp_init
0000ec74   ___TI_enable_exit_profile_output
ffffffff   ___TI_pprof_out_hndl
ffffffff   ___TI_prof_data_size
ffffffff   ___TI_prof_data_start
ffffffff   ___binit__
00000220   ___bss__
ffffffff   ___c_args__
00014ba0   ___cinit__
00000220   ___end__
00014ba0   ___etext__
ffffffff   ___pinit__
0000eca0   ___text__
00014980   __args_main
00013a20   __auto_init
000134e0   __c6xabi_divi
00013140   __c6xabi_strasgi
0000ec6c   __cleanup_ptr
000134e0   __divi
0000ec70   __dtors_ptr
0000ec24   __hGpioDev0
000177d0   __stack
00013b20   __strasg
00013140   __strasgi
00014b60   _abort
00012180   _bitrev_index
00014660   _c_int00
00013dc0   _c_int11
00013e50   _c_int15
00013280   _c_int4
00010740   _comm_intr
000100a0   _comm_poll
0000eabc   _config
00014020   _copy_in
0000eb4c   _cpt1
000147e0   _enableInterrupts
00013c00   _exit
0000fd08   _faireCorrelation
0000f764   _faireFFT
0000f888   _faireMoyenne
0000eb8c   _fs
0000eb04   _hAIC23_handle
0000ec80   _hCodec
0000c9a8   _index
0000fb40   _initTraitementSignal
00010e5c   _init_ext_intr
000105b0   _input_left_sample
00010678   _input_right_sample
000104ac   _input_sample
0000eb90   _inputsource
0000eb94   _interrupt11Flag
0000eb98   _interrupt15Flag
0000eb1c   _interrupt4Flag
000125e0   _main
00011f40   _memcpy
00013600   _memset
0000eb0b   _message
0000eb0c   _message_treated
000102ec   _output_left_sample
000103cc   _output_right_sample
000101d0   _output_sample
0000eb0a   _sample
0000eb08   _sample16
000009a0   _twiddly
0000eba8   _valeur
00000020   _vector1
00000140   _vector10
00000180   _vector12
000001a0   _vector13
00000040   _vector2
00000060   _vector3
000000a0   _vector5
000000c0   _vector6
000000e0   _vector7
00000100   _vector8
00000120   _vector9
00000000   _vectors
ffffffff   binit
00014ba0   cinit
00000220   end
00014ba0   etext
ffffffff   pinit


GLOBAL SYMBOLS: SORTED BY Symbol Address 

address    name
--------   ----
00000000   _vectors
00000001   __TI_args_main
00000020   _vector1
00000040   _vector2
00000060   _vector3
000000a0   _vector5
000000c0   _vector6
000000e0   _vector7
00000100   _vector8
00000120   _vector9
00000140   _vector10
00000180   _vector12
000001a0   _vector13
00000220   $bss
00000220   .bss
00000220   _SweepSamples
00000220   ___bss__
00000220   ___end__
00000220   end
000009a0   _twiddly
00001000   __STACK_SIZE
000029a0   _SeuilDetect
000029a4   _ResCorr
000029a8   _TabAcq
000069a8   _TabMoyenne
000079a8   _TabSmooth
000089a8   _TabCorr0
00008da8   _TabCorr1
000091a8   _TabCorr2
000095a8   _TabCorr3
000099a8   _TabCorr4
00009da8   _TabCorr5
0000a1a8   _TabCorr6
0000a5a8   _TabCorr7
0000a9a8   _TabCorr8
0000ada8   _TabCorr9
0000b1a8   _TabCorr10
0000b5a8   _TabCorr11
0000b9a8   _TabCorr12
0000bda8   _TabCorr13
0000c1a8   _TabCorr14
0000c5a8   _TabCorr15
0000c9a8   _index
0000e9ac   _NoEch
0000e9ba   _DSK6713_version
0000e9e4   __IRQ_eventTable
0000ea68   __IRQ_intTable
0000eaa8   __IRQ_dispatchTable
0000eab8   _AIC_data
0000eabc   _config
0000eae4   _AIC23CfgData
0000eb04   _hAIC23_handle
0000eb08   _sample16
0000eb0a   _sample
0000eb0b   _message
0000eb0c   _message_treated
0000eb10   _UnDrapeau
0000eb14   _Record
0000eb18   _Timer_Record
0000eb1c   _interrupt4Flag
0000eb20   _My_McBSP
0000eb24   _My_GPIO
0000eb28   _MySpiHandle
0000eb2c   _MCBSP_SPI_Config
0000eb4c   _cpt1
0000eb80   __MCBSP_hDev0
0000eb84   __MCBSP_hDev1
0000eb88   _Timer1sec
0000eb8c   _fs
0000eb90   _inputsource
0000eb94   _interrupt11Flag
0000eb98   _interrupt15Flag
0000eb9c   _NoSignalEnr
0000eba0   _AcquisitionEnCours
0000eba4   _CharIn
0000eba8   _valeur
0000ec10   __GPIO_intTable
0000ec24   __hGpioDev0
0000ec28   __TIMER_deviceTable
0000ec40   __TIMER_hDev0
0000ec44   __TIMER_hDev1
0000ec48   __TIMER_hBios
0000ec6c   __cleanup_ptr
0000ec70   __dtors_ptr
0000ec74   ___TI_enable_exit_profile_output
0000ec78   _DSK6713_AIC23_codeccontrolhandle
0000ec7c   _DSK6713_AIC23_codecdatahandle
0000ec80   _hCodec
0000eca0   .text
0000eca0   _Acquisition
0000eca0   ___text__
0000ed98   _SweepGeneration
0000ee94   _Traitement1
0000ef24   _Traitement2
0000f764   _faireFFT
0000f888   _faireMoyenne
0000f984   _Smooth
0000fb40   _initTraitementSignal
0000fd08   _faireCorrelation
000100a0   _comm_poll
000100d4   _CODEC_start
000101a0   _CODEC_stop
000101d0   _output_sample
000102ec   _output_left_sample
000103cc   _output_right_sample
000104ac   _input_sample
000105b0   _input_left_sample
00010678   _input_right_sample
00010740   _comm_intr
000108c8   _SPI_config
00010ba4   _MCBSP_SPI_init
00010ca0   _SPI_WRITE_DATA
00010d84   _SPI_READ_DATA
00010e5c   _init_ext_intr
00011060   _DSPF_sp_cfftr2_dit
0001158c   _DSK6713_init
000118a8   _DSK6713_rget
000118bc   _DSK6713_rset
000118d0   _DSK6713_wait
00011928   _DSK6713_waitusec
00011954   _DSK6713_getVersion
000119c0   _DSK6713_AIC23_openCodec
00011ce0   _DSPF_sp_bitrev_cplx
00011f40   _memcpy
00012180   _bitrev_index
000123c0   __CSL_init
000125e0   _main
00012724   _Demo_Corr
000127e0   _IRQ_map
00012b60   _MCBSP_reset
00012d00   _DSK6713_LED_init
00012d28   _DSK6713_LED_off
00012d84   _DSK6713_LED_on
00012de0   _DSK6713_LED_toggle
00012ea0   _DSK6713_AIC23_rset
00012f3c   _DSK6713_AIC23_rget
00012f60   _DSK6713_AIC23_config
00013000   _TIMER_open
00013140   __c6xabi_strasgi
00013140   __strasgi
00013280   _c_int4
000133c0   _TIMER_reset
000134e0   __c6xabi_divi
000134e0   __divi
00013600   _memset
00013720   _DSK6713_Config
00013764   _AIC23_Config
00013798   _Timer1_ConfigStart
000137e4   _Timer1_ResetStart
00013820   _MCBSP_open
00013920   _MCBSP_start
00013a20   __auto_init
00013b20   __strasg
00013c00   _exit
00013ce0   _DSK6713_AIC23_outGain
00013dc0   _c_int11
00013e50   _c_int15
00013ea0   _GPIO_open
00013f60   _GPIO_reset
00014020   _copy_in
000140e0   _DSK6713_AIC23_setFreq
000141a0   _Corrx_asm
00014240   _GPIO_intPolarity
000142e0   _MCBSP_close
00014380   _MCBSP_config
00014420   __IRQ_init
00014560   _Corr_asm
000145e0   ___TI_cpp_init
00014660   _c_int00
000146e0   _DSK6713_AIC23_closeCodec
00014760   _DSK6713_DIP_init
00014768   _DSK6713_DIP_get
000147e0   _enableInterrupts
00014860   _GPIO_pinDirection
000148c0   _GPIO_pinEnable
00014900   _IRQ_enable
00014940   _IRQ_reset
00014980   __args_main
000149e0   _CSL6713_LIB_
00014a00   _IRQ_clear
00014a20   _IRQ_globalDisable
00014a40   _IRQ_globalEnable
00014a60   _IRQ_nmiEnable
00014a80   _IRQ_set
00014aa0   _IRQ_setVecs
00014ac0   _MCBSP_getXmtEventId
00014ae0   _MCBSP_read
00014b00   _MCBSP_rrdy
00014b20   _MCBSP_write
00014b40   _MCBSP_xrdy
00014b60   C$$EXIT
00014b60   _abort
00014b80   __IRQ_hookFetchPacket
00014ba0   ___cinit__
00014ba0   ___etext__
00014ba0   cinit
00014ba0   etext
000177d0   __stack
000187d0   __STACK_END
ffffffff   ___TI_pprof_out_hndl
ffffffff   ___TI_prof_data_size
ffffffff   ___TI_prof_data_start
ffffffff   ___binit__
ffffffff   ___c_args__
ffffffff   ___pinit__
ffffffff   binit
ffffffff   pinit

[207 symbols]
