******************************************************************************
               TMS320C6x Linker PC v7.4.20                     
******************************************************************************
>> Linked Fri Apr 14 17:26:16 2017

OUTPUT FILE NAME:   <Projet_S5_P1v1.out>
ENTRY POINT SYMBOL: "_c_int00"  address: 00013f80


MEMORY CONFIGURATION

         name            origin    length      used     unused   attr    fill
----------------------  --------  ---------  --------  --------  ----  --------
  IVECS                 00000000   00000220  00000200  00000020  RWIX
  IRAM                  00000220   0002fde0  00017fa6  00017e3a  RWIX
  SDRAM                 80000000   01000000  00000000  01000000  RWIX
  FLASH                 90000000   00020000  00000000  00020000  RWIX


SECTION ALLOCATION MAP

 output                                  attributes/
section   page    origin      length       input sections
--------  ----  ----------  ----------   ----------------
.vectors   0    00000000    00000200     
                  00000000    00000200     Vectors_intr.obj (.vectors)

.bss       0    00000220    00000000     UNINITIALIZED

.far       0    00000220    0000ea5e     UNINITIALIZED
                  00000220    0000e796     TraitementSignal.obj (.far)
                  0000e9b6    00000002     dsk6713bsl.lib : dsk6713.obj (.far)
                  0000e9b8    000000f4     csl6713.lib : csl_irq.obj (.far)
                  0000eaac    00000058     C6713Helper_UdeS.obj (.far)
                  0000eb04    00000048     SPI_driver.obj (.far)
                  0000eb4c    00000038     csl6713.lib : csl_mcbsp.obj (.far)
                  0000eb84    00000028                 : csl.obj (.far)
                  0000ebac    00000028     dsk6713bsl.lib : dsk6713_aic23_registers.obj (.far)
                  0000ebd4    00000028     main.obj (.far)
                  0000ebfc    00000024     csl6713.lib : csl_gpio.obj (.far)
                  0000ec20    00000024                 : csl_timer.obj (.far)
                  0000ec44    00000020     dsk6713bsl.lib : dsk6713_aic23_setfreq.obj (.far)
                  0000ec64    0000000c     rts6700.lib : exit.obj (.far)
                  0000ec70    00000008     dsk6713bsl.lib : dsk6713_aic23_opencodec.obj (.far)
                  0000ec78    00000004     Config.obj (.far)
                  0000ec7c    00000002     dsk6713bsl.lib : dsk6713_led.obj (.far)

.text      0    0000ec80    00005840     
                  0000ec80    00000b40     TraitementSignal.obj (.text)
                  0000f7c0    000007e0     C6713Helper_UdeS.obj (.text)
                  0000ffa0    000007e0     SPI_driver.obj (.text)
                  00010780    000004e0     dsp67x.lib : DSPF_sp_cfftr2_dit.obj (.text)
                  00010c60    00000480     dsk6713bsl.lib : dsk6713.obj (.text)
                  000110e0    00000360     CorrX.obj (.text)
                  00011440    00000320     dsk6713bsl.lib : dsk6713_aic23_opencodec.obj (.text)
                  00011760    00000260     dsp67x.lib : DSPF_sp_bitrev_cplx.obj (.text)
                  000119c0    00000260     main.obj (.text)
                  00011c20    00000240     rts6700.lib : memcpy62.obj (.text:_memcpy)
                  00011e60    00000240     bitrev_index.obj (.text)
                  000120a0    00000220     csl6713.lib : csl.obj (.text:__CSL_init)
                  000122c0    000001c0                 : csl_irq.obj (.text:_IRQ_map)
                  00012480    000001c0                 : csl_irq.obj (.text:_mux2Tables)
                  00012640    000001a0                 : csl_mcbsp.obj (.text:_MCBSP_reset)
                  000127e0    000001a0     dsk6713bsl.lib : dsk6713_led.obj (.text)
                  00012980    00000160                    : dsk6713_aic23_registers.obj (.text)
                  00012ae0    00000140     csl6713.lib : csl_timer.obj (.text:_TIMER_open)
                  00012c20    00000140     rts6700.lib : strasg.obj (.text:__strasgi)
                  00012d60    00000140     SPI_driver.obj (.text:retain)
                  00012ea0    00000120     csl6713.lib : csl_timer.obj (.text:_TIMER_reset)
                  00012fc0    00000120     rts6700.lib : divi.obj (.text:__divi)
                  000130e0    00000100     Config.obj (.text)
                  000131e0    00000100     csl6713.lib : csl_mcbsp.obj (.text:_MCBSP_open)
                  000132e0    00000100                 : csl_mcbsp.obj (.text:_MCBSP_start)
                  000133e0    00000100     rts6700.lib : autoinit.obj (.text:__auto_init)
                  000134e0    000000e0                 : strasg.obj (.text:__strasg)
                  000135c0    000000e0                 : exit.obj (.text:_exit)
                  000136a0    000000e0     dsk6713bsl.lib : dsk6713_aic23_outgain.obj (.text)
                  00013780    000000e0     main.obj (.text:retain)
                  00013860    000000c0     csl6713.lib : csl_gpio.obj (.text:_GPIO_open)
                  00013920    000000c0                 : csl_gpio.obj (.text:_GPIO_reset)
                  000139e0    000000c0     rts6700.lib : cpy_tbl.obj (.text:_copy_in)
                  00013aa0    000000c0     dsk6713bsl.lib : dsk6713_aic23_setfreq.obj (.text)
                  00013b60    000000a0     csl6713.lib : csl_gpio.obj (.text:_GPIO_intPolarity)
                  00013c00    000000a0                 : csl_mcbsp.obj (.text:_MCBSP_close)
                  00013ca0    000000a0                 : csl_mcbsp.obj (.text:_MCBSP_config)
                  00013d40    000000a0                 : csl_irq.obj (.text:__IRQ_init)
                  00013de0    000000a0                 : csl_irq.obj (.text:_setMux)
                  00013e80    00000080     CorrX.obj (.text)
                  00013f00    00000080     rts6700.lib : cpp_init.obj (.text:___TI_cpp_init)
                  00013f80    00000080                 : boot.obj (.text:_c_int00)
                  00014000    00000080     dsk6713bsl.lib : dsk6713_aic23_closecodec.obj (.text)
                  00014080    00000080                    : dsk6713_dip.obj (.text)
                  00014100    00000080     enableInterrupts.obj (.text)
                  00014180    00000060     csl6713.lib : csl_gpio.obj (.text:_GPIO_pinDirection)
                  000141e0    00000040                 : csl_gpio.obj (.text:_GPIO_pinEnable)
                  00014220    00000040                 : csl_irq.obj (.text:_IRQ_enable)
                  00014260    00000040                 : csl_irq.obj (.text:_IRQ_reset)
                  000142a0    00000040     rts6700.lib : args_main.obj (.text:__args_main)
                  000142e0    00000020     Vectors_intr.obj (.text)
                  00014300    00000020     csl6713.lib : csl.obj (.text:_CSL6713_LIB_)
                  00014320    00000020                 : csl_irq.obj (.text:_IRQ_clear)
                  00014340    00000020                 : csl_irq.obj (.text:_IRQ_globalDisable)
                  00014360    00000020                 : csl_irq.obj (.text:_IRQ_globalEnable)
                  00014380    00000020                 : csl_irq.obj (.text:_IRQ_nmiEnable)
                  000143a0    00000020                 : csl_irq.obj (.text:_IRQ_set)
                  000143c0    00000020                 : csl_irq.obj (.text:_IRQ_setVecs)
                  000143e0    00000020                 : csl_mcbsp.obj (.text:_MCBSP_getXmtEventId)
                  00014400    00000020                 : csl_mcbsp.obj (.text:_MCBSP_read)
                  00014420    00000020                 : csl_mcbsp.obj (.text:_MCBSP_rrdy)
                  00014440    00000020                 : csl_mcbsp.obj (.text:_MCBSP_write)
                  00014460    00000020                 : csl_mcbsp.obj (.text:_MCBSP_xrdy)
                  00014480    00000020     rts6700.lib : exit.obj (.text:_abort)
                  000144a0    00000020     csl6713.lib : csl_irq.obj (.text)

.cinit     0    000144c0    00002c0c     
                  000144c0    000027dc     TraitementSignal.obj (.cinit)
                  00016c9c    00000004     --HOLE-- [fill = 0]
                  00016ca0    0000012c     csl6713.lib : csl_irq.obj (.cinit)
                  00016dcc    00000004     --HOLE-- [fill = 0]
                  00016dd0    0000009c     main.obj (.cinit)
                  00016e6c    00000004     --HOLE-- [fill = 0]
                  00016e70    00000058     C6713Helper_UdeS.obj (.cinit)
                  00016ec8    00000054     csl6713.lib : csl_mcbsp.obj (.cinit)
                  00016f1c    00000004     --HOLE-- [fill = 0]
                  00016f20    0000004c                 : csl_timer.obj (.cinit)
                  00016f6c    00000004     --HOLE-- [fill = 0]
                  00016f70    00000044     SPI_driver.obj (.cinit)
                  00016fb4    00000004     --HOLE-- [fill = 0]
                  00016fb8    00000044     csl6713.lib : csl_gpio.obj (.cinit)
                  00016ffc    00000004     --HOLE-- [fill = 0]
                  00017000    0000003c                 : csl.obj (.cinit)
                  0001703c    00000004     --HOLE-- [fill = 0]
                  00017040    00000030     dsk6713bsl.lib : dsk6713_aic23_registers.obj (.cinit)
                  00017070    0000002c     rts6700.lib : exit.obj (.cinit)
                  0001709c    00000004     --HOLE-- [fill = 0]
                  000170a0    00000028     dsk6713bsl.lib : dsk6713_aic23_setfreq.obj (.cinit)
                  000170c8    00000004     --HOLE-- [fill = 0]

.stack     0    000170d0    00001000     UNINITIALIZED
                  000170d0    00000008     rts6700.lib : boot.obj (.stack)
                  000170d8    00000ff8     --HOLE--

.const     0    000180d0    000000a0     
                  000180d0    00000040     dsk6713bsl.lib : dsk6713_aic23_opencodec.obj (.const)
                  00018110    00000020     main.obj (.const:_$P$T0$1)
                  00018130    00000020     main.obj (.const:_$P$T1$2)
                  00018150    00000020     dsk6713bsl.lib : dsk6713.obj (.const)

.switch    0    00018170    0000005c     
                  00018170    0000005c     TraitementSignal.obj (.switch:_Traitement2)


GLOBAL SYMBOLS: SORTED ALPHABETICALLY BY Name 

address    name
--------   ----
00000220   $bss
00000220   .bss
0000ec80   .text
00014480   C$$EXIT
0000eae0   _AIC23CfgData
00013124   _AIC23_Config
0000eab4   _AIC_data
0000ec80   _Acquisition
0000ebec   _AcquisitionEnCours
0000f7f4   _CODEC_start
0000f8c0   _CODEC_stop
00014300   _CSL6713_LIB_
0000ebf0   _CharIn
00013e80   _Corrx_asm
000112d4   _Corrx_c
00014000   _DSK6713_AIC23_closeCodec
0000ec70   _DSK6713_AIC23_codeccontrolhandle
0000ec74   _DSK6713_AIC23_codecdatahandle
00012a40   _DSK6713_AIC23_config
00011440   _DSK6713_AIC23_openCodec
000136a0   _DSK6713_AIC23_outGain
00012a1c   _DSK6713_AIC23_rget
00012980   _DSK6713_AIC23_rset
00013aa0   _DSK6713_AIC23_setFreq
000130e0   _DSK6713_Config
00014088   _DSK6713_DIP_get
00014080   _DSK6713_DIP_init
000127e0   _DSK6713_LED_init
00012808   _DSK6713_LED_off
00012864   _DSK6713_LED_on
000128c0   _DSK6713_LED_toggle
00011074   _DSK6713_getVersion
00010cac   _DSK6713_init
00010fc8   _DSK6713_rget
00010fdc   _DSK6713_rset
0000e9b6   _DSK6713_version
00010ff0   _DSK6713_wait
00011048   _DSK6713_waitusec
00011760   _DSPF_sp_bitrev_cplx
00010780   _DSPF_sp_cfftr2_dit
00011b24   _Demo_Corr
00013b60   _GPIO_intPolarity
00013860   _GPIO_open
00014180   _GPIO_pinDirection
000141e0   _GPIO_pinEnable
00013920   _GPIO_reset
00014320   _IRQ_clear
00014220   _IRQ_enable
00014340   _IRQ_globalDisable
00014360   _IRQ_globalEnable
000122c0   _IRQ_map
00014380   _IRQ_nmiEnable
00014260   _IRQ_reset
000143a0   _IRQ_set
000143c0   _IRQ_setVecs
0000eb28   _MCBSP_SPI_Config
000102c4   _MCBSP_SPI_init
00013c00   _MCBSP_close
00013ca0   _MCBSP_config
000143e0   _MCBSP_getXmtEventId
000131e0   _MCBSP_open
00014400   _MCBSP_read
00012640   _MCBSP_reset
00014420   _MCBSP_rrdy
000132e0   _MCBSP_start
00014440   _MCBSP_write
00014460   _MCBSP_xrdy
0000eb24   _MySpiHandle
0000eb20   _My_GPIO
0000eb1c   _My_McBSP
0000e9a4   _NoEch
0000ebe8   _NoSignalEnr
0000eb10   _Record
000104a4   _SPI_READ_DATA
000103c0   _SPI_WRITE_DATA
0000ffe8   _SPI_config
0000f524   _Smooth
0000ed90   _SweepGeneration
00000220   _SweepSamples
00012ae0   _TIMER_open
00012ea0   _TIMER_reset
000029a0   _TabAcq
000089a0   _TabCorr
000069a0   _TabMoyenne
000079a0   _TabSmooth
00013158   _Timer1_ConfigStart
000131a4   _Timer1_ResetStart
0000ebd4   _Timer1sec
0000eb14   _Timer_Record
0000ee90   _Traitement1
0000ef20   _Traitement2
0000eb0c   _UnDrapeau
000120a0   __CSL_init
0000ec08   __GPIO_intTable
0000eaa4   __IRQ_dispatchTable
0000e9e0   __IRQ_eventTable
000144a0   __IRQ_hookFetchPacket
00013d40   __IRQ_init
0000ea64   __IRQ_intTable
0000eb7c   __MCBSP_hDev0
0000eb80   __MCBSP_hDev1
000180d0   __STACK_END
00001000   __STACK_SIZE
0000ec20   __TIMER_deviceTable
0000ec40   __TIMER_hBios
0000ec38   __TIMER_hDev0
0000ec3c   __TIMER_hDev1
00000001   __TI_args_main
00013f00   ___TI_cpp_init
0000ec6c   ___TI_enable_exit_profile_output
ffffffff   ___TI_pprof_out_hndl
ffffffff   ___TI_prof_data_size
ffffffff   ___TI_prof_data_start
ffffffff   ___binit__
00000220   ___bss__
ffffffff   ___c_args__
000144c0   ___cinit__
00000220   ___end__
000144c0   ___etext__
ffffffff   ___pinit__
0000ec80   ___text__
000142a0   __args_main
000133e0   __auto_init
00012fc0   __c6xabi_divi
00012c20   __c6xabi_strasgi
0000ec64   __cleanup_ptr
00012fc0   __divi
0000ec68   __dtors_ptr
0000ec1c   __hGpioDev0
000170d0   __stack
000134e0   __strasg
00012c20   __strasgi
00014480   _abort
00011e60   _bitrev_index
00013f80   _c_int00
00013780   _c_int11
00013810   _c_int15
00012d60   _c_int4
0000fe60   _comm_intr
0000f7c0   _comm_poll
0000eab8   _config
000139e0   _copy_in
0000eb48   _cpt1
00014100   _enableInterrupts
000135c0   _exit
0000f7a8   _faireCorrelation
0000f278   _faireDecimation
0000f2f8   _faireFFT
0000f428   _faireMoyenne
0000ebd8   _fs
0000eb00   _hAIC23_handle
0000ec78   _hCodec
0000c9a0   _index
0000f6e0   _initTraitementSignal
0001057c   _init_ext_intr
0000fcd0   _input_left_sample
0000fd98   _input_right_sample
0000fbcc   _input_sample
0000ebdc   _inputsource
0000ebe0   _interrupt11Flag
0000ebe4   _interrupt15Flag
0000eb18   _interrupt4Flag
000119c0   _main
00011c20   _memcpy
0000eb07   _message
0000eb08   _message_treated
0000fa0c   _output_left_sample
0000faec   _output_right_sample
0000f8f0   _output_sample
0000eb06   _sample
0000eb04   _sample16
000009a0   _twiddly
00000020   _vector1
00000140   _vector10
00000180   _vector12
000001a0   _vector13
00000040   _vector2
00000060   _vector3
000000a0   _vector5
000000c0   _vector6
000000e0   _vector7
00000100   _vector8
00000120   _vector9
00000000   _vectors
000110e0   _zero_P
ffffffff   binit
000144c0   cinit
00000220   end
000144c0   etext
ffffffff   pinit


GLOBAL SYMBOLS: SORTED BY Symbol Address 

address    name
--------   ----
00000000   _vectors
00000001   __TI_args_main
00000020   _vector1
00000040   _vector2
00000060   _vector3
000000a0   _vector5
000000c0   _vector6
000000e0   _vector7
00000100   _vector8
00000120   _vector9
00000140   _vector10
00000180   _vector12
000001a0   _vector13
00000220   $bss
00000220   .bss
00000220   _SweepSamples
00000220   ___bss__
00000220   ___end__
00000220   end
000009a0   _twiddly
00001000   __STACK_SIZE
000029a0   _TabAcq
000069a0   _TabMoyenne
000079a0   _TabSmooth
000089a0   _TabCorr
0000c9a0   _index
0000e9a4   _NoEch
0000e9b6   _DSK6713_version
0000e9e0   __IRQ_eventTable
0000ea64   __IRQ_intTable
0000eaa4   __IRQ_dispatchTable
0000eab4   _AIC_data
0000eab8   _config
0000eae0   _AIC23CfgData
0000eb00   _hAIC23_handle
0000eb04   _sample16
0000eb06   _sample
0000eb07   _message
0000eb08   _message_treated
0000eb0c   _UnDrapeau
0000eb10   _Record
0000eb14   _Timer_Record
0000eb18   _interrupt4Flag
0000eb1c   _My_McBSP
0000eb20   _My_GPIO
0000eb24   _MySpiHandle
0000eb28   _MCBSP_SPI_Config
0000eb48   _cpt1
0000eb7c   __MCBSP_hDev0
0000eb80   __MCBSP_hDev1
0000ebd4   _Timer1sec
0000ebd8   _fs
0000ebdc   _inputsource
0000ebe0   _interrupt11Flag
0000ebe4   _interrupt15Flag
0000ebe8   _NoSignalEnr
0000ebec   _AcquisitionEnCours
0000ebf0   _CharIn
0000ec08   __GPIO_intTable
0000ec1c   __hGpioDev0
0000ec20   __TIMER_deviceTable
0000ec38   __TIMER_hDev0
0000ec3c   __TIMER_hDev1
0000ec40   __TIMER_hBios
0000ec64   __cleanup_ptr
0000ec68   __dtors_ptr
0000ec6c   ___TI_enable_exit_profile_output
0000ec70   _DSK6713_AIC23_codeccontrolhandle
0000ec74   _DSK6713_AIC23_codecdatahandle
0000ec78   _hCodec
0000ec80   .text
0000ec80   _Acquisition
0000ec80   ___text__
0000ed90   _SweepGeneration
0000ee90   _Traitement1
0000ef20   _Traitement2
0000f278   _faireDecimation
0000f2f8   _faireFFT
0000f428   _faireMoyenne
0000f524   _Smooth
0000f6e0   _initTraitementSignal
0000f7a8   _faireCorrelation
0000f7c0   _comm_poll
0000f7f4   _CODEC_start
0000f8c0   _CODEC_stop
0000f8f0   _output_sample
0000fa0c   _output_left_sample
0000faec   _output_right_sample
0000fbcc   _input_sample
0000fcd0   _input_left_sample
0000fd98   _input_right_sample
0000fe60   _comm_intr
0000ffe8   _SPI_config
000102c4   _MCBSP_SPI_init
000103c0   _SPI_WRITE_DATA
000104a4   _SPI_READ_DATA
0001057c   _init_ext_intr
00010780   _DSPF_sp_cfftr2_dit
00010cac   _DSK6713_init
00010fc8   _DSK6713_rget
00010fdc   _DSK6713_rset
00010ff0   _DSK6713_wait
00011048   _DSK6713_waitusec
00011074   _DSK6713_getVersion
000110e0   _zero_P
000112d4   _Corrx_c
00011440   _DSK6713_AIC23_openCodec
00011760   _DSPF_sp_bitrev_cplx
000119c0   _main
00011b24   _Demo_Corr
00011c20   _memcpy
00011e60   _bitrev_index
000120a0   __CSL_init
000122c0   _IRQ_map
00012640   _MCBSP_reset
000127e0   _DSK6713_LED_init
00012808   _DSK6713_LED_off
00012864   _DSK6713_LED_on
000128c0   _DSK6713_LED_toggle
00012980   _DSK6713_AIC23_rset
00012a1c   _DSK6713_AIC23_rget
00012a40   _DSK6713_AIC23_config
00012ae0   _TIMER_open
00012c20   __c6xabi_strasgi
00012c20   __strasgi
00012d60   _c_int4
00012ea0   _TIMER_reset
00012fc0   __c6xabi_divi
00012fc0   __divi
000130e0   _DSK6713_Config
00013124   _AIC23_Config
00013158   _Timer1_ConfigStart
000131a4   _Timer1_ResetStart
000131e0   _MCBSP_open
000132e0   _MCBSP_start
000133e0   __auto_init
000134e0   __strasg
000135c0   _exit
000136a0   _DSK6713_AIC23_outGain
00013780   _c_int11
00013810   _c_int15
00013860   _GPIO_open
00013920   _GPIO_reset
000139e0   _copy_in
00013aa0   _DSK6713_AIC23_setFreq
00013b60   _GPIO_intPolarity
00013c00   _MCBSP_close
00013ca0   _MCBSP_config
00013d40   __IRQ_init
00013e80   _Corrx_asm
00013f00   ___TI_cpp_init
00013f80   _c_int00
00014000   _DSK6713_AIC23_closeCodec
00014080   _DSK6713_DIP_init
00014088   _DSK6713_DIP_get
00014100   _enableInterrupts
00014180   _GPIO_pinDirection
000141e0   _GPIO_pinEnable
00014220   _IRQ_enable
00014260   _IRQ_reset
000142a0   __args_main
00014300   _CSL6713_LIB_
00014320   _IRQ_clear
00014340   _IRQ_globalDisable
00014360   _IRQ_globalEnable
00014380   _IRQ_nmiEnable
000143a0   _IRQ_set
000143c0   _IRQ_setVecs
000143e0   _MCBSP_getXmtEventId
00014400   _MCBSP_read
00014420   _MCBSP_rrdy
00014440   _MCBSP_write
00014460   _MCBSP_xrdy
00014480   C$$EXIT
00014480   _abort
000144a0   __IRQ_hookFetchPacket
000144c0   ___cinit__
000144c0   ___etext__
000144c0   cinit
000144c0   etext
000170d0   __stack
000180d0   __STACK_END
ffffffff   ___TI_pprof_out_hndl
ffffffff   ___TI_prof_data_size
ffffffff   ___TI_prof_data_start
ffffffff   ___binit__
ffffffff   ___c_args__
ffffffff   ___pinit__
ffffffff   binit
ffffffff   pinit

[190 symbols]
